Component: ARM Compiler 5.06 update 6 (build 750) Tool: armlink [4d35ed]

==============================================================================

Section Cross References

    startup_stm32h723xx.o(RESET) refers to startup_stm32h723xx.o(STACK) for __initial_sp
    startup_stm32h723xx.o(RESET) refers to startup_stm32h723xx.o(.text) for Reset_Handler
    startup_stm32h723xx.o(RESET) refers to stm32h7xx_it.o(i.NMI_Handler) for NMI_Handler
    startup_stm32h723xx.o(RESET) refers to stm32h7xx_it.o(i.HardFault_Handler) for HardFault_Handler
    startup_stm32h723xx.o(RESET) refers to stm32h7xx_it.o(i.MemManage_Handler) for MemManage_Handler
    startup_stm32h723xx.o(RESET) refers to stm32h7xx_it.o(i.BusFault_Handler) for BusFault_Handler
    startup_stm32h723xx.o(RESET) refers to stm32h7xx_it.o(i.UsageFault_Handler) for UsageFault_Handler
    startup_stm32h723xx.o(RESET) refers to port.o(.emb_text) for SVC_Handler
    startup_stm32h723xx.o(RESET) refers to stm32h7xx_it.o(i.DebugMon_Handler) for DebugMon_Handler
    startup_stm32h723xx.o(RESET) refers to port.o(i.SysTick_Handler) for SysTick_Handler
    startup_stm32h723xx.o(RESET) refers to stm32h7xx_it.o(i.DMA1_Stream0_IRQHandler) for DMA1_Stream0_IRQHandler
    startup_stm32h723xx.o(RESET) refers to stm32h7xx_it.o(i.DMA1_Stream1_IRQHandler) for DMA1_Stream1_IRQHandler
    startup_stm32h723xx.o(RESET) refers to stm32h7xx_it.o(i.DMA1_Stream2_IRQHandler) for DMA1_Stream2_IRQHandler
    startup_stm32h723xx.o(RESET) refers to stm32h7xx_it.o(i.DMA1_Stream3_IRQHandler) for DMA1_Stream3_IRQHandler
    startup_stm32h723xx.o(RESET) refers to stm32h7xx_it.o(i.DMA1_Stream4_IRQHandler) for DMA1_Stream4_IRQHandler
    startup_stm32h723xx.o(RESET) refers to stm32h7xx_it.o(i.FDCAN1_IT0_IRQHandler) for FDCAN1_IT0_IRQHandler
    startup_stm32h723xx.o(RESET) refers to stm32h7xx_it.o(i.FDCAN2_IT0_IRQHandler) for FDCAN2_IT0_IRQHandler
    startup_stm32h723xx.o(RESET) refers to stm32h7xx_it.o(i.TIM2_IRQHandler) for TIM2_IRQHandler
    startup_stm32h723xx.o(RESET) refers to stm32h7xx_it.o(i.SPI2_IRQHandler) for SPI2_IRQHandler
    startup_stm32h723xx.o(RESET) refers to stm32h7xx_it.o(i.OTG_HS_IRQHandler) for OTG_HS_IRQHandler
    startup_stm32h723xx.o(.text) refers to system_stm32h7xx.o(i.SystemInit) for SystemInit
    startup_stm32h723xx.o(.text) refers to entry.o(.ARM.Collect$$$$00000000) for __main
    main.o(i.HAL_TIM_PeriodElapsedCallback) refers to stm32h7xx_hal.o(i.HAL_IncTick) for HAL_IncTick
    main.o(i.PeriphCommonClock_Config) refers to memseta.o(.text) for __aeabi_memclr4
    main.o(i.PeriphCommonClock_Config) refers to stm32h7xx_hal_rcc_ex.o(i.HAL_RCCEx_PeriphCLKConfig) for HAL_RCCEx_PeriphCLKConfig
    main.o(i.PeriphCommonClock_Config) refers to main.o(i.Error_Handler) for Error_Handler
    main.o(i.SystemClock_Config) refers to memseta.o(.text) for __aeabi_memclr4
    main.o(i.SystemClock_Config) refers to stm32h7xx_hal_pwr_ex.o(i.HAL_PWREx_ConfigSupply) for HAL_PWREx_ConfigSupply
    main.o(i.SystemClock_Config) refers to stm32h7xx_hal_rcc.o(i.HAL_RCC_OscConfig) for HAL_RCC_OscConfig
    main.o(i.SystemClock_Config) refers to main.o(i.Error_Handler) for Error_Handler
    main.o(i.SystemClock_Config) refers to stm32h7xx_hal_rcc.o(i.HAL_RCC_ClockConfig) for HAL_RCC_ClockConfig
    main.o(i.main) refers to stm32h7xx_hal.o(i.HAL_Init) for HAL_Init
    main.o(i.main) refers to main.o(i.SystemClock_Config) for SystemClock_Config
    main.o(i.main) refers to main.o(i.PeriphCommonClock_Config) for PeriphCommonClock_Config
    main.o(i.main) refers to gpio.o(i.MX_GPIO_Init) for MX_GPIO_Init
    main.o(i.main) refers to dma.o(i.MX_DMA_Init) for MX_DMA_Init
    main.o(i.main) refers to usart.o(i.MX_USART1_UART_Init) for MX_USART1_UART_Init
    main.o(i.main) refers to usart.o(i.MX_UART7_Init) for MX_UART7_Init
    main.o(i.main) refers to usart.o(i.MX_USART10_UART_Init) for MX_USART10_UART_Init
    main.o(i.main) refers to fdcan.o(i.MX_FDCAN1_Init) for MX_FDCAN1_Init
    main.o(i.main) refers to fdcan.o(i.MX_FDCAN2_Init) for MX_FDCAN2_Init
    main.o(i.main) refers to spi.o(i.MX_SPI2_Init) for MX_SPI2_Init
    main.o(i.main) refers to spi.o(i.MX_SPI6_Init) for MX_SPI6_Init
    main.o(i.main) refers to tim.o(i.MX_TIM3_Init) for MX_TIM3_Init
    main.o(i.main) refers to stm32h7xx_hal_gpio.o(i.HAL_GPIO_WritePin) for HAL_GPIO_WritePin
    main.o(i.main) refers to stm32h7xx_hal.o(i.HAL_Delay) for HAL_Delay
    main.o(i.main) refers to can_bsp.o(i.FDCAN1_Config) for FDCAN1_Config
    main.o(i.main) refers to can_bsp.o(i.FDCAN2_Config) for FDCAN2_Config
    main.o(i.main) refers to freertos.o(i.MX_FREERTOS_Init) for MX_FREERTOS_Init
    main.o(i.main) refers to cmsis_os.o(i.osKernelStart) for osKernelStart
    gpio.o(i.MX_GPIO_Init) refers to memseta.o(.text) for __aeabi_memclr4
    gpio.o(i.MX_GPIO_Init) refers to stm32h7xx_hal_gpio.o(i.HAL_GPIO_WritePin) for HAL_GPIO_WritePin
    gpio.o(i.MX_GPIO_Init) refers to stm32h7xx_hal_gpio.o(i.HAL_GPIO_Init) for HAL_GPIO_Init
[...]
    RTC_WKUP_IRQHandler                      0x080003bb   Thumb Code     0  startup_stm32h723xx.o(.text)
    SAI1_IRQHandler                          0x080003bb   Thumb Code     0  startup_stm32h723xx.o(.text)
    SAI4_IRQHandler                          0x080003bb   Thumb Code     0  startup_stm32h723xx.o(.text)
    SDMMC1_IRQHandler                        0x080003bb   Thumb Code     0  startup_stm32h723xx.o(.text)
    SDMMC2_IRQHandler                        0x080003bb   Thumb Code     0  startup_stm32h723xx.o(.text)
    SPDIF_RX_IRQHandler                      0x080003bb   Thumb Code     0  startup_stm32h723xx.o(.text)
    SPI1_IRQHandler                          0x080003bb   Thumb Code     0  startup_stm32h723xx.o(.text)
    SPI3_IRQHandler                          0x080003bb   Thumb Code     0  startup_stm32h723xx.o(.text)
    SPI4_IRQHandler                          0x080003bb   Thumb Code     0  startup_stm32h723xx.o(.text)
    SPI5_IRQHandler                          0x080003bb   Thumb Code     0  startup_stm32h723xx.o(.text)
    SPI6_IRQHandler                          0x080003bb   Thumb Code     0  startup_stm32h723xx.o(.text)
    SWPMI1_IRQHandler                        0x080003bb   Thumb Code     0  startup_stm32h723xx.o(.text)
    TAMP_STAMP_IRQHandler                    0x080003bb   Thumb Code     0  startup_stm32h723xx.o(.text)
    TIM15_IRQHandler                         0x080003bb   Thumb Code     0  startup_stm32h723xx.o(.text)
    TIM16_IRQHandler                         0x080003bb   Thumb Code     0  startup_stm32h723xx.o(.text)
    TIM17_IRQHandler                         0x080003bb   Thumb Code     0  startup_stm32h723xx.o(.text)
    TIM1_BRK_IRQHandler                      0x080003bb   Thumb Code     0  startup_stm32h723xx.o(.text)
    TIM1_CC_IRQHandler                       0x080003bb   Thumb Code     0  startup_stm32h723xx.o(.text)
    TIM1_TRG_COM_IRQHandler                  0x080003bb   Thumb Code     0  startup_stm32h723xx.o(.text)
    TIM1_UP_IRQHandler                       0x080003bb   Thumb Code     0  startup_stm32h723xx.o(.text)
    TIM23_IRQHandler                         0x080003bb   Thumb Code     0  startup_stm32h723xx.o(.text)
    TIM24_IRQHandler                         0x080003bb   Thumb Code     0  startup_stm32h723xx.o(.text)
    TIM3_IRQHandler                          0x080003bb   Thumb Code     0  startup_stm32h723xx.o(.text)
    TIM4_IRQHandler                          0x080003bb   Thumb Code     0  startup_stm32h723xx.o(.text)
    TIM5_IRQHandler                          0x080003bb   Thumb Code     0  startup_stm32h723xx.o(.text)
    TIM6_DAC_IRQHandler                      0x080003bb   Thumb Code     0  startup_stm32h723xx.o(.text)
    TIM7_IRQHandler                          0x080003bb   Thumb Code     0  startup_stm32h723xx.o(.text)
    TIM8_BRK_TIM12_IRQHandler                0x080003bb   Thumb Code     0  startup_stm32h723xx.o(.text)
    TIM8_CC_IRQHandler                       0x080003bb   Thumb Code     0  startup_stm32h723xx.o(.text)
    TIM8_TRG_COM_TIM14_IRQHandler            0x080003bb   Thumb Code     0  startup_stm32h723xx.o(.text)
    TIM8_UP_TIM13_IRQHandler                 0x080003bb   Thumb Code     0  startup_stm32h723xx.o(.text)
    UART4_IRQHandler                         0x080003bb   Thumb Code     0  startup_stm32h723xx.o(.text)
    UART5_IRQHandler                         0x080003bb   Thumb Code     0  startup_stm32h723xx.o(.text)
    UART7_IRQHandler                         0x080003bb   Thumb Code     0  startup_stm32h723xx.o(.text)
    UART8_IRQHandler                         0x080003bb   Thumb Code     0  startup_stm32h723xx.o(.text)
    UART9_IRQHandler                         0x080003bb   Thumb Code     0  startup_stm32h723xx.o(.text)
    USART10_IRQHandler                       0x080003bb   Thumb Code     0  startup_stm32h723xx.o(.text)
    USART1_IRQHandler                        0x080003bb   Thumb Code     0  startup_stm32h723xx.o(.text)
    USART2_IRQHandler                        0x080003bb   Thumb Code     0  startup_stm32h723xx.o(.text)
    USART3_IRQHandler                        0x080003bb   Thumb Code     0  startup_stm32h723xx.o(.text)
    USART6_IRQHandler                        0x080003bb   Thumb Code     0  startup_stm32h723xx.o(.text)
    WAKEUP_PIN_IRQHandler                    0x080003bb   Thumb Code     0  startup_stm32h723xx.o(.text)
    WWDG_IRQHandler                          0x080003bb   Thumb Code     0  startup_stm32h723xx.o(.text)
    __aeabi_uldivmod                         0x080003c5   Thumb Code    98  uldiv.o(.text)
    __aeabi_memcpy                           0x08000427   Thumb Code    36  memcpya.o(.text)
    __aeabi_memcpy4                          0x08000427   Thumb Code     0  memcpya.o(.text)
    __aeabi_memcpy8                          0x08000427   Thumb Code     0  memcpya.o(.text)
    __aeabi_memset                           0x0800044b   Thumb Code    14  memseta.o(.text)
    __aeabi_memset4                          0x0800044b   Thumb Code     0  memseta.o(.text)
    __aeabi_memset8                          0x0800044b   Thumb Code     0  memseta.o(.text)
    __aeabi_memclr                           0x08000459   Thumb Code     4  memseta.o(.text)
    __aeabi_memclr4                          0x08000459   Thumb Code     0  memseta.o(.text)
    __aeabi_memclr8                          0x08000459   Thumb Code     0  memseta.o(.text)
    memset                                   0x0800045d   Thumb Code    18  memseta.o(.text)
    __aeabi_llsl                             0x0800046f   Thumb Code    30  llshl.o(.text)
    _ll_shift_l                              0x0800046f   Thumb Code     0  llshl.o(.text)
    __aeabi_llsr                             0x0800048d   Thumb Code    32  llushr.o(.text)
    _ll_ushift_r                             0x0800048d   Thumb Code     0  llushr.o(.text)
    __scatterload                            0x080004ad   Thumb Code    28  init.o(.text)
    __scatterload_rt2                        0x080004ad   Thumb Code     0  init.o(.text)
    __decompress                             0x080004d1   Thumb Code     0  __dczerorl2.o(.text)
    __decompress1                            0x080004d1   Thumb Code    86  __dczerorl2.o(.text)
    BusFault_Handler                         0x08000527   Thumb Code     4  stm32h7xx_it.o(i.BusFault_Handler)
    DMA1_Stream0_IRQHandler                  0x080005c1   Thumb Code    10  stm32h7xx_it.o(i.DMA1_Stream0_IRQHandler)
    DMA1_Stream1_IRQHandler                  0x080005d1   Thumb Code    10  stm32h7xx_it.o(i.DMA1_Stream1_IRQHandler)
    DMA1_Stream2_IRQHandler                  0x080005e1   Thumb Code    10  stm32h7xx_it.o(i.DMA1_Stream2_IRQHandler)
    DMA1_Stream3_IRQHandler                  0x080005f1   Thumb Code    10  stm32h7xx_it.o(i.DMA1_Stream3_IRQHandler)
    DMA1_Stream4_IRQHandler                  0x08000601   Thumb Code    10  stm32h7xx_it.o(i.DMA1_Stream4_IRQHandler)
    DebugMon_Handler                         0x08000907   Thumb Code     2  stm32h7xx_it.o(i.DebugMon_Handler)
    Error_Handler                            0x08000909   Thumb Code     6  main.o(i.Error_Handler)
    FDCAN1_Config                            0x08000911   Thumb Code    92  can_bsp.o(i.FDCAN1_Config)
    FDCAN1_IT0_IRQHandler                    0x08000971   Thumb Code    10  stm32h7xx_it.o(i.FDCAN1_IT0_IRQHandler)
    FDCAN2_Config                            0x08000981   Thumb Code    92  can_bsp.o(i.FDCAN2_Config)
    FDCAN2_IT0_IRQHandler                    0x080009e1   Thumb Code    10  stm32h7xx_it.o(i.FDCAN2_IT0_IRQHandler)
    HAL_DMA_Abort_IT                         0x08000d15   Thumb Code   906  stm32h7xx_hal_dma.o(i.HAL_DMA_Abort_IT)
    HAL_DMA_IRQHandler                       0x080010ad   Thumb Code  2798  stm32h7xx_hal_dma.o(i.HAL_DMA_IRQHandler)
    HAL_DMA_Init                             0x08001ba5   Thumb Code  1292  stm32h7xx_hal_dma.o(i.HAL_DMA_Init)
    HAL_Delay                                0x080020b9   Thumb Code    36  stm32h7xx_hal.o(i.HAL_Delay)
    HAL_FDCAN_ActivateNotification           0x080020e1   Thumb Code   158  stm32h7xx_hal_fdcan.o(i.HAL_FDCAN_ActivateNotification)
    HAL_FDCAN_AddMessageToTxFifoQ            0x08002189   Thumb Code   144  stm32h7xx_hal_fdcan.o(i.HAL_FDCAN_AddMessageToTxFifoQ)
    HAL_FDCAN_ClockCalibrationCallback       0x08002219   Thumb Code     2  stm32h7xx_hal_fdcan.o(i.HAL_FDCAN_ClockCalibrationCallback)
    HAL_FDCAN_ConfigFilter                   0x0800221b   Thumb Code   168  stm32h7xx_hal_fdcan.o(i.HAL_FDCAN_ConfigFilter)
    HAL_FDCAN_ConfigGlobalFilter             0x080022c3   Thumb Code    52  stm32h7xx_hal_fdcan.o(i.HAL_FDCAN_ConfigGlobalFilter)
    HAL_FDCAN_ErrorCallback                  0x080022f7   Thumb Code     2  stm32h7xx_hal_fdcan.o(i.HAL_FDCAN_ErrorCallback)
    HAL_FDCAN_ErrorStatusCallback            0x080022f9   Thumb Code     2  stm32h7xx_hal_fdcan.o(i.HAL_FDCAN_ErrorStatusCallback)
    HAL_FDCAN_GetRxMessage                   0x080022fd   Thumb Code   494  stm32h7xx_hal_fdcan.o(i.HAL_FDCAN_GetRxMessage)
    HAL_FDCAN_HighPriorityMessageCallback    0x080024f1   Thumb Code     2  stm32h7xx_hal_fdcan.o(i.HAL_FDCAN_HighPriorityMessageCallback)
    HAL_FDCAN_IRQHandler                     0x080024f5   Thumb Code   966  stm32h7xx_hal_fdcan.o(i.HAL_FDCAN_IRQHandler)
    HAL_FDCAN_Init                           0x080028c9   Thumb Code   726  stm32h7xx_hal_fdcan.o(i.HAL_FDCAN_Init)
    HAL_FDCAN_MspInit                        0x08002ba9   Thumb Code   276  fdcan.o(i.HAL_FDCAN_MspInit)
    HAL_FDCAN_RxBufferNewMessageCallback     0x08002cd5   Thumb Code     2  stm32h7xx_hal_fdcan.o(i.HAL_FDCAN_RxBufferNewMessageCallback)
    HAL_FDCAN_RxFifo0Callback                0x08002cd9   Thumb Code    68  can_bsp.o(i.HAL_FDCAN_RxFifo0Callback)
    HAL_FDCAN_RxFifo1Callback                0x08002d2d   Thumb Code    48  can_bsp.o(i.HAL_FDCAN_RxFifo1Callback)
    HAL_FDCAN_Start                          0x08002d69   Thumb Code    52  stm32h7xx_hal_fdcan.o(i.HAL_FDCAN_Start)
    HAL_FDCAN_TT_GlobalTimeCallback          0x08002d9d   Thumb Code     2  stm32h7xx_hal_fdcan.o(i.HAL_FDCAN_TT_GlobalTimeCallback)
    HAL_FDCAN_TT_ScheduleSyncCallback        0x08002d9f   Thumb Code     2  stm32h7xx_hal_fdcan.o(i.HAL_FDCAN_TT_ScheduleSyncCallback)
    HAL_FDCAN_TT_StopWatchCallback           0x08002da1   Thumb Code     2  stm32h7xx_hal_fdcan.o(i.HAL_FDCAN_TT_StopWatchCallback)
    HAL_FDCAN_TT_TimeMarkCallback            0x08002da3   Thumb Code     2  stm32h7xx_hal_fdcan.o(i.HAL_FDCAN_TT_TimeMarkCallback)
    HAL_FDCAN_TimeoutOccurredCallback        0x08002da5   Thumb Code     2  stm32h7xx_hal_fdcan.o(i.HAL_FDCAN_TimeoutOccurredCallback)
    HAL_FDCAN_TimestampWraparoundCallback    0x08002da7   Thumb Code     2  stm32h7xx_hal_fdcan.o(i.HAL_FDCAN_TimestampWraparoundCallback)
    HAL_FDCAN_TxBufferAbortCallback          0x08002da9   Thumb Code     2  stm32h7xx_hal_fdcan.o(i.HAL_FDCAN_TxBufferAbortCallback)
    HAL_FDCAN_TxBufferCompleteCallback       0x08002dab   Thumb Code     2  stm32h7xx_hal_fdcan.o(i.HAL_FDCAN_TxBufferCompleteCallback)
    HAL_FDCAN_TxEventFifoCallback            0x08002dad   Thumb Code     2  stm32h7xx_hal_fdcan.o(i.HAL_FDCAN_TxEventFifoCallback)
    HAL_FDCAN_TxFifoEmptyCallback            0x08002daf   Thumb Code     2  stm32h7xx_hal_fdcan.o(i.HAL_FDCAN_TxFifoEmptyCallback)
    HAL_GPIO_Init                            0x08002db1   Thumb Code   446  stm32h7xx_hal_gpio.o(i.HAL_GPIO_Init)
    HAL_GPIO_WritePin                        0x08002fa1   Thumb Code    12  stm32h7xx_hal_gpio.o(i.HAL_GPIO_WritePin)
    HAL_GetTick                              0x08002fad   Thumb Code     6  stm32h7xx_hal.o(i.HAL_GetTick)
    HAL_IncTick                              0x08002fb9   Thumb Code    16  stm32h7xx_hal.o(i.HAL_IncTick)
    HAL_Init                                 0x08002fd1   Thumb Code    80  stm32h7xx_hal.o(i.HAL_Init)
    HAL_InitTick                             0x08003031   Thumb Code   142  stm32h7xx_hal_timebase_tim.o(i.HAL_InitTick)
    HAL_MspInit                              0x080030d1   Thumb Code    42  stm32h7xx_hal_msp.o(i.HAL_MspInit)
    HAL_NVIC_EnableIRQ                       0x08003101   Thumb Code    40  stm32h7xx_hal_cortex.o(i.HAL_NVIC_EnableIRQ)
    HAL_NVIC_SetPriority                     0x08003129   Thumb Code   122  stm32h7xx_hal_cortex.o(i.HAL_NVIC_SetPriority)
    HAL_NVIC_SetPriorityGrouping             0x080031a5   Thumb Code    32  stm32h7xx_hal_cortex.o(i.HAL_NVIC_SetPriorityGrouping)
    HAL_PCDEx_ActivateLPM                    0x080031cd   Thumb Code    36  stm32h7xx_hal_pcd_ex.o(i.HAL_PCDEx_ActivateLPM)
    HAL_PCDEx_LPM_Callback                   0x080031f5   Thumb Code     2  stm32h7xx_hal_pcd_ex.o(i.HAL_PCDEx_LPM_Callback)
    HAL_PCDEx_SetRxFiFo                      0x080031f7   Thumb Code    10  stm32h7xx_hal_pcd_ex.o(i.HAL_PCDEx_SetRxFiFo)
    HAL_PCDEx_SetTxFiFo                      0x08003201   Thumb Code    78  stm32h7xx_hal_pcd_ex.o(i.HAL_PCDEx_SetTxFiFo)
    HAL_PCD_ConnectCallback                  0x0800324f   Thumb Code    14  usbd_conf.o(i.HAL_PCD_ConnectCallback)
    HAL_PCD_DataInStageCallback              0x0800325d   Thumb Code    32  usbd_conf.o(i.HAL_PCD_DataInStageCallback)
    HAL_PCD_DataOutStageCallback             0x0800327d   Thumb Code    32  usbd_conf.o(i.HAL_PCD_DataOutStageCallback)
    HAL_PCD_DisconnectCallback               0x0800329d   Thumb Code    14  usbd_conf.o(i.HAL_PCD_DisconnectCallback)
    HAL_PCD_EP_Abort                         0x080032ab   Thumb Code    66  stm32h7xx_hal_pcd.o(i.HAL_PCD_EP_Abort)
    HAL_PCD_EP_Close                         0x080032ed   Thumb Code   106  stm32h7xx_hal_pcd.o(i.HAL_PCD_EP_Close)
    HAL_PCD_EP_ClrStall                      0x08003357   Thumb Code   124  stm32h7xx_hal_pcd.o(i.HAL_PCD_EP_ClrStall)
    HAL_PCD_EP_GetRxCount                    0x080033d3   Thumb Code    22  stm32h7xx_hal_pcd.o(i.HAL_PCD_EP_GetRxCount)
    HAL_PCD_EP_Open                          0x080033e9   Thumb Code   140  stm32h7xx_hal_pcd.o(i.HAL_PCD_EP_Open)
    HAL_PCD_EP_Receive                       0x08003475   Thumb Code    70  stm32h7xx_hal_pcd.o(i.HAL_PCD_EP_Receive)
    HAL_PCD_EP_SetStall                      0x080034bb   Thumb Code   138  stm32h7xx_hal_pcd.o(i.HAL_PCD_EP_SetStall)
    HAL_PCD_EP_Transmit                      0x08003545   Thumb Code    72  stm32h7xx_hal_pcd.o(i.HAL_PCD_EP_Transmit)
    HAL_PCD_IRQHandler                       0x0800358d   Thumb Code  1806  stm32h7xx_hal_pcd.o(i.HAL_PCD_IRQHandler)
    HAL_PCD_ISOINIncompleteCallback          0x08003c9b   Thumb Code    18  usbd_conf.o(i.HAL_PCD_ISOINIncompleteCallback)
    HAL_PCD_ISOOUTIncompleteCallback         0x08003cad   Thumb Code    18  usbd_conf.o(i.HAL_PCD_ISOOUTIncompleteCallback)
    HAL_PCD_Init                             0x08003cbf   Thumb Code   350  stm32h7xx_hal_pcd.o(i.HAL_PCD_Init)
    HAL_PCD_MspInit                          0x08003e1d   Thumb Code   102  usbd_conf.o(i.HAL_PCD_MspInit)
    HAL_PCD_ResetCallback                    0x08003e8d   Thumb Code    48  usbd_conf.o(i.HAL_PCD_ResetCallback)
    HAL_PCD_ResumeCallback                   0x08003ebd   Thumb Code    14  usbd_conf.o(i.HAL_PCD_ResumeCallback)
    HAL_PCD_SOFCallback                      0x08003ecb   Thumb Code    14  usbd_conf.o(i.HAL_PCD_SOFCallback)
    HAL_PCD_SetAddress                       0x08003ed9   Thumb Code    52  stm32h7xx_hal_pcd.o(i.HAL_PCD_SetAddress)
    HAL_PCD_SetupStageCallback               0x08003f0d   Thumb Code    18  usbd_conf.o(i.HAL_PCD_SetupStageCallback)
    HAL_PCD_Start                            0x08003f1f   Thumb Code    76  stm32h7xx_hal_pcd.o(i.HAL_PCD_Start)
    HAL_PCD_SuspendCallback                  0x08003f6d   Thumb Code    46  usbd_conf.o(i.HAL_PCD_SuspendCallback)
    HAL_PWREx_ConfigSupply                   0x08003fa1   Thumb Code    90  stm32h7xx_hal_pwr_ex.o(i.HAL_PWREx_ConfigSupply)
    HAL_PWREx_EnableUSBVoltageDetector       0x08004001   Thumb Code    14  stm32h7xx_hal_pwr_ex.o(i.HAL_PWREx_EnableUSBVoltageDetector)
    HAL_RCCEx_GetD3PCLK1Freq                 0x08004015   Thumb Code    26  stm32h7xx_hal_rcc_ex.o(i.HAL_RCCEx_GetD3PCLK1Freq)
    HAL_RCCEx_GetPLL2ClockFreq               0x08004039   Thumb Code   536  stm32h7xx_hal_rcc_ex.o(i.HAL_RCCEx_GetPLL2ClockFreq)
    HAL_RCCEx_GetPLL3ClockFreq               0x08004269   Thumb Code   536  stm32h7xx_hal_rcc_ex.o(i.HAL_RCCEx_GetPLL3ClockFreq)
    HAL_RCCEx_PeriphCLKConfig                0x08004499   Thumb Code  3272  stm32h7xx_hal_rcc_ex.o(i.HAL_RCCEx_PeriphCLKConfig)
    HAL_RCC_ClockConfig                      0x08005161   Thumb Code   774  stm32h7xx_hal_rcc.o(i.HAL_RCC_ClockConfig)
    HAL_RCC_GetClockConfig                   0x08005481   Thumb Code    98  stm32h7xx_hal_rcc.o(i.HAL_RCC_GetClockConfig)
    HAL_RCC_GetHCLKFreq                      0x080054ed   Thumb Code    60  stm32h7xx_hal_rcc.o(i.HAL_RCC_GetHCLKFreq)
    HAL_RCC_GetPCLK1Freq                     0x08005539   Thumb Code    26  stm32h7xx_hal_rcc.o(i.HAL_RCC_GetPCLK1Freq)
    HAL_RCC_GetPCLK2Freq                     0x0800555d   Thumb Code    26  stm32h7xx_hal_rcc.o(i.HAL_RCC_GetPCLK2Freq)
    HAL_RCC_GetSysClockFreq                  0x08005581   Thumb Code   524  stm32h7xx_hal_rcc.o(i.HAL_RCC_GetSysClockFreq)
    HAL_RCC_OscConfig                        0x080057ad   Thumb Code  1874  stm32h7xx_hal_rcc.o(i.HAL_RCC_OscConfig)
    HAL_SPI_ErrorCallback                    0x08005f09   Thumb Code     2  stm32h7xx_hal_spi.o(i.HAL_SPI_ErrorCallback)
    HAL_SPI_IRQHandler                       0x08005f0d   Thumb Code   654  stm32h7xx_hal_spi.o(i.HAL_SPI_IRQHandler)
    HAL_SPI_Init                             0x080061a1   Thumb Code   420  stm32h7xx_hal_spi.o(i.HAL_SPI_Init)
    HAL_SPI_MspInit                          0x08006351   Thumb Code   474  spi.o(i.HAL_SPI_MspInit)
    HAL_SPI_RxCpltCallback                   0x08006551   Thumb Code     2  stm32h7xx_hal_spi.o(i.HAL_SPI_RxCpltCallback)
    HAL_SPI_SuspendCallback                  0x08006553   Thumb Code     2  stm32h7xx_hal_spi.o(i.HAL_SPI_SuspendCallback)
    HAL_SPI_Transmit                         0x08006555   Thumb Code   692  stm32h7xx_hal_spi.o(i.HAL_SPI_Transmit)
    HAL_SPI_TxCpltCallback                   0x08006809   Thumb Code     2  stm32h7xx_hal_spi.o(i.HAL_SPI_TxCpltCallback)
    HAL_SPI_TxRxCpltCallback                 0x0800680b   Thumb Code     2  stm32h7xx_hal_spi.o(i.HAL_SPI_TxRxCpltCallback)
    HAL_TIMEx_Break2Callback                 0x0800680d   Thumb Code     2  stm32h7xx_hal_tim_ex.o(i.HAL_TIMEx_Break2Callback)
    HAL_TIMEx_BreakCallback                  0x0800680f   Thumb Code     2  stm32h7xx_hal_tim_ex.o(i.HAL_TIMEx_BreakCallback)
    HAL_TIMEx_CommutCallback                 0x08006811   Thumb Code     2  stm32h7xx_hal_tim_ex.o(i.HAL_TIMEx_CommutCallback)
    HAL_TIMEx_MasterConfigSynchronization    0x08006815   Thumb Code   190  stm32h7xx_hal_tim_ex.o(i.HAL_TIMEx_MasterConfigSynchronization)
    HAL_TIM_Base_Init                        0x080068f9   Thumb Code   110  stm32h7xx_hal_tim.o(i.HAL_TIM_Base_Init)
    HAL_TIM_Base_MspInit                     0x08006967   Thumb Code     2  stm32h7xx_hal_tim.o(i.HAL_TIM_Base_MspInit)
    HAL_TIM_Base_Start_IT                    0x08006969   Thumb Code   162  stm32h7xx_hal_tim.o(i.HAL_TIM_Base_Start_IT)
    HAL_TIM_IC_CaptureCallback               0x08006a35   Thumb Code     2  stm32h7xx_hal_tim.o(i.HAL_TIM_IC_CaptureCallback)
    HAL_TIM_IRQHandler                       0x08006a37   Thumb Code   408  stm32h7xx_hal_tim.o(i.HAL_TIM_IRQHandler)
    HAL_TIM_MspPostInit                      0x08006bd1   Thumb Code    78  tim.o(i.HAL_TIM_MspPostInit)
    HAL_TIM_OC_DelayElapsedCallback          0x08006c2d   Thumb Code     2  stm32h7xx_hal_tim.o(i.HAL_TIM_OC_DelayElapsedCallback)
    HAL_TIM_PWM_ConfigChannel                0x08006c2f   Thumb Code   368  stm32h7xx_hal_tim.o(i.HAL_TIM_PWM_ConfigChannel)
    HAL_TIM_PWM_Init                         0x08006d9f   Thumb Code   110  stm32h7xx_hal_tim.o(i.HAL_TIM_PWM_Init)
    HAL_TIM_PWM_MspInit                      0x08006e0d   Thumb Code    40  tim.o(i.HAL_TIM_PWM_MspInit)
    HAL_TIM_PWM_PulseFinishedCallback        0x08006e3d   Thumb Code     2  stm32h7xx_hal_tim.o(i.HAL_TIM_PWM_PulseFinishedCallback)
    HAL_TIM_PeriodElapsedCallback            0x08006e3f   Thumb Code    18  main.o(i.HAL_TIM_PeriodElapsedCallback)
    HAL_TIM_TriggerCallback                  0x08006e51   Thumb Code     2  stm32h7xx_hal_tim.o(i.HAL_TIM_TriggerCallback)
    HAL_UARTEx_DisableFifoMode               0x08006e53   Thumb Code    78  stm32h7xx_hal_uart_ex.o(i.HAL_UARTEx_DisableFifoMode)
    HAL_UARTEx_SetRxFifoThreshold            0x08006ea1   Thumb Code    94  stm32h7xx_hal_uart_ex.o(i.HAL_UARTEx_SetRxFifoThreshold)
    HAL_UARTEx_SetTxFifoThreshold            0x08006eff   Thumb Code    94  stm32h7xx_hal_uart_ex.o(i.HAL_UARTEx_SetTxFifoThreshold)
    HAL_UART_Init                            0x08006f5d   Thumb Code   120  stm32h7xx_hal_uart.o(i.HAL_UART_Init)
    HAL_UART_MspInit                         0x08006fd5   Thumb Code   590  usart.o(i.HAL_UART_MspInit)
    HardFault_Handler                        0x0800724d   Thumb Code     4  stm32h7xx_it.o(i.HardFault_Handler)
    LED_task                                 0x0800728f   Thumb Code    58  ws2812.o(i.LED_task)
    MX_DMA_Init                              0x080072c9   Thumb Code   112  dma.o(i.MX_DMA_Init)
    MX_FDCAN1_Init                           0x0800733d   Thumb Code   122  fdcan.o(i.MX_FDCAN1_Init)
    MX_FDCAN2_Init                           0x080073c1   Thumb Code   118  fdcan.o(i.MX_FDCAN2_Init)
    MX_FREERTOS_Init                         0x08007441   Thumb Code    78  freertos.o(i.MX_FREERTOS_Init)
    MX_GPIO_Init                             0x080074a1   Thumb Code   270  gpio.o(i.MX_GPIO_Init)
    MX_SPI2_Init                             0x080075bd   Thumb Code    90  spi.o(i.MX_SPI2_Init)
    MX_SPI6_Init                             0x08007621   Thumb Code    90  spi.o(i.MX_SPI6_Init)
    MX_TIM3_Init                             0x08007685   Thumb Code   116  tim.o(i.MX_TIM3_Init)
    MX_UART7_Init                            0x08007701   Thumb Code    98  usart.o(i.MX_UART7_Init)
    MX_USART10_UART_Init                     0x0800776d   Thumb Code    98  usart.o(i.MX_USART10_UART_Init)
    MX_USART1_UART_Init                      0x080077d9   Thumb Code    98  usart.o(i.MX_USART1_UART_Init)
    MX_USB_DEVICE_Init                       0x08007845   Thumb Code    64  usb_device.o(i.MX_USB_DEVICE_Init)
    MemManage_Handler                        0x08007895   Thumb Code     4  stm32h7xx_it.o(i.MemManage_Handler)
    NMI_Handler                              0x08007899   Thumb Code     4  stm32h7xx_it.o(i.NMI_Handler)
    OTG_HS_IRQHandler                        0x0800789d   Thumb Code    10  stm32h7xx_it.o(i.OTG_HS_IRQHandler)
    PeriphCommonClock_Config                 0x08007b0b   Thumb Code    72  main.o(i.PeriphCommonClock_Config)
    SPI2_IRQHandler                          0x08007e1d   Thumb Code    10  stm32h7xx_it.o(i.SPI2_IRQHandler)
    StartDefaultTask                         0x08007f8d   Thumb Code    12  freertos.o(i.StartDefaultTask)
    SysTick_Handler                          0x08007f99   Thumb Code    46  port.o(i.SysTick_Handler)
    SystemClock_Config                       0x08007fcd   Thumb Code   182  main.o(i.SystemClock_Config)
    SystemInit                               0x08008089   Thumb Code   192  system_stm32h7xx.o(i.SystemInit)
    TIM2_IRQHandler                          0x08008169   Thumb Code    10  stm32h7xx_it.o(i.TIM2_IRQHandler)
    TIM_Base_SetConfig                       0x08008179   Thumb Code   198  stm32h7xx_hal_tim.o(i.TIM_Base_SetConfig)
    TIM_OC2_SetConfig                        0x08008315   Thumb Code   156  stm32h7xx_hal_tim.o(i.TIM_OC2_SetConfig)
    UART_AdvFeatureConfig                    0x08008629   Thumb Code   248  stm32h7xx_hal_uart.o(i.UART_AdvFeatureConfig)
    UART_CheckIdleState                      0x08008721   Thumb Code   234  stm32h7xx_hal_uart.o(i.UART_CheckIdleState)
    UART_SetConfig                           0x08008879   Thumb Code  1558  stm32h7xx_hal_uart.o(i.UART_SetConfig)
    UART_WaitOnFlagUntilTimeout              0x08008ea1   Thumb Code   172  stm32h7xx_hal_uart.o(i.UART_WaitOnFlagUntilTimeout)
    USBD_CDC_GetDeviceQualifierDescriptor    0x0800917d   Thumb Code    10  usbd_cdc.o(i.USBD_CDC_GetDeviceQualifierDescriptor)
    USBD_CDC_ReceivePacket                   0x080093fd   Thumb Code    74  usbd_cdc.o(i.USBD_CDC_ReceivePacket)
    USBD_CDC_RegisterInterface               0x0800944d   Thumb Code    24  usbd_cdc.o(i.USBD_CDC_RegisterInterface)
    USBD_CDC_SetRxBuffer                     0x08009465   Thumb Code    30  usbd_cdc.o(i.USBD_CDC_SetRxBuffer)
    USBD_CDC_SetTxBuffer                     0x08009483   Thumb Code    36  usbd_cdc.o(i.USBD_CDC_SetTxBuffer)
    USBD_ClrClassConfig                      0x080095e7   Thumb Code    28  usbd_core.o(i.USBD_ClrClassConfig)
    USBD_CoreFindEP                          0x08009641   Thumb Code     6  usbd_core.o(i.USBD_CoreFindEP)
    USBD_CoreFindIF                          0x08009647   Thumb Code     6  usbd_core.o(i.USBD_CoreFindIF)
    USBD_CtlContinueRx                       0x0800964d   Thumb Code    24  usbd_ioreq.o(i.USBD_CtlContinueRx)
    USBD_CtlContinueSendData                 0x08009665   Thumb Code    24  usbd_ioreq.o(i.USBD_CtlContinueSendData)
    USBD_CtlError                            0x0800967d   Thumb Code    24  usbd_ctlreq.o(i.USBD_CtlError)
    USBD_CtlPrepareRx                        0x08009695   Thumb Code    40  usbd_ioreq.o(i.USBD_CtlPrepareRx)
    USBD_CtlReceiveStatus                    0x080096bd   Thumb Code    26  usbd_ioreq.o(i.USBD_CtlReceiveStatus)
    USBD_CtlSendData                         0x080096d7   Thumb Code    34  usbd_ioreq.o(i.USBD_CtlSendData)
    USBD_CtlSendStatus                       0x080096f9   Thumb Code    26  usbd_ioreq.o(i.USBD_CtlSendStatus)
    USBD_GetEpDesc                           0x0800999b   Thumb Code    80  usbd_core.o(i.USBD_GetEpDesc)
    USBD_GetNextDesc                         0x08009a01   Thumb Code    20  usbd_core.o(i.USBD_GetNextDesc)
    USBD_GetString                           0x08009a6f   Thumb Code   104  usbd_ctlreq.o(i.USBD_GetString)
    USBD_Get_USB_Status                      0x08009ad7   Thumb Code    44  usbd_conf.o(i.USBD_Get_USB_Status)
    USBD_HS_ConfigStrDescriptor              0x08009b05   Thumb Code    34  usbd_desc.o(i.USBD_HS_ConfigStrDescriptor)
    USBD_HS_DeviceDescriptor                 0x08009b39   Thumb Code    10  usbd_desc.o(i.USBD_HS_DeviceDescriptor)
    USBD_HS_InterfaceStrDescriptor           0x08009b49   Thumb Code    34  usbd_desc.o(i.USBD_HS_InterfaceStrDescriptor)
    USBD_HS_LangIDStrDescriptor              0x08009b81   Thumb Code    10  usbd_desc.o(i.USBD_HS_LangIDStrDescriptor)
    USBD_HS_ManufacturerStrDescriptor        0x08009b91   Thumb Code    20  usbd_desc.o(i.USBD_HS_ManufacturerStrDescriptor)
    USBD_HS_ProductStrDescriptor             0x08009bbd   Thumb Code    34  usbd_desc.o(i.USBD_HS_ProductStrDescriptor)
    USBD_HS_SerialStrDescriptor              0x08009bfd   Thumb Code    18  usbd_desc.o(i.USBD_HS_SerialStrDescriptor)
    USBD_Init                                0x08009c15   Thumb Code    58  usbd_core.o(i.USBD_Init)
    USBD_LL_ClearStallEP                     0x08009c4f   Thumb Code    38  usbd_conf.o(i.USBD_LL_ClearStallEP)
    USBD_LL_CloseEP                          0x08009c75   Thumb Code    38  usbd_conf.o(i.USBD_LL_CloseEP)
    USBD_LL_DataInStage                      0x08009c9b   Thumb Code   264  usbd_core.o(i.USBD_LL_DataInStage)
    USBD_LL_DataOutStage                     0x08009da3   Thumb Code   258  usbd_core.o(i.USBD_LL_DataOutStage)
    USBD_LL_DevConnected                     0x08009ea5   Thumb Code     6  usbd_core.o(i.USBD_LL_DevConnected)
    USBD_LL_DevDisconnected                  0x08009eab   Thumb Code    38  usbd_core.o(i.USBD_LL_DevDisconnected)
    USBD_LL_GetRxDataSize                    0x08009ed1   Thumb Code    18  usbd_conf.o(i.USBD_LL_GetRxDataSize)
    USBD_LL_Init                             0x08009ee5   Thumb Code   104  usbd_conf.o(i.USBD_LL_Init)
    USBD_LL_IsStallEP                        0x08009f55   Thumb Code    56  usbd_conf.o(i.USBD_LL_IsStallEP)
    USBD_LL_IsoINIncomplete                  0x08009f8d   Thumb Code    72  usbd_core.o(i.USBD_LL_IsoINIncomplete)
    USBD_LL_IsoOUTIncomplete                 0x08009fd5   Thumb Code    72  usbd_core.o(i.USBD_LL_IsoOUTIncomplete)
    USBD_LL_OpenEP                           0x0800a01d   Thumb Code    48  usbd_conf.o(i.USBD_LL_OpenEP)
    USBD_LL_PrepareReceive                   0x0800a04d   Thumb Code    48  usbd_conf.o(i.USBD_LL_PrepareReceive)
    USBD_LL_Reset                            0x0800a07d   Thumb Code   108  usbd_core.o(i.USBD_LL_Reset)
    USBD_LL_Resume                           0x0800a0e9   Thumb Code    22  usbd_core.o(i.USBD_LL_Resume)
    USBD_LL_SOF                              0x0800a0ff   Thumb Code    40  usbd_core.o(i.USBD_LL_SOF)
    USBD_LL_SetSpeed                         0x0800a127   Thumb Code     8  usbd_core.o(i.USBD_LL_SetSpeed)
    USBD_LL_SetUSBAddress                    0x0800a12f   Thumb Code    38  usbd_conf.o(i.USBD_LL_SetUSBAddress)
    USBD_LL_SetupStage                       0x0800a155   Thumb Code   118  usbd_core.o(i.USBD_LL_SetupStage)
    USBD_LL_StallEP                          0x0800a1cb   Thumb Code    38  usbd_conf.o(i.USBD_LL_StallEP)
    USBD_LL_Start                            0x0800a1f1   Thumb Code    30  usbd_conf.o(i.USBD_LL_Start)
    USBD_LL_Suspend                          0x0800a20f   Thumb Code    28  usbd_core.o(i.USBD_LL_Suspend)
    USBD_LL_Transmit                         0x0800a22b   Thumb Code    48  usbd_conf.o(i.USBD_LL_Transmit)
    USBD_ParseSetupRequest                   0x0800a25b   Thumb Code    54  usbd_ctlreq.o(i.USBD_ParseSetupRequest)
    USBD_RegisterClass                       0x0800a291   Thumb Code    72  usbd_core.o(i.USBD_RegisterClass)
    USBD_RunTestMode                         0x0800a2d9   Thumb Code     6  usbd_core.o(i.USBD_RunTestMode)
    USBD_SetClassConfig                      0x0800a339   Thumb Code    32  usbd_core.o(i.USBD_SetClassConfig)
    USBD_Start                               0x0800a495   Thumb Code    12  usbd_core.o(i.USBD_Start)
    USBD_StdDevReq                           0x0800a4a1   Thumb Code   174  usbd_ctlreq.o(i.USBD_StdDevReq)
    USBD_StdEPReq                            0x0800a54f   Thumb Code   640  usbd_ctlreq.o(i.USBD_StdEPReq)
    USBD_StdItfReq                           0x0800a7cf   Thumb Code   174  usbd_ctlreq.o(i.USBD_StdItfReq)
    USBD_static_free                         0x0800a87d   Thumb Code     2  usbd_conf.o(i.USBD_static_free)
    USBD_static_malloc                       0x0800a881   Thumb Code     6  usbd_conf.o(i.USBD_static_malloc)
    USB_ActivateEndpoint                     0x0800a88d   Thumb Code   202  stm32h7xx_ll_usb.o(i.USB_ActivateEndpoint)
    USB_ActivateSetup                        0x0800a95d   Thumb Code    40  stm32h7xx_ll_usb.o(i.USB_ActivateSetup)
    USB_CoreInit                             0x0800a985   Thumb Code   150  stm32h7xx_ll_usb.o(i.USB_CoreInit)
    USB_DeactivateEndpoint                   0x0800aa79   Thumb Code   318  stm32h7xx_ll_usb.o(i.USB_DeactivateEndpoint)
    USB_DevConnect                           0x0800abc5   Thumb Code    36  stm32h7xx_ll_usb.o(i.USB_DevConnect)
    USB_DevDisconnect                        0x0800abe9   Thumb Code    36  stm32h7xx_ll_usb.o(i.USB_DevDisconnect)
    USB_DevInit                              0x0800ac0d   Thumb Code   472  stm32h7xx_ll_usb.o(i.USB_DevInit)
    USB_DisableGlobalInt                     0x0800aded   Thumb Code    14  stm32h7xx_ll_usb.o(i.USB_DisableGlobalInt)
    USB_EP0_OutStart                         0x0800adfd   Thumb Code   106  stm32h7xx_ll_usb.o(i.USB_EP0_OutStart)
    USB_EPClearStall                         0x0800ae6d   Thumb Code   142  stm32h7xx_ll_usb.o(i.USB_EPClearStall)
    USB_EPSetStall                           0x0800aefb   Thumb Code   154  stm32h7xx_ll_usb.o(i.USB_EPSetStall)
    USB_EPStartXfer                          0x0800af95   Thumb Code   944  stm32h7xx_ll_usb.o(i.USB_EPStartXfer)
    USB_EPStopXfer                           0x0800b349   Thumb Code   236  stm32h7xx_ll_usb.o(i.USB_EPStopXfer)
    USB_EnableGlobalInt                      0x0800b435   Thumb Code    14  stm32h7xx_ll_usb.o(i.USB_EnableGlobalInt)
    USB_FlushRxFifo                          0x0800b443   Thumb Code    80  stm32h7xx_ll_usb.o(i.USB_FlushRxFifo)
    USB_FlushTxFifo                          0x0800b493   Thumb Code    84  stm32h7xx_ll_usb.o(i.USB_FlushTxFifo)
    USB_GetDevSpeed                          0x0800b4e7   Thumb Code    38  stm32h7xx_ll_usb.o(i.USB_GetDevSpeed)
    USB_GetMode                              0x0800b50d   Thumb Code    10  stm32h7xx_ll_usb.o(i.USB_GetMode)
    USB_ReadDevAllInEpInterrupt              0x0800b517   Thumb Code    20  stm32h7xx_ll_usb.o(i.USB_ReadDevAllInEpInterrupt)
    USB_ReadDevAllOutEpInterrupt             0x0800b52b   Thumb Code    20  stm32h7xx_ll_usb.o(i.USB_ReadDevAllOutEpInterrupt)
    USB_ReadDevInEPInterrupt                 0x0800b53f   Thumb Code    50  stm32h7xx_ll_usb.o(i.USB_ReadDevInEPInterrupt)
    USB_ReadDevOutEPInterrupt                0x0800b571   Thumb Code    26  stm32h7xx_ll_usb.o(i.USB_ReadDevOutEPInterrupt)
    USB_ReadInterrupts                       0x0800b58b   Thumb Code    10  stm32h7xx_ll_usb.o(i.USB_ReadInterrupts)
    USB_ReadPacket                           0x0800b595   Thumb Code    96  stm32h7xx_ll_usb.o(i.USB_ReadPacket)
    USB_SetCurrentMode                       0x0800b5f5   Thumb Code   104  stm32h7xx_ll_usb.o(i.USB_SetCurrentMode)
    USB_SetDevAddress                        0x0800b65d   Thumb Code    42  stm32h7xx_ll_usb.o(i.USB_SetDevAddress)
    USB_SetDevSpeed                          0x0800b687   Thumb Code    18  stm32h7xx_ll_usb.o(i.USB_SetDevSpeed)
    USB_SetTurnaroundTime                    0x0800b699   Thumb Code   192  stm32h7xx_ll_usb.o(i.USB_SetTurnaroundTime)
    USB_WritePacket                          0x0800b781   Thumb Code    68  stm32h7xx_ll_usb.o(i.USB_WritePacket)
    UsageFault_Handler                       0x0800b7c5   Thumb Code     4  stm32h7xx_it.o(i.UsageFault_Handler)
    WS2812_Ctrl                              0x0800b7c9   Thumb Code   170  ws2812.o(i.WS2812_Ctrl)
    __scatterload_copy                       0x0800b8b1   Thumb Code    14  handlers.o(i.__scatterload_copy)
    __scatterload_null                       0x0800b8bf   Thumb Code     2  handlers.o(i.__scatterload_null)
    __scatterload_zeroinit                   0x0800b8c1   Thumb Code    14  handlers.o(i.__scatterload_zeroinit)
    arm_task                                 0x0800b8cf   Thumb Code     8  freertos.o(i.arm_task)
    canx_send_data                           0x0800b8d7   Thumb Code   120  can_bsp.o(i.canx_send_data)
    dm4310_data                              0x0800b94f   Thumb Code   152  rope_task.o(i.dm4310_data)
    enable_motor_mode                        0x0800b9e7   Thumb Code    66  dm4310_drv.o(i.enable_motor_mode)
    imu_task                                 0x0800ba29   Thumb Code    10  freertos.o(i.imu_task)
    main                                     0x0800ba35   Thumb Code   100  main.o(i.main)
    motor_enable_init                        0x0800baad   Thumb Code    34  rope_task.o(i.motor_enable_init)
    osDelay                                  0x0800bad5   Thumb Code    24  cmsis_os.o(i.osDelay)
    osKernelStart                            0x0800baed   Thumb Code    10  cmsis_os.o(i.osKernelStart)
    osThreadCreate                           0x0800baf7   Thumb Code    48  cmsis_os.o(i.osThreadCreate)
    pos_speed_ctrl                           0x0800bb27   Thumb Code    92  dm4310_drv.o(i.pos_speed_ctrl)
    pvPortMalloc                             0x0800bfc9   Thumb Code   306  heap_4.o(i.pvPortMalloc)
    pxPortInitialiseStack                    0x0800c115   Thumb Code    38  port.o(i.pxPortInitialiseStack)
    rope_cal_process                         0x0800c141   Thumb Code    34  rope_task.o(i.rope_cal_process)
    uint_to_float                            0x0800c171   Thumb Code    52  dm4310_drv.o(i.uint_to_float)
    uxListRemove                             0x0800c1a5   Thumb Code    40  list.o(i.uxListRemove)
    vListInitialise                          0x0800c1cd   Thumb Code    26  list.o(i.vListInitialise)
    vListInitialiseItem                      0x0800c1e7   Thumb Code     6  list.o(i.vListInitialiseItem)
    vListInsert                              0x0800c1ed   Thumb Code    52  list.o(i.vListInsert)
    vListInsertEnd                           0x0800c221   Thumb Code    24  list.o(i.vListInsertEnd)
    vPortEnterCritical                       0x0800c239   Thumb Code    76  port.o(i.vPortEnterCritical)
    vPortExitCritical                        0x0800c28d   Thumb Code    56  port.o(i.vPortExitCritical)
    vPortFree                                0x0800c2c9   Thumb Code   150  heap_4.o(i.vPortFree)
    vPortSetupTimerInterrupt                 0x0800c36d   Thumb Code    36  port.o(i.vPortSetupTimerInterrupt)
    vTaskDelay                               0x0800c395   Thumb Code    82  tasks.o(i.vTaskDelay)
    vTaskStartScheduler                      0x0800c3f1   Thumb Code   108  tasks.o(i.vTaskStartScheduler)
    vTaskSuspendAll                          0x0800c479   Thumb Code    12  tasks.o(i.vTaskSuspendAll)
    vTaskSwitchContext                       0x0800c489   Thumb Code   118  tasks.o(i.vTaskSwitchContext)
    xPortStartScheduler                      0x0800c515   Thumb Code   330  port.o(i.xPortStartScheduler)
    xTaskCreate                              0x0800c67d   Thumb Code    96  tasks.o(i.xTaskCreate)
    xTaskIncrementTick                       0x0800c6dd   Thumb Code   282  tasks.o(i.xTaskIncrementTick)
    xTaskResumeAll                           0x0800c825   Thumb Code   224  tasks.o(i.xTaskResumeAll)
    UARTPrescTable                           0x0800c9c8   Data          24  stm32h7xx_hal_uart.o(.constdata)
    D1CorePrescTable                         0x0800c9f0   Data          16  system_stm32h7xx.o(.constdata)
    Region$$Table$$Base                      0x0800ca24   Number         0  anon$$obj.o(Region$$Table)
    Region$$Table$$Limit                     0x0800ca44   Number         0  anon$$obj.o(Region$$Table)
    defaultTaskHandle                        0x24000000   Data           4  freertos.o(.data)
    IMU_TASKHandle                           0x24000004   Data           4  freertos.o(.data)
    ARM_TASKHandle                           0x24000008   Data           4  freertos.o(.data)
    uwTick                                   0x24000010   Data           4  stm32h7xx_hal.o(.data)
    uwTickPrio                               0x24000014   Data           4  stm32h7xx_hal.o(.data)
    uwTickFreq                               0x24000018   Data           1  stm32h7xx_hal.o(.data)
    SystemCoreClock                          0x2400001c   Data           4  system_stm32h7xx.o(.data)
    SystemD2Clock                            0x24000020   Data           4  system_stm32h7xx.o(.data)
    pxCurrentTCB                             0x24000024   Data           4  tasks.o(.data)
    HS_Desc                                  0x2400008c   Data          32  usbd_desc.o(.data)
    USBD_HS_DeviceDesc                       0x240000ac   Data          18  usbd_desc.o(.data)
    USBD_HS_BOSDesc                          0x240000c0   Data          12  usbd_desc.o(.data)
    USBD_LangIDDesc                          0x240000cc   Data           4  usbd_desc.o(.data)
    USBD_StringSerial                        0x240000d0   Data          26  usbd_desc.o(.data)
    USBD_Interface_fops_HS                   0x240000ec   Data          20  usbd_cdc_if.o(.data)
    USBD_CDC                                 0x24000110   Data          56  usbd_cdc.o(.data)
    pos_test                                 0x24000190   Data           4  rope_task.o(.data)
    vel_test                                 0x24000194   Data           4  rope_task.o(.data)
    test_id                                  0x24000198   Data           2  rope_task.o(.data)
    hfdcan1                                  0x2400019c   Data         160  fdcan.o(.bss)
    hfdcan2                                  0x2400023c   Data         160  fdcan.o(.bss)
    hspi2                                    0x240002dc   Data         136  spi.o(.bss)
    hspi6                                    0x24000364   Data         136  spi.o(.bss)
    hdma_spi2_rx                             0x240003ec   Data         120  spi.o(.bss)
    hdma_spi2_tx                             0x24000464   Data         120  spi.o(.bss)
    htim3                                    0x240004dc   Data          76  tim.o(.bss)
    huart7                                   0x24000528   Data         148  usart.o(.bss)
    huart1                                   0x240005bc   Data         148  usart.o(.bss)
    huart10                                  0x24000650   Data         148  usart.o(.bss)
    hdma_uart7_rx                            0x240006e4   Data         120  usart.o(.bss)
    hdma_usart1_rx                           0x2400075c   Data         120  usart.o(.bss)
    hdma_usart10_rx                          0x240007d4   Data         120  usart.o(.bss)
    htim2                                    0x2400084c   Data          76  stm32h7xx_hal_timebase_tim.o(.bss)
    hUsbDeviceHS                             0x24008188   Data         732  usb_device.o(.bss)
    USBD_StrDesc                             0x24008464   Data         512  usbd_desc.o(.bss)
    UserRxBufferHS                           0x24008664   Data        2048  usbd_cdc_if.o(.bss)
    UserTxBufferHS                           0x24008e64   Data        2048  usbd_cdc_if.o(.bss)
    hpcd_USB_OTG_HS                          0x24009664   Data        1252  usbd_conf.o(.bss)
    RxHeader1                                0x24009d68   Data          40  can_bsp.o(.bss)
    g_Can1RxData                             0x24009d90   Data          64  can_bsp.o(.bss)
    RxHeader2                                0x24009dd0   Data          40  can_bsp.o(.bss)
    g_Can2RxData                             0x24009df8   Data          64  can_bsp.o(.bss)
    armmotor                                 0x24009e38   Data         312  can_bsp.o(.bss)
    __initial_sp                             0x2400a770   Data           0  startup_stm32h723xx.o(STACK)



==============================================================================

Memory Map of the image

  Image Entry point : 0x080002cd

  Load Region LR_IROM1 (Base: 0x08000000, Size: 0x0000cbe0, Max: 0x00100000, ABSOLUTE, COMPRESSED[0x0000cb0c])

    Execution Region ER_IROM1 (Exec base: 0x08000000, Load base: 0x08000000, Size: 0x0000ca44, Max: 0x00100000, ABSOLUTE)

    Exec Addr    Load Addr    Size         Type   Attr      Idx    E Section Name        Object

    0x08000000   0x08000000   0x000002cc   Data   RO            3    RESET               startup_stm32h723xx.o
    0x080002cc   0x080002cc   0x00000000   Code   RO         9173  * .ARM.Collect$$$$00000000  mc_w.l(entry.o)
    0x080002cc   0x080002cc   0x00000004   Code   RO         9214    .ARM.Collect$$$$00000001  mc_w.l(entry2.o)
    0x080002d0   0x080002d0   0x00000004   Code   RO         9217    .ARM.Collect$$$$00000004  mc_w.l(entry5.o)
    0x080002d4   0x080002d4   0x00000000   Code   RO         9219    .ARM.Collect$$$$00000008  mc_w.l(entry7b.o)
    0x080002d4   0x080002d4   0x00000000   Code   RO         9221    .ARM.Collect$$$$0000000A  mc_w.l(entry8b.o)
    0x080002d4   0x080002d4   0x00000008   Code   RO         9222    .ARM.Collect$$$$0000000B  mc_w.l(entry9a.o)
    0x080002dc   0x080002dc   0x00000000   Code   RO         9224    .ARM.Collect$$$$0000000D  mc_w.l(entry10a.o)
    0x080002dc   0x080002dc   0x00000000   Code   RO         9226    .ARM.Collect$$$$0000000F  mc_w.l(entry11a.o)
    0x080002dc   0x080002dc   0x00000004   Code   RO         9215    .ARM.Collect$$$$00002712  mc_w.l(entry2.o)
    0x080002e0   0x080002e0   0x000000be   Code   RO         7815    .emb_text           port.o
    0x0800039e   0x0800039e   0x00000002   PAD
    0x080003a0   0x080003a0   0x00000024   Code   RO            4    .text               startup_stm32h723xx.o
    0x080003c4   0x080003c4   0x00000062   Code   RO         9176    .text               mc_w.l(uldiv.o)
    0x08000426   0x08000426   0x00000024   Code   RO         9178    .text               mc_w.l(memcpya.o)
    0x0800044a   0x0800044a   0x00000024   Code   RO         9182    .text               mc_w.l(memseta.o)
    0x0800046e   0x0800046e   0x0000001e   Code   RO         9228    .text               mc_w.l(llshl.o)
    0x0800048c   0x0800048c   0x00000020   Code   RO         9230    .text               mc_w.l(llushr.o)
    0x080004ac   0x080004ac   0x00000024   Code   RO         9240    .text               mc_w.l(init.o)
    0x080004d0   0x080004d0   0x00000056   Code   RO         9250    .text               mc_w.l(__dczerorl2.o)
    0x08000526   0x08000526   0x00000004   Code   RO          720    i.BusFault_Handler  stm32h7xx_it.o
    0x0800052a   0x0800052a   0x00000044   Code   RO         8052    i.CDC_Control_HS    usbd_cdc_if.o
    0x0800056e   0x0800056e   0x00000004   Code   RO         8053    i.CDC_DeInit_HS     usbd_cdc_if.o
    0x08000572   0x08000572   0x00000002   PAD
    0x08000574   0x08000574   0x00000024   Code   RO         8054    i.CDC_Init_HS       usbd_cdc_if.o
    0x08000598   0x08000598   0x0000001c   Code   RO         8055    i.CDC_Receive_HS    usbd_cdc_if.o
    0x080005b4   0x080005b4   0x0000000c   Code   RO         8056    i.CDC_TransmitCplt_HS  usbd_cdc_if.o
    0x080005c0   0x080005c0   0x00000010   Code   RO          721    i.DMA1_Stream0_IRQHandler  stm32h7xx_it.o
    0x080005d0   0x080005d0   0x00000010   Code   RO          722    i.DMA1_Stream1_IRQHandler  stm32h7xx_it.o
    0x080005e0   0x080005e0   0x00000010   Code   RO          723    i.DMA1_Stream2_IRQHandler  stm32h7xx_it.o
    0x080005f0   0x080005f0   0x00000010   Code   RO          724    i.DMA1_Stream3_IRQHandler  stm32h7xx_it.o
    0x08000600   0x08000600   0x00000010   Code   RO          725    i.DMA1_Stream4_IRQHandler  stm32h7xx_it.o
    0x08000610   0x08000610   0x000000ec   Code   RO         2241    i.DMA_CalcBaseAndBitshift  stm32h7xx_hal_dma.o
    0x080006fc   0x080006fc   0x000000c4   Code   RO         2242    i.DMA_CalcDMAMUXChannelBaseAndMask  stm32h7xx_hal_dma.o
    0x080007c0   0x080007c0   0x00000098   Code   RO         2243    i.DMA_CalcDMAMUXRequestGenBaseAndMask  stm32h7xx_hal_dma.o
    0x08000858   0x08000858   0x000000ae   Code   RO         2244    i.DMA_CheckFifoParam  stm32h7xx_hal_dma.o
    0x08000906   0x08000906   0x00000002   Code   RO          726    i.DebugMon_Handler  stm32h7xx_it.o
    0x08000908   0x08000908   0x00000006   Code   RO           13    i.Error_Handler     main.o
    0x0800090e   0x0800090e   0x00000002   PAD
    0x08000910   0x08000910   0x00000060   Code   RO         8993    i.FDCAN1_Config     can_bsp.o
    0x08000970   0x08000970   0x00000010   Code   RO          727    i.FDCAN1_IT0_IRQHandler  stm32h7xx_it.o
    0x08000980   0x08000980   0x00000060   Code   RO         8994    i.FDCAN2_Config     can_bsp.o
    0x080009e0   0x080009e0   0x00000010   Code   RO          728    i.FDCAN2_IT0_IRQHandler  stm32h7xx_it.o
    0x080009f0   0x080009f0   0x00000220   Code   RO         4040    i.FDCAN_CalcultateRamBlockAddresses  stm32h7xx_hal_fdcan.o
    0x08000c10   0x08000c10   0x000000d0   Code   RO         4041    i.FDCAN_CopyMessageToRAM  stm32h7xx_hal_fdcan.o
    0x08000ce0   0x08000ce0   0x00000034   Code   RO         7956    i.Get_SerialNum     usbd_desc.o
    0x08000d14   0x08000d14   0x00000398   Code   RO         2247    i.HAL_DMA_Abort_IT  stm32h7xx_hal_dma.o
    0x080010ac   0x080010ac   0x00000af8   Code   RO         2251    i.HAL_DMA_IRQHandler  stm32h7xx_hal_dma.o
    0x08001ba4   0x08001ba4   0x00000514   Code   RO         2252    i.HAL_DMA_Init      stm32h7xx_hal_dma.o
    0x080020b8   0x080020b8   0x00000028   Code   RO         3101    i.HAL_Delay         stm32h7xx_hal.o
    0x080020e0   0x080020e0   0x000000a8   Code   RO         4043    i.HAL_FDCAN_ActivateNotification  stm32h7xx_hal_fdcan.o
    0x08002188   0x08002188   0x00000090   Code   RO         4045    i.HAL_FDCAN_AddMessageToTxFifoQ  stm32h7xx_hal_fdcan.o
    0x08002218   0x08002218   0x00000002   Code   RO         4046    i.HAL_FDCAN_ClockCalibrationCallback  stm32h7xx_hal_fdcan.o
    0x0800221a   0x0800221a   0x000000a8   Code   RO         4050    i.HAL_FDCAN_ConfigFilter  stm32h7xx_hal_fdcan.o
    0x080022c2   0x080022c2   0x00000034   Code   RO         4051    i.HAL_FDCAN_ConfigGlobalFilter  stm32h7xx_hal_fdcan.o
    0x080022f6   0x080022f6   0x00000002   Code   RO         4072    i.HAL_FDCAN_ErrorCallback  stm32h7xx_hal_fdcan.o
    0x080022f8   0x080022f8   0x00000002   Code   RO         4073    i.HAL_FDCAN_ErrorStatusCallback  stm32h7xx_hal_fdcan.o
    0x080022fa   0x080022fa   0x00000002   PAD
    0x080022fc   0x080022fc   0x000001f4   Code   RO         4084    i.HAL_FDCAN_GetRxMessage  stm32h7xx_hal_fdcan.o
    0x080024f0   0x080024f0   0x00000002   Code   RO         4090    i.HAL_FDCAN_HighPriorityMessageCallback  stm32h7xx_hal_fdcan.o
    0x080024f2   0x080024f2   0x00000002   PAD
    0x080024f4   0x080024f4   0x000003d4   Code   RO         4091    i.HAL_FDCAN_IRQHandler  stm32h7xx_hal_fdcan.o
    0x080028c8   0x080028c8   0x000002e0   Code   RO         4092    i.HAL_FDCAN_Init    stm32h7xx_hal_fdcan.o
    0x08002ba8   0x08002ba8   0x0000012c   Code   RO          522    i.HAL_FDCAN_MspInit  fdcan.o
    0x08002cd4   0x08002cd4   0x00000002   Code   RO         4101    i.HAL_FDCAN_RxBufferNewMessageCallback  stm32h7xx_hal_fdcan.o
    0x08002cd6   0x08002cd6   0x00000002   PAD
    0x08002cd8   0x08002cd8   0x00000054   Code   RO         8995    i.HAL_FDCAN_RxFifo0Callback  can_bsp.o
    0x08002d2c   0x08002d2c   0x0000003c   Code   RO         8996    i.HAL_FDCAN_RxFifo1Callback  can_bsp.o
    0x08002d68   0x08002d68   0x00000034   Code   RO         4104    i.HAL_FDCAN_Start   stm32h7xx_hal_fdcan.o
    0x08002d9c   0x08002d9c   0x00000002   Code   RO         4126    i.HAL_FDCAN_TT_GlobalTimeCallback  stm32h7xx_hal_fdcan.o
    0x08002d9e   0x08002d9e   0x00000002   Code   RO         4127    i.HAL_FDCAN_TT_ScheduleSyncCallback  stm32h7xx_hal_fdcan.o
    0x08002da0   0x08002da0   0x00000002   Code   RO         4132    i.HAL_FDCAN_TT_StopWatchCallback  stm32h7xx_hal_fdcan.o
    0x08002da2   0x08002da2   0x00000002   Code   RO         4133    i.HAL_FDCAN_TT_TimeMarkCallback  stm32h7xx_hal_fdcan.o
    0x08002da4   0x08002da4   0x00000002   Code   RO         4134    i.HAL_FDCAN_TimeoutOccurredCallback  stm32h7xx_hal_fdcan.o
    0x08002da6   0x08002da6   0x00000002   Code   RO         4135    i.HAL_FDCAN_TimestampWraparoundCallback  stm32h7xx_hal_fdcan.o
    0x08002da8   0x08002da8   0x00000002   Code   RO         4136    i.HAL_FDCAN_TxBufferAbortCallback  stm32h7xx_hal_fdcan.o
    0x08002daa   0x08002daa   0x00000002   Code   RO         4137    i.HAL_FDCAN_TxBufferCompleteCallback  stm32h7xx_hal_fdcan.o
    0x08002dac   0x08002dac   0x00000002   Code   RO         4138    i.HAL_FDCAN_TxEventFifoCallback  stm32h7xx_hal_fdcan.o
    0x08002dae   0x08002dae   0x00000002   Code   RO         4139    i.HAL_FDCAN_TxFifoEmptyCallback  stm32h7xx_hal_fdcan.o
    0x08002db0   0x08002db0   0x000001f0   Code   RO         2094    i.HAL_GPIO_Init     stm32h7xx_hal_gpio.o
    0x08002fa0   0x08002fa0   0x0000000c   Code   RO         2098    i.HAL_GPIO_WritePin  stm32h7xx_hal_gpio.o
    0x08002fac   0x08002fac   0x0000000c   Code   RO         3117    i.HAL_GetTick       stm32h7xx_hal.o
    0x08002fb8   0x08002fb8   0x00000018   Code   RO         3123    i.HAL_IncTick       stm32h7xx_hal.o
    0x08002fd0   0x08002fd0   0x00000060   Code   RO         3124    i.HAL_Init          stm32h7xx_hal.o
    0x08003030   0x08003030   0x000000a0   Code   RO          862    i.HAL_InitTick      stm32h7xx_hal_timebase_tim.o
    0x080030d0   0x080030d0   0x00000030   Code   RO          838    i.HAL_MspInit       stm32h7xx_hal_msp.o
    0x08003100   0x08003100   0x00000028   Code   RO         2944    i.HAL_NVIC_EnableIRQ  stm32h7xx_hal_cortex.o
    0x08003128   0x08003128   0x0000007a   Code   RO         2950    i.HAL_NVIC_SetPriority  stm32h7xx_hal_cortex.o
    0x080031a2   0x080031a2   0x00000002   PAD
    0x080031a4   0x080031a4   0x00000028   Code   RO         2951    i.HAL_NVIC_SetPriorityGrouping  stm32h7xx_hal_cortex.o
    0x080031cc   0x080031cc   0x00000028   Code   RO         1139    i.HAL_PCDEx_ActivateLPM  stm32h7xx_hal_pcd_ex.o
    0x080031f4   0x080031f4   0x00000002   Code   RO         1144    i.HAL_PCDEx_LPM_Callback  stm32h7xx_hal_pcd_ex.o
    0x080031f6   0x080031f6   0x0000000a   Code   RO         1145    i.HAL_PCDEx_SetRxFiFo  stm32h7xx_hal_pcd_ex.o
    0x08003200   0x08003200   0x0000004e   Code   RO         1146    i.HAL_PCDEx_SetTxFiFo  stm32h7xx_hal_pcd_ex.o
    0x0800324e   0x0800324e   0x0000000e   Code   RO         8113    i.HAL_PCD_ConnectCallback  usbd_conf.o
    0x0800325c   0x0800325c   0x00000020   Code   RO         8114    i.HAL_PCD_DataInStageCallback  usbd_conf.o
    0x0800327c   0x0800327c   0x00000020   Code   RO         8115    i.HAL_PCD_DataOutStageCallback  usbd_conf.o
    0x0800329c   0x0800329c   0x0000000e   Code   RO         8116    i.HAL_PCD_DisconnectCallback  usbd_conf.o
    0x080032aa   0x080032aa   0x00000042   Code   RO          910    i.HAL_PCD_EP_Abort  stm32h7xx_hal_pcd.o
    0x080032ec   0x080032ec   0x0000006a   Code   RO          911    i.HAL_PCD_EP_Close  stm32h7xx_hal_pcd.o
    0x08003356   0x08003356   0x0000007c   Code   RO          912    i.HAL_PCD_EP_ClrStall  stm32h7xx_hal_pcd.o
    0x080033d2   0x080033d2   0x00000016   Code   RO          914    i.HAL_PCD_EP_GetRxCount  stm32h7xx_hal_pcd.o
    0x080033e8   0x080033e8   0x0000008c   Code   RO          915    i.HAL_PCD_EP_Open   stm32h7xx_hal_pcd.o
    0x08003474   0x08003474   0x00000046   Code   RO          916    i.HAL_PCD_EP_Receive  stm32h7xx_hal_pcd.o
    0x080034ba   0x080034ba   0x0000008a   Code   RO          917    i.HAL_PCD_EP_SetStall  stm32h7xx_hal_pcd.o
    0x08003544   0x08003544   0x00000048   Code   RO          918    i.HAL_PCD_EP_Transmit  stm32h7xx_hal_pcd.o
    0x0800358c   0x0800358c   0x0000070e   Code   RO          920    i.HAL_PCD_IRQHandler  stm32h7xx_hal_pcd.o
    0x08003c9a   0x08003c9a   0x00000012   Code   RO         8117    i.HAL_PCD_ISOINIncompleteCallback  usbd_conf.o
    0x08003cac   0x08003cac   0x00000012   Code   RO         8118    i.HAL_PCD_ISOOUTIncompleteCallback  usbd_conf.o
    0x08003cbe   0x08003cbe   0x0000015e   Code   RO          923    i.HAL_PCD_Init      stm32h7xx_hal_pcd.o
    0x08003e1c   0x08003e1c   0x00000070   Code   RO         8120    i.HAL_PCD_MspInit   usbd_conf.o
    0x08003e8c   0x08003e8c   0x00000030   Code   RO         8121    i.HAL_PCD_ResetCallback  usbd_conf.o
    0x08003ebc   0x08003ebc   0x0000000e   Code   RO         8122    i.HAL_PCD_ResumeCallback  usbd_conf.o
    0x08003eca   0x08003eca   0x0000000e   Code   RO         8123    i.HAL_PCD_SOFCallback  usbd_conf.o
    0x08003ed8   0x08003ed8   0x00000034   Code   RO          929    i.HAL_PCD_SetAddress  stm32h7xx_hal_pcd.o
    0x08003f0c   0x08003f0c   0x00000012   Code   RO         8124    i.HAL_PCD_SetupStageCallback  usbd_conf.o
    0x08003f1e   0x08003f1e   0x0000004c   Code   RO          932    i.HAL_PCD_Start     stm32h7xx_hal_pcd.o
    0x08003f6a   0x08003f6a   0x00000002   PAD
    0x08003f6c   0x08003f6c   0x00000034   Code   RO         8125    i.HAL_PCD_SuspendCallback  usbd_conf.o
    0x08003fa0   0x08003fa0   0x00000060   Code   RO         2695    i.HAL_PWREx_ConfigSupply  stm32h7xx_hal_pwr_ex.o
    0x08004000   0x08004000   0x00000014   Code   RO         2712    i.HAL_PWREx_EnableUSBVoltageDetector  stm32h7xx_hal_pwr_ex.o
    0x08004014   0x08004014   0x00000024   Code   RO         1637    i.HAL_RCCEx_GetD3PCLK1Freq  stm32h7xx_hal_rcc_ex.o
    0x08004038   0x08004038   0x00000230   Code   RO         1639    i.HAL_RCCEx_GetPLL2ClockFreq  stm32h7xx_hal_rcc_ex.o
    0x08004268   0x08004268   0x00000230   Code   RO         1640    i.HAL_RCCEx_GetPLL3ClockFreq  stm32h7xx_hal_rcc_ex.o
    0x08004498   0x08004498   0x00000cc8   Code   RO         1646    i.HAL_RCCEx_PeriphCLKConfig  stm32h7xx_hal_rcc_ex.o
    0x08005160   0x08005160   0x00000320   Code   RO         1522    i.HAL_RCC_ClockConfig  stm32h7xx_hal_rcc.o
    0x08005480   0x08005480   0x0000006c   Code   RO         1526    i.HAL_RCC_GetClockConfig  stm32h7xx_hal_rcc.o
    0x080054ec   0x080054ec   0x0000004c   Code   RO         1527    i.HAL_RCC_GetHCLKFreq  stm32h7xx_hal_rcc.o
    0x08005538   0x08005538   0x00000024   Code   RO         1529    i.HAL_RCC_GetPCLK1Freq  stm32h7xx_hal_rcc.o
    0x0800555c   0x0800555c   0x00000024   Code   RO         1530    i.HAL_RCC_GetPCLK2Freq  stm32h7xx_hal_rcc.o
    0x08005580   0x08005580   0x0000022c   Code   RO         1531    i.HAL_RCC_GetSysClockFreq  stm32h7xx_hal_rcc.o
    0x080057ac   0x080057ac   0x0000075c   Code   RO         1534    i.HAL_RCC_OscConfig  stm32h7xx_hal_rcc.o
    0x08005f08   0x08005f08   0x00000002   Code   RO         4665    i.HAL_SPI_ErrorCallback  stm32h7xx_hal_spi.o
    0x08005f0a   0x08005f0a   0x00000002   PAD
    0x08005f0c   0x08005f0c   0x00000294   Code   RO         4668    i.HAL_SPI_IRQHandler  stm32h7xx_hal_spi.o
    0x080061a0   0x080061a0   0x000001b0   Code   RO         4669    i.HAL_SPI_Init      stm32h7xx_hal_spi.o
    0x08006350   0x08006350   0x00000200   Code   RO          571    i.HAL_SPI_MspInit   spi.o
    0x08006550   0x08006550   0x00000002   Code   RO         4675    i.HAL_SPI_RxCpltCallback  stm32h7xx_hal_spi.o
    0x08006552   0x08006552   0x00000002   Code   RO         4677    i.HAL_SPI_SuspendCallback  stm32h7xx_hal_spi.o
    0x08006554   0x08006554   0x000002b4   Code   RO         4678    i.HAL_SPI_Transmit  stm32h7xx_hal_spi.o
    0x08006808   0x08006808   0x00000002   Code   RO         4684    i.HAL_SPI_TxCpltCallback  stm32h7xx_hal_spi.o
    0x0800680a   0x0800680a   0x00000002   Code   RO         4686    i.HAL_SPI_TxRxCpltCallback  stm32h7xx_hal_spi.o
    0x0800680c   0x0800680c   0x00000002   Code   RO         5719    i.HAL_TIMEx_Break2Callback  stm32h7xx_hal_tim_ex.o
    0x0800680e   0x0800680e   0x00000002   Code   RO         5720    i.HAL_TIMEx_BreakCallback  stm32h7xx_hal_tim_ex.o
    0x08006810   0x08006810   0x00000002   Code   RO         5721    i.HAL_TIMEx_CommutCallback  stm32h7xx_hal_tim_ex.o
    0x08006812   0x08006812   0x00000002   PAD
    0x08006814   0x08006814   0x000000e4   Code   RO         5742    i.HAL_TIMEx_MasterConfigSynchronization  stm32h7xx_hal_tim_ex.o
    0x080068f8   0x080068f8   0x0000006e   Code   RO         4994    i.HAL_TIM_Base_Init  stm32h7xx_hal_tim.o
    0x08006966   0x08006966   0x00000002   Code   RO         4996    i.HAL_TIM_Base_MspInit  stm32h7xx_hal_tim.o
    0x08006968   0x08006968   0x000000cc   Code   RO         4999    i.HAL_TIM_Base_Start_IT  stm32h7xx_hal_tim.o
    0x08006a34   0x08006a34   0x00000002   Code   RO         5028    i.HAL_TIM_IC_CaptureCallback  stm32h7xx_hal_tim.o
    0x08006a36   0x08006a36   0x00000198   Code   RO         5042    i.HAL_TIM_IRQHandler  stm32h7xx_hal_tim.o
    0x08006bce   0x08006bce   0x00000002   PAD
    0x08006bd0   0x08006bd0   0x0000005c   Code   RO          618    i.HAL_TIM_MspPostInit  tim.o
    0x08006c2c   0x08006c2c   0x00000002   Code   RO         5045    i.HAL_TIM_OC_DelayElapsedCallback  stm32h7xx_hal_tim.o
    0x08006c2e   0x08006c2e   0x00000170   Code   RO         5066    i.HAL_TIM_PWM_ConfigChannel  stm32h7xx_hal_tim.o
    0x08006d9e   0x08006d9e   0x0000006e   Code   RO         5069    i.HAL_TIM_PWM_Init  stm32h7xx_hal_tim.o
    0x08006e0c   0x08006e0c   0x00000030   Code   RO          620    i.HAL_TIM_PWM_MspInit  tim.o
    0x08006e3c   0x08006e3c   0x00000002   Code   RO         5072    i.HAL_TIM_PWM_PulseFinishedCallback  stm32h7xx_hal_tim.o
    0x08006e3e   0x08006e3e   0x00000012   Code   RO           14    i.HAL_TIM_PeriodElapsedCallback  main.o
    0x08006e50   0x08006e50   0x00000002   Code   RO         5085    i.HAL_TIM_TriggerCallback  stm32h7xx_hal_tim.o
    0x08006e52   0x08006e52   0x0000004e   Code   RO         6447    i.HAL_UARTEx_DisableFifoMode  stm32h7xx_hal_uart_ex.o
    0x08006ea0   0x08006ea0   0x0000005e   Code   RO         6456    i.HAL_UARTEx_SetRxFifoThreshold  stm32h7xx_hal_uart_ex.o
    0x08006efe   0x08006efe   0x0000005e   Code   RO         6457    i.HAL_UARTEx_SetTxFifoThreshold  stm32h7xx_hal_uart_ex.o
    0x08006f5c   0x08006f5c   0x00000078   Code   RO         6051    i.HAL_UART_Init     stm32h7xx_hal_uart.o
    0x08006fd4   0x08006fd4   0x00000278   Code   RO          667    i.HAL_UART_MspInit  usart.o
    0x0800724c   0x0800724c   0x00000004   Code   RO          729    i.HardFault_Handler  stm32h7xx_it.o
    0x08007250   0x08007250   0x0000003e   Code   RO         7957    i.IntToUnicode      usbd_desc.o
    0x0800728e   0x0800728e   0x0000003a   Code   RO         8770    i.LED_task          ws2812.o
    0x080072c8   0x080072c8   0x00000074   Code   RO          372    i.MX_DMA_Init       dma.o
    0x0800733c   0x0800733c   0x00000084   Code   RO          523    i.MX_FDCAN1_Init    fdcan.o
    0x080073c0   0x080073c0   0x00000080   Code   RO          524    i.MX_FDCAN2_Init    fdcan.o
    0x08007440   0x08007440   0x00000060   Code   RO          304    i.MX_FREERTOS_Init  freertos.o
    0x080074a0   0x080074a0   0x0000011c   Code   RO          280    i.MX_GPIO_Init      gpio.o
    0x080075bc   0x080075bc   0x00000064   Code   RO          572    i.MX_SPI2_Init      spi.o
    0x08007620   0x08007620   0x00000064   Code   RO          573    i.MX_SPI6_Init      spi.o
    0x08007684   0x08007684   0x0000007c   Code   RO          621    i.MX_TIM3_Init      tim.o
    0x08007700   0x08007700   0x0000006c   Code   RO          668    i.MX_UART7_Init     usart.o
    0x0800776c   0x0800776c   0x0000006c   Code   RO          669    i.MX_USART10_UART_Init  usart.o
    0x080077d8   0x080077d8   0x0000006c   Code   RO          670    i.MX_USART1_UART_Init  usart.o
    0x08007844   0x08007844   0x00000050   Code   RO         7895    i.MX_USB_DEVICE_Init  usb_device.o
    0x08007894   0x08007894   0x00000004   Code   RO          730    i.MemManage_Handler  stm32h7xx_it.o
    0x08007898   0x08007898   0x00000004   Code   RO          731    i.NMI_Handler       stm32h7xx_it.o
    0x0800789c   0x0800789c   0x00000010   Code   RO          732    i.OTG_HS_IRQHandler  stm32h7xx_it.o
    0x080078ac   0x080078ac   0x00000064   Code   RO          935    i.PCD_EP_OutSetupPacket_int  stm32h7xx_hal_pcd.o
    0x08007910   0x08007910   0x00000144   Code   RO          936    i.PCD_EP_OutXfrComplete_int  stm32h7xx_hal_pcd.o
    0x08007a54   0x08007a54   0x000000b6   Code   RO          937    i.PCD_WriteEmptyTxFifo  stm32h7xx_hal_pcd.o
    0x08007b0a   0x08007b0a   0x00000048   Code   RO           15    i.PeriphCommonClock_Config  main.o
    0x08007b52   0x08007b52   0x00000002   PAD
    0x08007b54   0x08007b54   0x00000164   Code   RO         1649    i.RCCEx_PLL2_Config  stm32h7xx_hal_rcc_ex.o
    0x08007cb8   0x08007cb8   0x00000164   Code   RO         1650    i.RCCEx_PLL3_Config  stm32h7xx_hal_rcc_ex.o
    0x08007e1c   0x08007e1c   0x00000010   Code   RO          733    i.SPI2_IRQHandler   stm32h7xx_it.o
    0x08007e2c   0x08007e2c   0x000000d6   Code   RO         4689    i.SPI_CloseTransfer  stm32h7xx_hal_spi.o
    0x08007f02   0x08007f02   0x0000001c   Code   RO         4690    i.SPI_DMAAbortOnError  stm32h7xx_hal_spi.o
    0x08007f1e   0x08007f1e   0x0000001a   Code   RO         4700    i.SPI_GetPacketSize  stm32h7xx_hal_spi.o
    0x08007f38   0x08007f38   0x00000042   Code   RO         4707    i.SPI_WaitOnFlagUntilTimeout  stm32h7xx_hal_spi.o
    0x08007f7a   0x08007f7a   0x00000012   Code   RO         8490    i.SWAPBYTE          usbd_ctlreq.o
    0x08007f8c   0x08007f8c   0x0000000c   Code   RO          305    i.StartDefaultTask  freertos.o
    0x08007f98   0x08007f98   0x00000034   Code   RO         7816    i.SysTick_Handler   port.o
    0x08007fcc   0x08007fcc   0x000000bc   Code   RO           16    i.SystemClock_Config  main.o
    0x08008088   0x08008088   0x000000e0   Code   RO         6571    i.SystemInit        system_stm32h7xx.o
    0x08008168   0x08008168   0x00000010   Code   RO          734    i.TIM2_IRQHandler   stm32h7xx_it.o
    0x08008178   0x08008178   0x000000f0   Code   RO         5087    i.TIM_Base_SetConfig  stm32h7xx_hal_tim.o
    0x08008268   0x08008268   0x000000ac   Code   RO         5100    i.TIM_OC1_SetConfig  stm32h7xx_hal_tim.o
    0x08008314   0x08008314   0x000000b4   Code   RO         5101    i.TIM_OC2_SetConfig  stm32h7xx_hal_tim.o
    0x080083c8   0x080083c8   0x000000b4   Code   RO         5102    i.TIM_OC3_SetConfig  stm32h7xx_hal_tim.o
    0x0800847c   0x0800847c   0x00000074   Code   RO         5103    i.TIM_OC4_SetConfig  stm32h7xx_hal_tim.o
    0x080084f0   0x080084f0   0x00000070   Code   RO         5104    i.TIM_OC5_SetConfig  stm32h7xx_hal_tim.o
    0x08008560   0x08008560   0x00000070   Code   RO         5105    i.TIM_OC6_SetConfig  stm32h7xx_hal_tim.o
    0x080085d0   0x080085d0   0x00000058   Code   RO         6461    i.UARTEx_SetNbDataToProcess  stm32h7xx_hal_uart_ex.o
    0x08008628   0x08008628   0x000000f8   Code   RO         6065    i.UART_AdvFeatureConfig  stm32h7xx_hal_uart.o
    0x08008720   0x08008720   0x000000ea   Code   RO         6066    i.UART_CheckIdleState  stm32h7xx_hal_uart.o
    0x0800880a   0x0800880a   0x00000002   PAD
    0x0800880c   0x0800880c   0x0000006c   Code   RO         6077    i.UART_EndRxTransfer  stm32h7xx_hal_uart.o
    0x08008878   0x08008878   0x00000628   Code   RO         6084    i.UART_SetConfig    stm32h7xx_hal_uart.o
    0x08008ea0   0x08008ea0   0x000000ac   Code   RO         6091    i.UART_WaitOnFlagUntilTimeout  stm32h7xx_hal_uart.o
    0x08008f4c   0x08008f4c   0x000000c4   Code   RO         8661    i.USBD_CDC_DataIn   usbd_cdc.o
    0x08009010   0x08009010   0x00000048   Code   RO         8662    i.USBD_CDC_DataOut  usbd_cdc.o
    0x08009058   0x08009058   0x000000d4   Code   RO         8663    i.USBD_CDC_DeInit   usbd_cdc.o
    0x0800912c   0x0800912c   0x00000050   Code   RO         8664    i.USBD_CDC_EP0_RxReady  usbd_cdc.o
    0x0800917c   0x0800917c   0x00000010   Code   RO         8665    i.USBD_CDC_GetDeviceQualifierDescriptor  usbd_cdc.o
    0x0800918c   0x0800918c   0x00000044   Code   RO         8666    i.USBD_CDC_GetFSCfgDesc  usbd_cdc.o
    0x080091d0   0x080091d0   0x00000048   Code   RO         8667    i.USBD_CDC_GetHSCfgDesc  usbd_cdc.o
    0x08009218   0x08009218   0x00000044   Code   RO         8668    i.USBD_CDC_GetOtherSpeedCfgDesc  usbd_cdc.o
    0x0800925c   0x0800925c   0x000001a0   Code   RO         8669    i.USBD_CDC_Init     usbd_cdc.o
    0x080093fc   0x080093fc   0x00000050   Code   RO         8670    i.USBD_CDC_ReceivePacket  usbd_cdc.o
    0x0800944c   0x0800944c   0x00000018   Code   RO         8671    i.USBD_CDC_RegisterInterface  usbd_cdc.o
    0x08009464   0x08009464   0x0000001e   Code   RO         8672    i.USBD_CDC_SetRxBuffer  usbd_cdc.o
    0x08009482   0x08009482   0x00000024   Code   RO         8673    i.USBD_CDC_SetTxBuffer  usbd_cdc.o
    0x080094a6   0x080094a6   0x00000140   Code   RO         8674    i.USBD_CDC_Setup    usbd_cdc.o
    0x080095e6   0x080095e6   0x0000001c   Code   RO         8324    i.USBD_ClrClassConfig  usbd_core.o
    0x08009602   0x08009602   0x0000003e   Code   RO         8491    i.USBD_ClrFeature   usbd_ctlreq.o
    0x08009640   0x08009640   0x00000006   Code   RO         8325    i.USBD_CoreFindEP   usbd_core.o
    0x08009646   0x08009646   0x00000006   Code   RO         8326    i.USBD_CoreFindIF   usbd_core.o
    0x0800964c   0x0800964c   0x00000018   Code   RO         8597    i.USBD_CtlContinueRx  usbd_ioreq.o
    0x08009664   0x08009664   0x00000018   Code   RO         8598    i.USBD_CtlContinueSendData  usbd_ioreq.o
    0x0800967c   0x0800967c   0x00000018   Code   RO         8492    i.USBD_CtlError     usbd_ctlreq.o
    0x08009694   0x08009694   0x00000028   Code   RO         8599    i.USBD_CtlPrepareRx  usbd_ioreq.o
    0x080096bc   0x080096bc   0x0000001a   Code   RO         8600    i.USBD_CtlReceiveStatus  usbd_ioreq.o
    0x080096d6   0x080096d6   0x00000022   Code   RO         8601    i.USBD_CtlSendData  usbd_ioreq.o
    0x080096f8   0x080096f8   0x0000001a   Code   RO         8602    i.USBD_CtlSendStatus  usbd_ioreq.o
    0x08009712   0x08009712   0x00000056   Code   RO         8493    i.USBD_GetConfig    usbd_ctlreq.o
    0x08009768   0x08009768   0x00000232   Code   RO         8494    i.USBD_GetDescriptor  usbd_ctlreq.o
    0x0800999a   0x0800999a   0x00000050   Code   RO         8328    i.USBD_GetEpDesc    usbd_core.o
    0x080099ea   0x080099ea   0x00000016   Code   RO         8495    i.USBD_GetLen       usbd_ctlreq.o
    0x08009a00   0x08009a00   0x00000014   Code   RO         8329    i.USBD_GetNextDesc  usbd_core.o
    0x08009a14   0x08009a14   0x0000005a   Code   RO         8496    i.USBD_GetStatus    usbd_ctlreq.o
    0x08009a6e   0x08009a6e   0x00000068   Code   RO         8497    i.USBD_GetString    usbd_ctlreq.o
    0x08009ad6   0x08009ad6   0x0000002c   Code   RO         8126    i.USBD_Get_USB_Status  usbd_conf.o
    0x08009b02   0x08009b02   0x00000002   PAD
    0x08009b04   0x08009b04   0x00000034   Code   RO         7958    i.USBD_HS_ConfigStrDescriptor  usbd_desc.o
    0x08009b38   0x08009b38   0x00000010   Code   RO         7959    i.USBD_HS_DeviceDescriptor  usbd_desc.o
    0x08009b48   0x08009b48   0x00000038   Code   RO         7960    i.USBD_HS_InterfaceStrDescriptor  usbd_desc.o
    0x08009b80   0x08009b80   0x00000010   Code   RO         7961    i.USBD_HS_LangIDStrDescriptor  usbd_desc.o
    0x08009b90   0x08009b90   0x0000002c   Code   RO         7962    i.USBD_HS_ManufacturerStrDescriptor  usbd_desc.o
    0x08009bbc   0x08009bbc   0x00000040   Code   RO         7963    i.USBD_HS_ProductStrDescriptor  usbd_desc.o
    0x08009bfc   0x08009bfc   0x00000018   Code   RO         7964    i.USBD_HS_SerialStrDescriptor  usbd_desc.o
    0x08009c14   0x08009c14   0x0000003a   Code   RO         8330    i.USBD_Init         usbd_core.o
    0x08009c4e   0x08009c4e   0x00000026   Code   RO         8127    i.USBD_LL_ClearStallEP  usbd_conf.o
    0x08009c74   0x08009c74   0x00000026   Code   RO         8128    i.USBD_LL_CloseEP   usbd_conf.o
    0x08009c9a   0x08009c9a   0x00000108   Code   RO         8331    i.USBD_LL_DataInStage  usbd_core.o
    0x08009da2   0x08009da2   0x00000102   Code   RO         8332    i.USBD_LL_DataOutStage  usbd_core.o
    0x08009ea4   0x08009ea4   0x00000006   Code   RO         8333    i.USBD_LL_DevConnected  usbd_core.o
    0x08009eaa   0x08009eaa   0x00000026   Code   RO         8334    i.USBD_LL_DevDisconnected  usbd_core.o
    0x08009ed0   0x08009ed0   0x00000012   Code   RO         8132    i.USBD_LL_GetRxDataSize  usbd_conf.o
    0x08009ee2   0x08009ee2   0x00000002   PAD
    0x08009ee4   0x08009ee4   0x00000070   Code   RO         8133    i.USBD_LL_Init      usbd_conf.o
    0x08009f54   0x08009f54   0x00000038   Code   RO         8134    i.USBD_LL_IsStallEP  usbd_conf.o
    0x08009f8c   0x08009f8c   0x00000048   Code   RO         8335    i.USBD_LL_IsoINIncomplete  usbd_core.o
    0x08009fd4   0x08009fd4   0x00000048   Code   RO         8336    i.USBD_LL_IsoOUTIncomplete  usbd_core.o
    0x0800a01c   0x0800a01c   0x00000030   Code   RO         8135    i.USBD_LL_OpenEP    usbd_conf.o
    0x0800a04c   0x0800a04c   0x00000030   Code   RO         8136    i.USBD_LL_PrepareReceive  usbd_conf.o
    0x0800a07c   0x0800a07c   0x0000006c   Code   RO         8337    i.USBD_LL_Reset     usbd_core.o
    0x0800a0e8   0x0800a0e8   0x00000016   Code   RO         8338    i.USBD_LL_Resume    usbd_core.o
    0x0800a0fe   0x0800a0fe   0x00000028   Code   RO         8339    i.USBD_LL_SOF       usbd_core.o
    0x0800a126   0x0800a126   0x00000008   Code   RO         8340    i.USBD_LL_SetSpeed  usbd_core.o
    0x0800a12e   0x0800a12e   0x00000026   Code   RO         8137    i.USBD_LL_SetUSBAddress  usbd_conf.o
    0x0800a154   0x0800a154   0x00000076   Code   RO         8341    i.USBD_LL_SetupStage  usbd_core.o
    0x0800a1ca   0x0800a1ca   0x00000026   Code   RO         8138    i.USBD_LL_StallEP   usbd_conf.o
    0x0800a1f0   0x0800a1f0   0x0000001e   Code   RO         8139    i.USBD_LL_Start     usbd_conf.o
    0x0800a20e   0x0800a20e   0x0000001c   Code   RO         8342    i.USBD_LL_Suspend   usbd_core.o
    0x0800a22a   0x0800a22a   0x00000030   Code   RO         8141    i.USBD_LL_Transmit  usbd_conf.o
    0x0800a25a   0x0800a25a   0x00000036   Code   RO         8498    i.USBD_ParseSetupRequest  usbd_ctlreq.o
    0x0800a290   0x0800a290   0x00000048   Code   RO         8343    i.USBD_RegisterClass  usbd_core.o
    0x0800a2d8   0x0800a2d8   0x00000006   Code   RO         8344    i.USBD_RunTestMode  usbd_core.o
    0x0800a2de   0x0800a2de   0x0000005a   Code   RO         8499    i.USBD_SetAddress   usbd_ctlreq.o
    0x0800a338   0x0800a338   0x00000020   Code   RO         8345    i.USBD_SetClassConfig  usbd_core.o
    0x0800a358   0x0800a358   0x00000104   Code   RO         8500    i.USBD_SetConfig    usbd_ctlreq.o
    0x0800a45c   0x0800a45c   0x00000038   Code   RO         8501    i.USBD_SetFeature   usbd_ctlreq.o
    0x0800a494   0x0800a494   0x0000000c   Code   RO         8346    i.USBD_Start        usbd_core.o
    0x0800a4a0   0x0800a4a0   0x000000ae   Code   RO         8502    i.USBD_StdDevReq    usbd_ctlreq.o
    0x0800a54e   0x0800a54e   0x00000280   Code   RO         8503    i.USBD_StdEPReq     usbd_ctlreq.o
    0x0800a7ce   0x0800a7ce   0x000000ae   Code   RO         8504    i.USBD_StdItfReq    usbd_ctlreq.o
    0x0800a87c   0x0800a87c   0x00000002   Code   RO         8142    i.USBD_static_free  usbd_conf.o
    0x0800a87e   0x0800a87e   0x00000002   PAD
    0x0800a880   0x0800a880   0x0000000c   Code   RO         8143    i.USBD_static_malloc  usbd_conf.o
    0x0800a88c   0x0800a88c   0x000000d0   Code   RO         1211    i.USB_ActivateEndpoint  stm32h7xx_ll_usb.o
    0x0800a95c   0x0800a95c   0x00000028   Code   RO         1213    i.USB_ActivateSetup  stm32h7xx_ll_usb.o
    0x0800a984   0x0800a984   0x000000a0   Code   RO         1215    i.USB_CoreInit      stm32h7xx_ll_usb.o
    0x0800aa24   0x0800aa24   0x00000054   Code   RO         1216    i.USB_CoreReset     stm32h7xx_ll_usb.o
    0x0800aa78   0x0800aa78   0x0000014c   Code   RO         1219    i.USB_DeactivateEndpoint  stm32h7xx_ll_usb.o
    0x0800abc4   0x0800abc4   0x00000024   Code   RO         1220    i.USB_DevConnect    stm32h7xx_ll_usb.o
    0x0800abe8   0x0800abe8   0x00000024   Code   RO         1221    i.USB_DevDisconnect  stm32h7xx_ll_usb.o
    0x0800ac0c   0x0800ac0c   0x000001e0   Code   RO         1222    i.USB_DevInit       stm32h7xx_ll_usb.o
    0x0800adec   0x0800adec   0x0000000e   Code   RO         1223    i.USB_DisableGlobalInt  stm32h7xx_ll_usb.o
    0x0800adfa   0x0800adfa   0x00000002   PAD
    0x0800adfc   0x0800adfc   0x00000070   Code   RO         1226    i.USB_EP0_OutStart  stm32h7xx_ll_usb.o
    0x0800ae6c   0x0800ae6c   0x0000008e   Code   RO         1227    i.USB_EPClearStall  stm32h7xx_ll_usb.o
    0x0800aefa   0x0800aefa   0x0000009a   Code   RO         1228    i.USB_EPSetStall    stm32h7xx_ll_usb.o
    0x0800af94   0x0800af94   0x000003b4   Code   RO         1229    i.USB_EPStartXfer   stm32h7xx_ll_usb.o
    0x0800b348   0x0800b348   0x000000ec   Code   RO         1230    i.USB_EPStopXfer    stm32h7xx_ll_usb.o
    0x0800b434   0x0800b434   0x0000000e   Code   RO         1231    i.USB_EnableGlobalInt  stm32h7xx_ll_usb.o
    0x0800b442   0x0800b442   0x00000050   Code   RO         1232    i.USB_FlushRxFifo   stm32h7xx_ll_usb.o
    0x0800b492   0x0800b492   0x00000054   Code   RO         1233    i.USB_FlushTxFifo   stm32h7xx_ll_usb.o
    0x0800b4e6   0x0800b4e6   0x00000026   Code   RO         1235    i.USB_GetDevSpeed   stm32h7xx_ll_usb.o
    0x0800b50c   0x0800b50c   0x0000000a   Code   RO         1237    i.USB_GetMode       stm32h7xx_ll_usb.o
    0x0800b516   0x0800b516   0x00000014   Code   RO         1245    i.USB_ReadDevAllInEpInterrupt  stm32h7xx_ll_usb.o
    0x0800b52a   0x0800b52a   0x00000014   Code   RO         1246    i.USB_ReadDevAllOutEpInterrupt  stm32h7xx_ll_usb.o
    0x0800b53e   0x0800b53e   0x00000032   Code   RO         1247    i.USB_ReadDevInEPInterrupt  stm32h7xx_ll_usb.o
    0x0800b570   0x0800b570   0x0000001a   Code   RO         1248    i.USB_ReadDevOutEPInterrupt  stm32h7xx_ll_usb.o
    0x0800b58a   0x0800b58a   0x0000000a   Code   RO         1249    i.USB_ReadInterrupts  stm32h7xx_ll_usb.o
    0x0800b594   0x0800b594   0x00000060   Code   RO         1250    i.USB_ReadPacket    stm32h7xx_ll_usb.o
    0x0800b5f4   0x0800b5f4   0x00000068   Code   RO         1252    i.USB_SetCurrentMode  stm32h7xx_ll_usb.o
    0x0800b65c   0x0800b65c   0x0000002a   Code   RO         1253    i.USB_SetDevAddress  stm32h7xx_ll_usb.o
    0x0800b686   0x0800b686   0x00000012   Code   RO         1254    i.USB_SetDevSpeed   stm32h7xx_ll_usb.o
    0x0800b698   0x0800b698   0x000000e8   Code   RO         1255    i.USB_SetTurnaroundTime  stm32h7xx_ll_usb.o
    0x0800b780   0x0800b780   0x00000044   Code   RO         1258    i.USB_WritePacket   stm32h7xx_ll_usb.o
    0x0800b7c4   0x0800b7c4   0x00000004   Code   RO          735    i.UsageFault_Handler  stm32h7xx_it.o
    0x0800b7c8   0x0800b7c8   0x000000b0   Code   RO         8771    i.WS2812_Ctrl       ws2812.o
    0x0800b878   0x0800b878   0x00000010   Code   RO         2957    i.__NVIC_GetPriorityGrouping  stm32h7xx_hal_cortex.o
    0x0800b888   0x0800b888   0x00000028   Code   RO         2958    i.__NVIC_SetPriority  stm32h7xx_hal_cortex.o
    0x0800b8b0   0x0800b8b0   0x0000000e   Code   RO         9244    i.__scatterload_copy  mc_w.l(handlers.o)
    0x0800b8be   0x0800b8be   0x00000002   Code   RO         9245    i.__scatterload_null  mc_w.l(handlers.o)
    0x0800b8c0   0x0800b8c0   0x0000000e   Code   RO         9246    i.__scatterload_zeroinit  mc_w.l(handlers.o)
    0x0800b8ce   0x0800b8ce   0x00000008   Code   RO          306    i.arm_task          freertos.o
    0x0800b8d6   0x0800b8d6   0x00000078   Code   RO         8997    i.canx_send_data    can_bsp.o
    0x0800b94e   0x0800b94e   0x00000098   Code   RO         8946    i.dm4310_data       rope_task.o
    0x0800b9e6   0x0800b9e6   0x00000042   Code   RO         9050    i.enable_motor_mode  dm4310_drv.o
    0x0800ba28   0x0800ba28   0x0000000a   Code   RO          307    i.imu_task          freertos.o
    0x0800ba32   0x0800ba32   0x00000002   PAD
    0x0800ba34   0x0800ba34   0x00000068   Code   RO           17    i.main              main.o
    0x0800ba9c   0x0800ba9c   0x0000000e   Code   RO         7381    i.makeFreeRtosPriority  cmsis_os.o
    0x0800baaa   0x0800baaa   0x00000002   PAD
    0x0800baac   0x0800baac   0x00000028   Code   RO         8947    i.motor_enable_init  rope_task.o
    0x0800bad4   0x0800bad4   0x00000018   Code   RO         7383    i.osDelay           cmsis_os.o
    0x0800baec   0x0800baec   0x0000000a   Code   RO         7386    i.osKernelStart     cmsis_os.o
    0x0800baf6   0x0800baf6   0x00000030   Code   RO         7420    i.osThreadCreate    cmsis_os.o
    0x0800bb26   0x0800bb26   0x0000005c   Code   RO         9055    i.pos_speed_ctrl    dm4310_drv.o
    0x0800bb82   0x0800bb82   0x00000002   PAD
    0x0800bb84   0x0800bb84   0x00000098   Code   RO         7058    i.prvAddCurrentTaskToDelayedList  tasks.o
    0x0800bc1c   0x0800bc1c   0x000000b4   Code   RO         7059    i.prvAddNewTaskToReadyList  tasks.o
    0x0800bcd0   0x0800bcd0   0x00000048   Code   RO         7060    i.prvCheckTasksWaitingTermination  tasks.o
    0x0800bd18   0x0800bd18   0x00000012   Code   RO         7061    i.prvDeleteTCB      tasks.o
    0x0800bd2a   0x0800bd2a   0x00000002   PAD
    0x0800bd2c   0x0800bd2c   0x0000007c   Code   RO         7748    i.prvHeapInit       heap_4.o
    0x0800bda8   0x0800bda8   0x00000028   Code   RO         7062    i.prvIdleTask       tasks.o
    0x0800bdd0   0x0800bdd0   0x000000b4   Code   RO         7063    i.prvInitialiseNewTask  tasks.o
    0x0800be84   0x0800be84   0x00000068   Code   RO         7064    i.prvInitialiseTaskLists  tasks.o
    0x0800beec   0x0800beec   0x00000068   Code   RO         7749    i.prvInsertBlockIntoFreeList  heap_4.o
    0x0800bf54   0x0800bf54   0x00000034   Code   RO         7065    i.prvResetNextTaskUnblockTime  tasks.o
    0x0800bf88   0x0800bf88   0x00000040   Code   RO         7817    i.prvTaskExitError  port.o
    0x0800bfc8   0x0800bfc8   0x0000014c   Code   RO         7750    i.pvPortMalloc      heap_4.o
    0x0800c114   0x0800c114   0x0000002c   Code   RO         7818    i.pxPortInitialiseStack  port.o
    0x0800c140   0x0800c140   0x00000030   Code   RO         8948    i.rope_cal_process  rope_task.o
    0x0800c170   0x0800c170   0x00000034   Code   RO         9057    i.uint_to_float     dm4310_drv.o
    0x0800c1a4   0x0800c1a4   0x00000028   Code   RO         6702    i.uxListRemove      list.o
    0x0800c1cc   0x0800c1cc   0x0000001a   Code   RO         6703    i.vListInitialise   list.o
    0x0800c1e6   0x0800c1e6   0x00000006   Code   RO         6704    i.vListInitialiseItem  list.o
    0x0800c1ec   0x0800c1ec   0x00000034   Code   RO         6705    i.vListInsert       list.o
    0x0800c220   0x0800c220   0x00000018   Code   RO         6706    i.vListInsertEnd    list.o
    0x0800c238   0x0800c238   0x00000054   Code   RO         7820    i.vPortEnterCritical  port.o
    0x0800c28c   0x0800c28c   0x0000003c   Code   RO         7821    i.vPortExitCritical  port.o
    0x0800c2c8   0x0800c2c8   0x000000a4   Code   RO         7751    i.vPortFree         heap_4.o
    0x0800c36c   0x0800c36c   0x00000028   Code   RO         7822    i.vPortSetupTimerInterrupt  port.o
    0x0800c394   0x0800c394   0x0000005c   Code   RO         7074    i.vTaskDelay        tasks.o
    0x0800c3f0   0x0800c3f0   0x00000088   Code   RO         7087    i.vTaskStartScheduler  tasks.o
    0x0800c478   0x0800c478   0x00000010   Code   RO         7089    i.vTaskSuspendAll   tasks.o
    0x0800c488   0x0800c488   0x0000008c   Code   RO         7090    i.vTaskSwitchContext  tasks.o
    0x0800c514   0x0800c514   0x00000168   Code   RO         7824    i.xPortStartScheduler  port.o
    0x0800c67c   0x0800c67c   0x00000060   Code   RO         7093    i.xTaskCreate       tasks.o
    0x0800c6dc   0x0800c6dc   0x00000148   Code   RO         7100    i.xTaskIncrementTick  tasks.o
    0x0800c824   0x0800c824   0x00000104   Code   RO         7106    i.xTaskResumeAll    tasks.o
    0x0800c928   0x0800c928   0x0000003c   Data   RO          308    .constdata          freertos.o
    0x0800c964   0x0800c964   0x00000008   Data   RO         2258    .constdata          stm32h7xx_hal_dma.o
    0x0800c96c   0x0800c96c   0x0000005c   Data   RO         4140    .constdata          stm32h7xx_hal_fdcan.o
    0x0800c9c8   0x0800c9c8   0x00000018   Data   RO         6092    .constdata          stm32h7xx_hal_uart.o
    0x0800c9e0   0x0800c9e0   0x00000010   Data   RO         6463    .constdata          stm32h7xx_hal_uart_ex.o
    0x0800c9f0   0x0800c9f0   0x00000010   Data   RO         6572    .constdata          system_stm32h7xx.o
    0x0800ca00   0x0800ca00   0x00000024   Data   RO          309    .conststring        freertos.o
    0x0800ca24   0x0800ca24   0x00000020   Data   RO         9242    Region$$Table       anon$$obj.o


    Execution Region RW_IRAM1 (Exec base: 0x20000000, Load base: 0x0800ca44, Size: 0x00000000, Max: 0x00020000, ABSOLUTE)

    **** No section assigned to this execution region ****


    Execution Region RW_IRAM2 (Exec base: 0x24000000, Load base: 0x0800ca44, Size: 0x0000a770, Max: 0x00050000, ABSOLUTE, COMPRESSED[0x000000c8])

    Exec Addr    Load Addr    Size         Type   Attr      Idx    E Section Name        Object

    0x24000000   COMPRESSED   0x0000000c   Data   RW          310    .data               freertos.o
    0x2400000c   COMPRESSED   0x00000004   Data   RW          526    .data               fdcan.o
    0x24000010   COMPRESSED   0x00000009   Data   RW         3148    .data               stm32h7xx_hal.o
    0x24000019   COMPRESSED   0x00000003   PAD
    0x2400001c   COMPRESSED   0x00000008   Data   RW         6573    .data               system_stm32h7xx.o
    0x24000024   COMPRESSED   0x0000003c   Data   RW         7109    .data               tasks.o
    0x24000060   COMPRESSED   0x00000020   Data   RW         7757    .data               heap_4.o
    0x24000080   COMPRESSED   0x0000000c   Data   RW         7825    .data               port.o
    0x2400008c   COMPRESSED   0x0000005e   Data   RW         7967    .data               usbd_desc.o
    0x240000ea   COMPRESSED   0x00000002   PAD
    0x240000ec   COMPRESSED   0x00000014   Data   RW         8059    .data               usbd_cdc_if.o
    0x24000100   COMPRESSED   0x00000001   Data   RW         8505    .data               usbd_ctlreq.o
    0x24000101   COMPRESSED   0x00000003   PAD
    0x24000104   COMPRESSED   0x0000008a   Data   RW         8676    .data               usbd_cdc.o
    0x2400018e   COMPRESSED   0x00000002   PAD
    0x24000190   COMPRESSED   0x0000000a   Data   RW         8949    .data               rope_task.o
    0x2400019a   COMPRESSED   0x00000002   PAD
    0x2400019c        -       0x00000140   Zero   RW          525    .bss                fdcan.o
    0x240002dc        -       0x00000200   Zero   RW          574    .bss                spi.o
    0x240004dc        -       0x0000004c   Zero   RW          622    .bss                tim.o
    0x24000528        -       0x00000324   Zero   RW          671    .bss                usart.o
    0x2400084c        -       0x0000004c   Zero   RW          865    .bss                stm32h7xx_hal_timebase_tim.o
    0x24000898        -       0x000000f0   Zero   RW         7108    .bss                tasks.o
    0x24000988        -       0x00007800   Zero   RW         7756    .bss                heap_4.o
    0x24008188        -       0x000002dc   Zero   RW         7896    .bss                usb_device.o
    0x24008464        -       0x00000200   Zero   RW         7966    .bss                usbd_desc.o
    0x24008664        -       0x00001000   Zero   RW         8058    .bss                usbd_cdc_if.o
    0x24009664        -       0x00000704   Zero   RW         8144    .bss                usbd_conf.o
    0x24009d68        -       0x00000208   Zero   RW         8998    .bss                can_bsp.o
    0x24009f70        -       0x00000800   Zero   RW            1    STACK               startup_stm32h723xx.o


==============================================================================

Image component sizes


      Code (inc. data)   RO Data    RW Data    ZI Data      Debug   Object Name

       456         36          0          0        520       4286   can_bsp.o
        96          0          0          0          0      12823   cmsis_os.o
       210          0          0          0          0       3741   dm4310_drv.o
       116          4          0          0          0    1048727   dma.o
         0          0          0          0          0       7624   event_groups.o
       560         44          0          4        320       2676   fdcan.o
       126         18         96         12          0       4110   freertos.o
       284         14          0          0          0       1195   gpio.o
       724         74          0         32      30720       7551   heap_4.o
       148          0          0          0          0       3702   list.o
       388         10          0          0          0    1256147   main.o
       894         78          0         12          0      11252   port.o
       240         20          0         10          0       2561   rope_task.o
       712         58          0          0        512       2808   spi.o
        36          8        716          0       2048        836   startup_stm32h723xx.o
       172         34          0          9          0      22990   stm32h7xx_hal.o
       258         22          0          0          0      39290   stm32h7xx_hal_cortex.o
      5786        118          8          0          0       9731   stm32h7xx_hal_dma.o
      3582         54         92          0          0      22716   stm32h7xx_hal_fdcan.o
       508         50          0          0          0       2228   stm32h7xx_hal_gpio.o
        48          6          0          0          0        942   stm32h7xx_hal_msp.o
      3628         16          0          0          0      13912   stm32h7xx_hal_pcd.o
       130          4          0          0          0       3213   stm32h7xx_hal_pcd_ex.o
       116         12          0          0          0       1342   stm32h7xx_hal_pwr_ex.o
      3496        120          0          0          0       7605   stm32h7xx_hal_rcc.o
      5140        112          0          0          0       7345   stm32h7xx_hal_rcc_ex.o
      2128         18          0          0          0       9794   stm32h7xx_hal_spi.o
      2322        234          0          0          0      12949   stm32h7xx_hal_tim.o
       234         38          0          0          0       3308   stm32h7xx_hal_tim_ex.o
       160         18          0          0         76       1655   stm32h7xx_hal_timebase_tim.o
      2458        132         24          0          0      25622   stm32h7xx_hal_uart.o
       354         10         16          0          0       3793   stm32h7xx_hal_uart_ex.o
       182         60          0          0          0       7855   stm32h7xx_it.o
      3894         88          0          0          0      22956   stm32h7xx_ll_usb.o
       224         32         16          8          0       1414   system_stm32h7xx.o
      1866        268          0         60        240      18805   tasks.o
       264         30          0          0         76       2435   tim.o
       956         72          0          0        804       3625   usart.o
        80         16          0          0        732       8503   usb_device.o
      1690         48          0        138          0      13595   usbd_cdc.o
       148         16          0         20       4096       3642   usbd_cdc_if.o
       956         30          0          0       1796      17708   usbd_conf.o
      1354          0          0          0          0      16673   usbd_core.o
      2416         22          0          1          0      18120   usbd_ctlreq.o
       386        122          0         94        512       7081   usbd_desc.o
       174          0          0          0          0       4844   usbd_ioreq.o
       234          6          0          0          0       1429   ws2812.o

    ----------------------------------------------------------------------
     50376       2172       1000        412      42452    2707159   Object Totals
         0          0         32          0          0          0   (incl. Generated)
        42          0          0         12          0          0   (incl. Padding)

    ----------------------------------------------------------------------

      Code (inc. data)   RO Data    RW Data    ZI Data      Debug   Library Member Name

        86          0          0          0          0          0   __dczerorl2.o
         0          0          0          0          0          0   entry.o
         0          0          0          0          0          0   entry10a.o
         0          0          0          0          0          0   entry11a.o
         8          4          0          0          0          0   entry2.o
         4          0          0          0          0          0   entry5.o
         0          0          0          0          0          0   entry7b.o
         0          0          0          0          0          0   entry8b.o
         8          4          0          0          0          0   entry9a.o
        30          0          0          0          0          0   handlers.o
        36          8          0          0          0         68   init.o
        30          0          0          0          0         68   llshl.o
        32          0          0          0          0         68   llushr.o
        36          0          0          0          0         68   memcpya.o
        36          0          0          0          0        108   memseta.o
        98          0          0          0          0         92   uldiv.o

    ----------------------------------------------------------------------
       404         16          0          0          0        472   Library Totals
         0          0          0          0          0          0   (incl. Padding)

    ----------------------------------------------------------------------

      Code (inc. data)   RO Data    RW Data    ZI Data      Debug   Library Name

       404         16          0          0          0        472   mc_w.l

    ----------------------------------------------------------------------
       404         16          0          0          0        472   Library Totals

    ----------------------------------------------------------------------

==============================================================================


      Code (inc. data)   RO Data    RW Data    ZI Data      Debug   

     50780       2188       1000        412      42452    2674659   Grand Totals
     50780       2188       1000        200      42452    2674659   ELF Image Totals (compressed)
     50780       2188       1000        200          0          0   ROM Totals

==============================================================================

    Total RO  Size (Code + RO Data)                51780 (  50.57kB)
    Total RW  Size (RW Data + ZI Data)             42864 (  41.86kB)
    Total ROM Size (Code + RO Data + RW Data)      51980 (  50.76kB)

==============================================================================

