Component: ARM Compiler 5.06 update 6 (build 750) Tool: armlink [4d35ed]

==============================================================================

Section Cross References

    startup_stm32h723xx.o(STACK) refers (Special) to heapauxi.o(.text) for __use_two_region_memory
    startup_stm32h723xx.o(HEAP) refers (Special) to heapauxi.o(.text) for __use_two_region_memory
    startup_stm32h723xx.o(RESET) refers (Special) to heapauxi.o(.text) for __use_two_region_memory
    startup_stm32h723xx.o(RESET) refers to startup_stm32h723xx.o(STACK) for __initial_sp
    startup_stm32h723xx.o(RESET) refers to startup_stm32h723xx.o(.text) for Reset_Handler
    startup_stm32h723xx.o(RESET) refers to stm32h7xx_it.o(i.NMI_Handler) for NMI_Handler
    startup_stm32h723xx.o(RESET) refers to stm32h7xx_it.o(i.HardFault_Handler) for HardFault_Handler
    startup_stm32h723xx.o(RESET) refers to stm32h7xx_it.o(i.MemManage_Handler) for MemManage_Handler
    startup_stm32h723xx.o(RESET) refers to stm32h7xx_it.o(i.BusFault_Handler) for BusFault_Handler
    startup_stm32h723xx.o(RESET) refers to stm32h7xx_it.o(i.UsageFault_Handler) for UsageFault_Handler
    startup_stm32h723xx.o(RESET) refers to port.o(.emb_text) for SVC_Handler
    startup_stm32h723xx.o(RESET) refers to stm32h7xx_it.o(i.DebugMon_Handler) for DebugMon_Handler
    startup_stm32h723xx.o(RESET) refers to port.o(i.SysTick_Handler) for SysTick_Handler
    startup_stm32h723xx.o(RESET) refers to stm32h7xx_it.o(i.DMA1_Stream0_IRQHandler) for DMA1_Stream0_IRQHandler
    startup_stm32h723xx.o(RESET) refers to stm32h7xx_it.o(i.DMA1_Stream1_IRQHandler) for DMA1_Stream1_IRQHandler
    startup_stm32h723xx.o(RESET) refers to stm32h7xx_it.o(i.DMA1_Stream2_IRQHandler) for DMA1_Stream2_IRQHandler
    startup_stm32h723xx.o(RESET) refers to stm32h7xx_it.o(i.OTG_HS_IRQHandler) for OTG_HS_IRQHandler
    startup_stm32h723xx.o(RESET) refers to stm32h7xx_it.o(i.TIM23_IRQHandler) for TIM23_IRQHandler
    startup_stm32h723xx.o(.text) refers (Special) to heapauxi.o(.text) for __use_two_region_memory
    startup_stm32h723xx.o(.text) refers to system_stm32h7xx.o(i.SystemInit) for SystemInit
    startup_stm32h723xx.o(.text) refers to __main.o(!!!main) for __main
    startup_stm32h723xx.o(.text) refers to startup_stm32h723xx.o(HEAP) for Heap_Mem
    startup_stm32h723xx.o(.text) refers to startup_stm32h723xx.o(STACK) for Stack_Mem
    main.o(i.HAL_TIM_PeriodElapsedCallback) refers to stm32h7xx_hal.o(i.HAL_IncTick) for HAL_IncTick
    main.o(i.SystemClock_Config) refers to rt_memclr_w.o(.text) for __aeabi_memclr4
    main.o(i.SystemClock_Config) refers to stm32h7xx_hal_pwr_ex.o(i.HAL_PWREx_ConfigSupply) for HAL_PWREx_ConfigSupply
    main.o(i.SystemClock_Config) refers to stm32h7xx_hal_rcc.o(i.HAL_RCC_OscConfig) for HAL_RCC_OscConfig
    main.o(i.SystemClock_Config) refers to stm32h7xx_hal_rcc.o(i.HAL_RCC_ClockConfig) for HAL_RCC_ClockConfig
    main.o(i.main) refers to stm32h7xx_hal.o(i.HAL_Init) for HAL_Init
    main.o(i.main) refers to main.o(i.SystemClock_Config) for SystemClock_Config
    main.o(i.main) refers to gpio.o(i.MX_GPIO_Init) for MX_GPIO_Init
    main.o(i.main) refers to dma.o(i.MX_DMA_Init) for MX_DMA_Init
    main.o(i.main) refers to usart.o(i.MX_USART1_UART_Init) for MX_USART1_UART_Init
    main.o(i.main) refers to usart.o(i.MX_UART7_Init) for MX_UART7_Init
    main.o(i.main) refers to usart.o(i.MX_USART10_UART_Init) for MX_USART10_UART_Init
    main.o(i.main) refers to freertos.o(i.MX_FREERTOS_Init) for MX_FREERTOS_Init
    main.o(i.main) refers to cmsis_os.o(i.osKernelStart) for osKernelStart
    freertos.o(i.MX_FREERTOS_Init) refers to rt_memcpy_w.o(.text) for __aeabi_memcpy4
    freertos.o(i.MX_FREERTOS_Init) refers to cmsis_os.o(i.osThreadCreate) for osThreadCreate
    freertos.o(i.MX_FREERTOS_Init) refers to freertos.o(.constdata) for .constdata
    freertos.o(i.MX_FREERTOS_Init) refers to freertos.o(.data) for .data
    freertos.o(i.StartDefaultTask) refers to usb_device.o(i.MX_USB_DEVICE_Init) for MX_USB_DEVICE_Init
    freertos.o(i.StartDefaultTask) refers to cmsis_os.o(i.osDelay) for osDelay
    freertos.o(i.arm_task) refers to cmsis_os.o(i.osDelay) for osDelay
    freertos.o(i.imu_task) refers to cmsis_os.o(i.osDelay) for osDelay
    freertos.o(.constdata) refers to freertos.o(.conststring) for .conststring
    freertos.o(.constdata) refers to freertos.o(i.StartDefaultTask) for StartDefaultTask
    freertos.o(.constdata) refers to freertos.o(i.imu_task) for imu_task
    freertos.o(.constdata) refers to freertos.o(i.arm_task) for arm_task
    dma.o(i.MX_DMA_Init) refers to stm32h7xx_hal_cortex.o(i.HAL_NVIC_SetPriority) for HAL_NVIC_SetPriority
    dma.o(i.MX_DMA_Init) refers to stm32h7xx_hal_cortex.o(i.HAL_NVIC_EnableIRQ) for HAL_NVIC_EnableIRQ
    usart.o(i.HAL_UART_MspDeInit) refers to stm32h7xx_hal_gpio.o(i.HAL_GPIO_DeInit) for HAL_GPIO_DeInit
    usart.o(i.HAL_UART_MspDeInit) refers to stm32h7xx_hal_dma.o(i.HAL_DMA_DeInit) for HAL_DMA_DeInit
[...]
    __rt_lib_init_cpp_1                      0x08000387   Thumb Code     0  libinit2.o(.ARM.Collect$$libinit$$00000032)
    __rt_lib_init_exceptions_1               0x08000387   Thumb Code     0  libinit2.o(.ARM.Collect$$libinit$$00000030)
    __rt_lib_init_fp_trap_1                  0x08000387   Thumb Code     0  libinit2.o(.ARM.Collect$$libinit$$0000001F)
    __rt_lib_init_getenv_1                   0x08000387   Thumb Code     0  libinit2.o(.ARM.Collect$$libinit$$00000023)
    __rt_lib_init_heap_1                     0x08000387   Thumb Code     0  libinit2.o(.ARM.Collect$$libinit$$0000000A)
    __rt_lib_init_lc_collate_1               0x08000387   Thumb Code     0  libinit2.o(.ARM.Collect$$libinit$$00000011)
    __rt_lib_init_lc_ctype_1                 0x08000387   Thumb Code     0  libinit2.o(.ARM.Collect$$libinit$$00000013)
    __rt_lib_init_lc_monetary_1              0x08000387   Thumb Code     0  libinit2.o(.ARM.Collect$$libinit$$00000015)
    __rt_lib_init_lc_numeric_1               0x08000387   Thumb Code     0  libinit2.o(.ARM.Collect$$libinit$$00000017)
    __rt_lib_init_lc_time_1                  0x08000387   Thumb Code     0  libinit2.o(.ARM.Collect$$libinit$$00000019)
    __rt_lib_init_preinit_1                  0x08000387   Thumb Code     0  libinit2.o(.ARM.Collect$$libinit$$00000004)
    __rt_lib_init_rand_1                     0x08000387   Thumb Code     0  libinit2.o(.ARM.Collect$$libinit$$0000000E)
    __rt_lib_init_return                     0x08000387   Thumb Code     0  libinit2.o(.ARM.Collect$$libinit$$00000033)
    __rt_lib_init_signal_1                   0x08000387   Thumb Code     0  libinit2.o(.ARM.Collect$$libinit$$0000001D)
    __rt_lib_init_stdio_1                    0x08000387   Thumb Code     0  libinit2.o(.ARM.Collect$$libinit$$00000025)
    __rt_lib_init_user_alloc_1               0x08000387   Thumb Code     0  libinit2.o(.ARM.Collect$$libinit$$0000000C)
    __rt_lib_shutdown                        0x08000389   Thumb Code     0  libshutdown.o(.ARM.Collect$$libshutdown$$00000000)
    __rt_lib_shutdown_cpp_1                  0x0800038b   Thumb Code     0  libshutdown2.o(.ARM.Collect$$libshutdown$$00000002)
    __rt_lib_shutdown_fp_trap_1              0x0800038b   Thumb Code     0  libshutdown2.o(.ARM.Collect$$libshutdown$$00000007)
    __rt_lib_shutdown_heap_1                 0x0800038b   Thumb Code     0  libshutdown2.o(.ARM.Collect$$libshutdown$$0000000F)
    __rt_lib_shutdown_return                 0x0800038b   Thumb Code     0  libshutdown2.o(.ARM.Collect$$libshutdown$$00000010)
    __rt_lib_shutdown_signal_1               0x0800038b   Thumb Code     0  libshutdown2.o(.ARM.Collect$$libshutdown$$0000000A)
    __rt_lib_shutdown_stdio_1                0x0800038b   Thumb Code     0  libshutdown2.o(.ARM.Collect$$libshutdown$$00000004)
    __rt_lib_shutdown_user_alloc_1           0x0800038b   Thumb Code     0  libshutdown2.o(.ARM.Collect$$libshutdown$$0000000C)
    __rt_entry                               0x0800038d   Thumb Code     0  __rtentry.o(.ARM.Collect$$rtentry$$00000000)
    __rt_entry_presh_1                       0x0800038d   Thumb Code     0  __rtentry2.o(.ARM.Collect$$rtentry$$00000002)
    __rt_entry_sh                            0x0800038d   Thumb Code     0  __rtentry4.o(.ARM.Collect$$rtentry$$00000004)
    __rt_entry_li                            0x08000393   Thumb Code     0  __rtentry2.o(.ARM.Collect$$rtentry$$0000000A)
    __rt_entry_postsh_1                      0x08000393   Thumb Code     0  __rtentry2.o(.ARM.Collect$$rtentry$$00000009)
    __rt_entry_main                          0x08000397   Thumb Code     0  __rtentry2.o(.ARM.Collect$$rtentry$$0000000D)
    __rt_entry_postli_1                      0x08000397   Thumb Code     0  __rtentry2.o(.ARM.Collect$$rtentry$$0000000C)
    __rt_exit                                0x0800039f   Thumb Code     0  rtexit.o(.ARM.Collect$$rtexit$$00000000)
    __rt_exit_ls                             0x080003a1   Thumb Code     0  rtexit2.o(.ARM.Collect$$rtexit$$00000003)
    __rt_exit_prels_1                        0x080003a1   Thumb Code     0  rtexit2.o(.ARM.Collect$$rtexit$$00000002)
    __rt_exit_exit                           0x080003a5   Thumb Code     0  rtexit2.o(.ARM.Collect$$rtexit$$00000004)
    SVC_Handler                              0x080003ad   Thumb Code    28  port.o(.emb_text)
    __asm___6_port_c_39a90d8d__prvStartFirstTask 0x080003cd   Thumb Code    36  port.o(.emb_text)
    __asm___6_port_c_39a90d8d__prvEnableVFP  0x080003f5   Thumb Code    16  port.o(.emb_text)
    PendSV_Handler                           0x08000409   Thumb Code    88  port.o(.emb_text)
    vPortGetIPSR                             0x08000465   Thumb Code     6  port.o(.emb_text)
    Reset_Handler                            0x0800046d   Thumb Code     8  startup_stm32h723xx.o(.text)
    ADC3_IRQHandler                          0x08000487   Thumb Code     0  startup_stm32h723xx.o(.text)
    ADC_IRQHandler                           0x08000487   Thumb Code     0  startup_stm32h723xx.o(.text)
    BDMA_Channel0_IRQHandler                 0x08000487   Thumb Code     0  startup_stm32h723xx.o(.text)
    BDMA_Channel1_IRQHandler                 0x08000487   Thumb Code     0  startup_stm32h723xx.o(.text)
    BDMA_Channel2_IRQHandler                 0x08000487   Thumb Code     0  startup_stm32h723xx.o(.text)
    BDMA_Channel3_IRQHandler                 0x08000487   Thumb Code     0  startup_stm32h723xx.o(.text)
    BDMA_Channel4_IRQHandler                 0x08000487   Thumb Code     0  startup_stm32h723xx.o(.text)
    BDMA_Channel5_IRQHandler                 0x08000487   Thumb Code     0  startup_stm32h723xx.o(.text)
    BDMA_Channel6_IRQHandler                 0x08000487   Thumb Code     0  startup_stm32h723xx.o(.text)
    BDMA_Channel7_IRQHandler                 0x08000487   Thumb Code     0  startup_stm32h723xx.o(.text)
    CEC_IRQHandler                           0x08000487   Thumb Code     0  startup_stm32h723xx.o(.text)
    COMP1_IRQHandler                         0x08000487   Thumb Code     0  startup_stm32h723xx.o(.text)
    CORDIC_IRQHandler                        0x08000487   Thumb Code     0  startup_stm32h723xx.o(.text)
    CRS_IRQHandler                           0x08000487   Thumb Code     0  startup_stm32h723xx.o(.text)
    DCMI_PSSI_IRQHandler                     0x08000487   Thumb Code     0  startup_stm32h723xx.o(.text)
    DFSDM1_FLT0_IRQHandler                   0x08000487   Thumb Code     0  startup_stm32h723xx.o(.text)
    DFSDM1_FLT1_IRQHandler                   0x08000487   Thumb Code     0  startup_stm32h723xx.o(.text)
    DFSDM1_FLT2_IRQHandler                   0x08000487   Thumb Code     0  startup_stm32h723xx.o(.text)
    DFSDM1_FLT3_IRQHandler                   0x08000487   Thumb Code     0  startup_stm32h723xx.o(.text)
    DMA1_Stream3_IRQHandler                  0x08000487   Thumb Code     0  startup_stm32h723xx.o(.text)
    DMA1_Stream4_IRQHandler                  0x08000487   Thumb Code     0  startup_stm32h723xx.o(.text)
    DMA1_Stream5_IRQHandler                  0x08000487   Thumb Code     0  startup_stm32h723xx.o(.text)
    DMA1_Stream6_IRQHandler                  0x08000487   Thumb Code     0  startup_stm32h723xx.o(.text)
    DMA1_Stream7_IRQHandler                  0x08000487   Thumb Code     0  startup_stm32h723xx.o(.text)
    DMA2D_IRQHandler                         0x08000487   Thumb Code     0  startup_stm32h723xx.o(.text)
    DMA2_Stream0_IRQHandler                  0x08000487   Thumb Code     0  startup_stm32h723xx.o(.text)
    DMA2_Stream1_IRQHandler                  0x08000487   Thumb Code     0  startup_stm32h723xx.o(.text)
    DMA2_Stream2_IRQHandler                  0x08000487   Thumb Code     0  startup_stm32h723xx.o(.text)
    DMA2_Stream3_IRQHandler                  0x08000487   Thumb Code     0  startup_stm32h723xx.o(.text)
    DMA2_Stream4_IRQHandler                  0x08000487   Thumb Code     0  startup_stm32h723xx.o(.text)
    DMA2_Stream5_IRQHandler                  0x08000487   Thumb Code     0  startup_stm32h723xx.o(.text)
    DMA2_Stream6_IRQHandler                  0x08000487   Thumb Code     0  startup_stm32h723xx.o(.text)
    DMA2_Stream7_IRQHandler                  0x08000487   Thumb Code     0  startup_stm32h723xx.o(.text)
    DMAMUX1_OVR_IRQHandler                   0x08000487   Thumb Code     0  startup_stm32h723xx.o(.text)
    DMAMUX2_OVR_IRQHandler                   0x08000487   Thumb Code     0  startup_stm32h723xx.o(.text)
    DTS_IRQHandler                           0x08000487   Thumb Code     0  startup_stm32h723xx.o(.text)
    ECC_IRQHandler                           0x08000487   Thumb Code     0  startup_stm32h723xx.o(.text)
    ETH_IRQHandler                           0x08000487   Thumb Code     0  startup_stm32h723xx.o(.text)
    ETH_WKUP_IRQHandler                      0x08000487   Thumb Code     0  startup_stm32h723xx.o(.text)
    EXTI0_IRQHandler                         0x08000487   Thumb Code     0  startup_stm32h723xx.o(.text)
    EXTI15_10_IRQHandler                     0x08000487   Thumb Code     0  startup_stm32h723xx.o(.text)
    EXTI1_IRQHandler                         0x08000487   Thumb Code     0  startup_stm32h723xx.o(.text)
    EXTI2_IRQHandler                         0x08000487   Thumb Code     0  startup_stm32h723xx.o(.text)
    EXTI3_IRQHandler                         0x08000487   Thumb Code     0  startup_stm32h723xx.o(.text)
    EXTI4_IRQHandler                         0x08000487   Thumb Code     0  startup_stm32h723xx.o(.text)
    EXTI9_5_IRQHandler                       0x08000487   Thumb Code     0  startup_stm32h723xx.o(.text)
    FDCAN1_IT0_IRQHandler                    0x08000487   Thumb Code     0  startup_stm32h723xx.o(.text)
    FDCAN1_IT1_IRQHandler                    0x08000487   Thumb Code     0  startup_stm32h723xx.o(.text)
    FDCAN2_IT0_IRQHandler                    0x08000487   Thumb Code     0  startup_stm32h723xx.o(.text)
    FDCAN2_IT1_IRQHandler                    0x08000487   Thumb Code     0  startup_stm32h723xx.o(.text)
    FDCAN3_IT0_IRQHandler                    0x08000487   Thumb Code     0  startup_stm32h723xx.o(.text)
    FDCAN3_IT1_IRQHandler                    0x08000487   Thumb Code     0  startup_stm32h723xx.o(.text)
    FDCAN_CAL_IRQHandler                     0x08000487   Thumb Code     0  startup_stm32h723xx.o(.text)
    FLASH_IRQHandler                         0x08000487   Thumb Code     0  startup_stm32h723xx.o(.text)
    FMAC_IRQHandler                          0x08000487   Thumb Code     0  startup_stm32h723xx.o(.text)
    FMC_IRQHandler                           0x08000487   Thumb Code     0  startup_stm32h723xx.o(.text)
    FPU_IRQHandler                           0x08000487   Thumb Code     0  startup_stm32h723xx.o(.text)
    HSEM1_IRQHandler                         0x08000487   Thumb Code     0  startup_stm32h723xx.o(.text)
    I2C1_ER_IRQHandler                       0x08000487   Thumb Code     0  startup_stm32h723xx.o(.text)
    I2C1_EV_IRQHandler                       0x08000487   Thumb Code     0  startup_stm32h723xx.o(.text)
    I2C2_ER_IRQHandler                       0x08000487   Thumb Code     0  startup_stm32h723xx.o(.text)
    I2C2_EV_IRQHandler                       0x08000487   Thumb Code     0  startup_stm32h723xx.o(.text)
    I2C3_ER_IRQHandler                       0x08000487   Thumb Code     0  startup_stm32h723xx.o(.text)
    I2C3_EV_IRQHandler                       0x08000487   Thumb Code     0  startup_stm32h723xx.o(.text)
    I2C4_ER_IRQHandler                       0x08000487   Thumb Code     0  startup_stm32h723xx.o(.text)
    I2C4_EV_IRQHandler                       0x08000487   Thumb Code     0  startup_stm32h723xx.o(.text)
    I2C5_ER_IRQHandler                       0x08000487   Thumb Code     0  startup_stm32h723xx.o(.text)
    I2C5_EV_IRQHandler                       0x08000487   Thumb Code     0  startup_stm32h723xx.o(.text)
    LPTIM1_IRQHandler                        0x08000487   Thumb Code     0  startup_stm32h723xx.o(.text)
    LPTIM2_IRQHandler                        0x08000487   Thumb Code     0  startup_stm32h723xx.o(.text)
    LPTIM3_IRQHandler                        0x08000487   Thumb Code     0  startup_stm32h723xx.o(.text)
    LPTIM4_IRQHandler                        0x08000487   Thumb Code     0  startup_stm32h723xx.o(.text)
    LPTIM5_IRQHandler                        0x08000487   Thumb Code     0  startup_stm32h723xx.o(.text)
    LPUART1_IRQHandler                       0x08000487   Thumb Code     0  startup_stm32h723xx.o(.text)
    LTDC_ER_IRQHandler                       0x08000487   Thumb Code     0  startup_stm32h723xx.o(.text)
    LTDC_IRQHandler                          0x08000487   Thumb Code     0  startup_stm32h723xx.o(.text)
    MDIOS_IRQHandler                         0x08000487   Thumb Code     0  startup_stm32h723xx.o(.text)
    MDIOS_WKUP_IRQHandler                    0x08000487   Thumb Code     0  startup_stm32h723xx.o(.text)
    MDMA_IRQHandler                          0x08000487   Thumb Code     0  startup_stm32h723xx.o(.text)
    OCTOSPI1_IRQHandler                      0x08000487   Thumb Code     0  startup_stm32h723xx.o(.text)
    OCTOSPI2_IRQHandler                      0x08000487   Thumb Code     0  startup_stm32h723xx.o(.text)
    OTG_HS_EP1_IN_IRQHandler                 0x08000487   Thumb Code     0  startup_stm32h723xx.o(.text)
    OTG_HS_EP1_OUT_IRQHandler                0x08000487   Thumb Code     0  startup_stm32h723xx.o(.text)
    OTG_HS_WKUP_IRQHandler                   0x08000487   Thumb Code     0  startup_stm32h723xx.o(.text)
    PVD_AVD_IRQHandler                       0x08000487   Thumb Code     0  startup_stm32h723xx.o(.text)
    RCC_IRQHandler                           0x08000487   Thumb Code     0  startup_stm32h723xx.o(.text)
    RNG_IRQHandler                           0x08000487   Thumb Code     0  startup_stm32h723xx.o(.text)
    RTC_Alarm_IRQHandler                     0x08000487   Thumb Code     0  startup_stm32h723xx.o(.text)
    RTC_WKUP_IRQHandler                      0x08000487   Thumb Code     0  startup_stm32h723xx.o(.text)
    SAI1_IRQHandler                          0x08000487   Thumb Code     0  startup_stm32h723xx.o(.text)
    SAI4_IRQHandler                          0x08000487   Thumb Code     0  startup_stm32h723xx.o(.text)
    SDMMC1_IRQHandler                        0x08000487   Thumb Code     0  startup_stm32h723xx.o(.text)
    SDMMC2_IRQHandler                        0x08000487   Thumb Code     0  startup_stm32h723xx.o(.text)
    SPDIF_RX_IRQHandler                      0x08000487   Thumb Code     0  startup_stm32h723xx.o(.text)
    SPI1_IRQHandler                          0x08000487   Thumb Code     0  startup_stm32h723xx.o(.text)
    SPI2_IRQHandler                          0x08000487   Thumb Code     0  startup_stm32h723xx.o(.text)
    SPI3_IRQHandler                          0x08000487   Thumb Code     0  startup_stm32h723xx.o(.text)
    SPI4_IRQHandler                          0x08000487   Thumb Code     0  startup_stm32h723xx.o(.text)
    SPI5_IRQHandler                          0x08000487   Thumb Code     0  startup_stm32h723xx.o(.text)
    SPI6_IRQHandler                          0x08000487   Thumb Code     0  startup_stm32h723xx.o(.text)
    SWPMI1_IRQHandler                        0x08000487   Thumb Code     0  startup_stm32h723xx.o(.text)
    TAMP_STAMP_IRQHandler                    0x08000487   Thumb Code     0  startup_stm32h723xx.o(.text)
    TIM15_IRQHandler                         0x08000487   Thumb Code     0  startup_stm32h723xx.o(.text)
    TIM16_IRQHandler                         0x08000487   Thumb Code     0  startup_stm32h723xx.o(.text)
    TIM17_IRQHandler                         0x08000487   Thumb Code     0  startup_stm32h723xx.o(.text)
    TIM1_BRK_IRQHandler                      0x08000487   Thumb Code     0  startup_stm32h723xx.o(.text)
    TIM1_CC_IRQHandler                       0x08000487   Thumb Code     0  startup_stm32h723xx.o(.text)
    TIM1_TRG_COM_IRQHandler                  0x08000487   Thumb Code     0  startup_stm32h723xx.o(.text)
    TIM1_UP_IRQHandler                       0x08000487   Thumb Code     0  startup_stm32h723xx.o(.text)
    TIM24_IRQHandler                         0x08000487   Thumb Code     0  startup_stm32h723xx.o(.text)
    TIM2_IRQHandler                          0x08000487   Thumb Code     0  startup_stm32h723xx.o(.text)
    TIM3_IRQHandler                          0x08000487   Thumb Code     0  startup_stm32h723xx.o(.text)
    TIM4_IRQHandler                          0x08000487   Thumb Code     0  startup_stm32h723xx.o(.text)
    TIM5_IRQHandler                          0x08000487   Thumb Code     0  startup_stm32h723xx.o(.text)
    TIM6_DAC_IRQHandler                      0x08000487   Thumb Code     0  startup_stm32h723xx.o(.text)
    TIM7_IRQHandler                          0x08000487   Thumb Code     0  startup_stm32h723xx.o(.text)
    TIM8_BRK_TIM12_IRQHandler                0x08000487   Thumb Code     0  startup_stm32h723xx.o(.text)
    TIM8_CC_IRQHandler                       0x08000487   Thumb Code     0  startup_stm32h723xx.o(.text)
    TIM8_TRG_COM_TIM14_IRQHandler            0x08000487   Thumb Code     0  startup_stm32h723xx.o(.text)
    TIM8_UP_TIM13_IRQHandler                 0x08000487   Thumb Code     0  startup_stm32h723xx.o(.text)
    UART4_IRQHandler                         0x08000487   Thumb Code     0  startup_stm32h723xx.o(.text)
    UART5_IRQHandler                         0x08000487   Thumb Code     0  startup_stm32h723xx.o(.text)
    UART7_IRQHandler                         0x08000487   Thumb Code     0  startup_stm32h723xx.o(.text)
    UART8_IRQHandler                         0x08000487   Thumb Code     0  startup_stm32h723xx.o(.text)
    UART9_IRQHandler                         0x08000487   Thumb Code     0  startup_stm32h723xx.o(.text)
    USART10_IRQHandler                       0x08000487   Thumb Code     0  startup_stm32h723xx.o(.text)
    USART1_IRQHandler                        0x08000487   Thumb Code     0  startup_stm32h723xx.o(.text)
    USART2_IRQHandler                        0x08000487   Thumb Code     0  startup_stm32h723xx.o(.text)
    USART3_IRQHandler                        0x08000487   Thumb Code     0  startup_stm32h723xx.o(.text)
    USART6_IRQHandler                        0x08000487   Thumb Code     0  startup_stm32h723xx.o(.text)
    WAKEUP_PIN_IRQHandler                    0x08000487   Thumb Code     0  startup_stm32h723xx.o(.text)
    WWDG_IRQHandler                          0x08000487   Thumb Code     0  startup_stm32h723xx.o(.text)
    __user_initial_stackheap                 0x08000489   Thumb Code     0  startup_stm32h723xx.o(.text)
    __aeabi_uldivmod                         0x080004ad   Thumb Code     0  lludivv7m.o(.text)
    _ll_udiv                                 0x080004ad   Thumb Code   238  lludivv7m.o(.text)
    __aeabi_memcpy4                          0x0800059b   Thumb Code     0  rt_memcpy_w.o(.text)
    __aeabi_memcpy8                          0x0800059b   Thumb Code     0  rt_memcpy_w.o(.text)
    __rt_memcpy_w                            0x0800059b   Thumb Code   100  rt_memcpy_w.o(.text)
    _memcpy_lastbytes_aligned                0x080005e3   Thumb Code     0  rt_memcpy_w.o(.text)
    __aeabi_memclr4                          0x080005ff   Thumb Code     0  rt_memclr_w.o(.text)
    __aeabi_memclr8                          0x080005ff   Thumb Code     0  rt_memclr_w.o(.text)
    __rt_memclr_w                            0x080005ff   Thumb Code    78  rt_memclr_w.o(.text)
    _memset_w                                0x08000603   Thumb Code     0  rt_memclr_w.o(.text)
    __use_two_region_memory                  0x0800064d   Thumb Code     2  heapauxi.o(.text)
    __rt_heap_escrow$2region                 0x0800064f   Thumb Code     2  heapauxi.o(.text)
    __rt_heap_expand$2region                 0x08000651   Thumb Code     2  heapauxi.o(.text)
    __user_setup_stackheap                   0x08000653   Thumb Code    74  sys_stackheap_outer.o(.text)
    exit                                     0x0800069d   Thumb Code    18  exit.o(.text)
    __user_libspace                          0x080006b1   Thumb Code     8  libspace.o(.text)
    __user_perproc_libspace                  0x080006b1   Thumb Code     0  libspace.o(.text)
    __user_perthread_libspace                0x080006b1   Thumb Code     0  libspace.o(.text)
    _sys_exit                                0x080006b9   Thumb Code     8  sys_exit.o(.text)
    __I$use$semihosting                      0x080006c5   Thumb Code     0  use_no_semi.o(.text)
    __use_no_semihosting_swi                 0x080006c5   Thumb Code     2  use_no_semi.o(.text)
    BusFault_Handler                         0x080006c7   Thumb Code     2  stm32h7xx_it.o(i.BusFault_Handler)
    __semihosting_library_function           0x080006c7   Thumb Code     0  indicate_semi.o(.text)
    DMA1_Stream0_IRQHandler                  0x08000711   Thumb Code     6  stm32h7xx_it.o(i.DMA1_Stream0_IRQHandler)
    DMA1_Stream1_IRQHandler                  0x0800071d   Thumb Code     6  stm32h7xx_it.o(i.DMA1_Stream1_IRQHandler)
    DMA1_Stream2_IRQHandler                  0x08000729   Thumb Code     6  stm32h7xx_it.o(i.DMA1_Stream2_IRQHandler)
    DebugMon_Handler                         0x0800094d   Thumb Code     2  stm32h7xx_it.o(i.DebugMon_Handler)
    Error_Handler                            0x0800094f   Thumb Code     4  main.o(i.Error_Handler)
    HAL_DMA_IRQHandler                       0x08000955   Thumb Code  1756  stm32h7xx_hal_dma.o(i.HAL_DMA_IRQHandler)
    HAL_DMA_Init                             0x0800103d   Thumb Code   922  stm32h7xx_hal_dma.o(i.HAL_DMA_Init)
    HAL_Delay                                0x080013f9   Thumb Code    32  stm32h7xx_hal.o(i.HAL_Delay)
    HAL_GPIO_Init                            0x0800141d   Thumb Code   496  stm32h7xx_hal_gpio.o(i.HAL_GPIO_Init)
    HAL_GetTick                              0x08001639   Thumb Code     6  stm32h7xx_hal.o(i.HAL_GetTick)
    HAL_IncTick                              0x08001645   Thumb Code    12  stm32h7xx_hal.o(i.HAL_IncTick)
    HAL_Init                                 0x08001655   Thumb Code    74  stm32h7xx_hal.o(i.HAL_Init)
    HAL_InitTick                             0x080016b1   Thumb Code   110  stm32h7xx_hal_timebase_tim.o(i.HAL_InitTick)
    HAL_MspInit                              0x08001735   Thumb Code    32  stm32h7xx_hal_msp.o(i.HAL_MspInit)
    HAL_NVIC_EnableIRQ                       0x08001759   Thumb Code    26  stm32h7xx_hal_cortex.o(i.HAL_NVIC_EnableIRQ)
    HAL_NVIC_SetPriority                     0x08001775   Thumb Code    60  stm32h7xx_hal_cortex.o(i.HAL_NVIC_SetPriority)
    HAL_NVIC_SetPriorityGrouping             0x080017b5   Thumb Code    28  stm32h7xx_hal_cortex.o(i.HAL_NVIC_SetPriorityGrouping)
    HAL_PCDEx_ActivateLPM                    0x080017d9   Thumb Code    34  stm32h7xx_hal_pcd_ex.o(i.HAL_PCDEx_ActivateLPM)
    HAL_PCDEx_LPM_Callback                   0x08001801   Thumb Code     2  stm32h7xx_hal_pcd_ex.o(i.HAL_PCDEx_LPM_Callback)
    HAL_PCDEx_SetRxFiFo                      0x08001803   Thumb Code     8  stm32h7xx_hal_pcd_ex.o(i.HAL_PCDEx_SetRxFiFo)
    HAL_PCDEx_SetTxFiFo                      0x0800180b   Thumb Code    70  stm32h7xx_hal_pcd_ex.o(i.HAL_PCDEx_SetTxFiFo)
    HAL_PCD_ConnectCallback                  0x08001851   Thumb Code     8  usbd_conf.o(i.HAL_PCD_ConnectCallback)
    HAL_PCD_DataInStageCallback              0x08001859   Thumb Code    18  usbd_conf.o(i.HAL_PCD_DataInStageCallback)
    HAL_PCD_DataOutStageCallback             0x0800186b   Thumb Code    20  usbd_conf.o(i.HAL_PCD_DataOutStageCallback)
    HAL_PCD_DisconnectCallback               0x0800187f   Thumb Code     8  usbd_conf.o(i.HAL_PCD_DisconnectCallback)
    HAL_PCD_EP_Abort                         0x08001887   Thumb Code    30  stm32h7xx_hal_pcd.o(i.HAL_PCD_EP_Abort)
    HAL_PCD_EP_Close                         0x080018a5   Thumb Code    74  stm32h7xx_hal_pcd.o(i.HAL_PCD_EP_Close)
    HAL_PCD_EP_ClrStall                      0x080018ef   Thumb Code    90  stm32h7xx_hal_pcd.o(i.HAL_PCD_EP_ClrStall)
    HAL_PCD_EP_GetRxCount                    0x08001949   Thumb Code    18  stm32h7xx_hal_pcd.o(i.HAL_PCD_EP_GetRxCount)
    HAL_PCD_EP_Open                          0x0800195b   Thumb Code    94  stm32h7xx_hal_pcd.o(i.HAL_PCD_EP_Open)
    HAL_PCD_EP_Receive                       0x080019b9   Thumb Code    52  stm32h7xx_hal_pcd.o(i.HAL_PCD_EP_Receive)
    HAL_PCD_EP_SetStall                      0x080019ed   Thumb Code   114  stm32h7xx_hal_pcd.o(i.HAL_PCD_EP_SetStall)
    HAL_PCD_EP_Transmit                      0x08001a5f   Thumb Code    52  stm32h7xx_hal_pcd.o(i.HAL_PCD_EP_Transmit)
    HAL_PCD_IRQHandler                       0x08001a95   Thumb Code  1428  stm32h7xx_hal_pcd.o(i.HAL_PCD_IRQHandler)
    HAL_PCD_ISOINIncompleteCallback          0x08002029   Thumb Code     8  usbd_conf.o(i.HAL_PCD_ISOINIncompleteCallback)
    HAL_PCD_ISOOUTIncompleteCallback         0x08002031   Thumb Code     8  usbd_conf.o(i.HAL_PCD_ISOOUTIncompleteCallback)
    HAL_PCD_Init                             0x08002039   Thumb Code   204  stm32h7xx_hal_pcd.o(i.HAL_PCD_Init)
    HAL_PCD_MspInit                          0x08002105   Thumb Code    90  usbd_conf.o(i.HAL_PCD_MspInit)
    HAL_PCD_ResetCallback                    0x08002169   Thumb Code    44  usbd_conf.o(i.HAL_PCD_ResetCallback)
    HAL_PCD_ResumeCallback                   0x08002195   Thumb Code     8  usbd_conf.o(i.HAL_PCD_ResumeCallback)
    HAL_PCD_SOFCallback                      0x0800219d   Thumb Code     8  usbd_conf.o(i.HAL_PCD_SOFCallback)
    HAL_PCD_SetAddress                       0x080021a5   Thumb Code    38  stm32h7xx_hal_pcd.o(i.HAL_PCD_SetAddress)
    HAL_PCD_SetupStageCallback               0x080021cb   Thumb Code    14  usbd_conf.o(i.HAL_PCD_SetupStageCallback)
    HAL_PCD_Start                            0x080021d9   Thumb Code    66  stm32h7xx_hal_pcd.o(i.HAL_PCD_Start)
    HAL_PCD_SuspendCallback                  0x0800221d   Thumb Code    44  usbd_conf.o(i.HAL_PCD_SuspendCallback)
    HAL_PWREx_ConfigSupply                   0x0800224d   Thumb Code    78  stm32h7xx_hal_pwr_ex.o(i.HAL_PWREx_ConfigSupply)
    HAL_PWREx_EnableUSBVoltageDetector       0x080022a1   Thumb Code    12  stm32h7xx_hal_pwr_ex.o(i.HAL_PWREx_EnableUSBVoltageDetector)
    HAL_RCCEx_GetD3PCLK1Freq                 0x080022b1   Thumb Code    26  stm32h7xx_hal_rcc_ex.o(i.HAL_RCCEx_GetD3PCLK1Freq)
    HAL_RCCEx_GetPLL2ClockFreq               0x080022d5   Thumb Code   296  stm32h7xx_hal_rcc_ex.o(i.HAL_RCCEx_GetPLL2ClockFreq)
    HAL_RCCEx_GetPLL3ClockFreq               0x08002419   Thumb Code   296  stm32h7xx_hal_rcc_ex.o(i.HAL_RCCEx_GetPLL3ClockFreq)
    HAL_RCCEx_PeriphCLKConfig                0x0800255d   Thumb Code  2362  stm32h7xx_hal_rcc_ex.o(i.HAL_RCCEx_PeriphCLKConfig)
    HAL_RCC_ClockConfig                      0x08002e99   Thumb Code   580  stm32h7xx_hal_rcc.o(i.HAL_RCC_ClockConfig)
    HAL_RCC_GetClockConfig                   0x080030f5   Thumb Code    84  stm32h7xx_hal_rcc.o(i.HAL_RCC_GetClockConfig)
    HAL_RCC_GetHCLKFreq                      0x08003151   Thumb Code    52  stm32h7xx_hal_rcc.o(i.HAL_RCC_GetHCLKFreq)
    HAL_RCC_GetPCLK1Freq                     0x08003195   Thumb Code    26  stm32h7xx_hal_rcc.o(i.HAL_RCC_GetPCLK1Freq)
    HAL_RCC_GetPCLK2Freq                     0x080031b9   Thumb Code    26  stm32h7xx_hal_rcc.o(i.HAL_RCC_GetPCLK2Freq)
    HAL_RCC_GetSysClockFreq                  0x080031dd   Thumb Code   278  stm32h7xx_hal_rcc.o(i.HAL_RCC_GetSysClockFreq)
    HAL_RCC_OscConfig                        0x08003315   Thumb Code  1318  stm32h7xx_hal_rcc.o(i.HAL_RCC_OscConfig)
    HAL_TIMEx_Break2Callback                 0x0800383b   Thumb Code     2  stm32h7xx_hal_tim_ex.o(i.HAL_TIMEx_Break2Callback)
    HAL_TIMEx_BreakCallback                  0x0800383d   Thumb Code     2  stm32h7xx_hal_tim_ex.o(i.HAL_TIMEx_BreakCallback)
    HAL_TIMEx_CommutCallback                 0x0800383f   Thumb Code     2  stm32h7xx_hal_tim_ex.o(i.HAL_TIMEx_CommutCallback)
    HAL_TIM_Base_Init                        0x08003841   Thumb Code    98  stm32h7xx_hal_tim.o(i.HAL_TIM_Base_Init)
    HAL_TIM_Base_MspInit                     0x080038a3   Thumb Code     2  stm32h7xx_hal_tim.o(i.HAL_TIM_Base_MspInit)
    HAL_TIM_Base_Start_IT                    0x080038a5   Thumb Code   118  stm32h7xx_hal_tim.o(i.HAL_TIM_Base_Start_IT)
    HAL_TIM_IC_CaptureCallback               0x08003945   Thumb Code     2  stm32h7xx_hal_tim.o(i.HAL_TIM_IC_CaptureCallback)
    HAL_TIM_IRQHandler                       0x08003947   Thumb Code   328  stm32h7xx_hal_tim.o(i.HAL_TIM_IRQHandler)
    HAL_TIM_OC_DelayElapsedCallback          0x08003a8f   Thumb Code     2  stm32h7xx_hal_tim.o(i.HAL_TIM_OC_DelayElapsedCallback)
    HAL_TIM_PWM_PulseFinishedCallback        0x08003a91   Thumb Code     2  stm32h7xx_hal_tim.o(i.HAL_TIM_PWM_PulseFinishedCallback)
    HAL_TIM_PeriodElapsedCallback            0x08003a95   Thumb Code    14  main.o(i.HAL_TIM_PeriodElapsedCallback)
    HAL_TIM_TriggerCallback                  0x08003aa9   Thumb Code     2  stm32h7xx_hal_tim.o(i.HAL_TIM_TriggerCallback)
    HAL_UARTEx_DisableFifoMode               0x08003aab   Thumb Code    64  stm32h7xx_hal_uart_ex.o(i.HAL_UARTEx_DisableFifoMode)
    HAL_UARTEx_SetRxFifoThreshold            0x08003aeb   Thumb Code    76  stm32h7xx_hal_uart_ex.o(i.HAL_UARTEx_SetRxFifoThreshold)
    HAL_UARTEx_SetTxFifoThreshold            0x08003b37   Thumb Code    76  stm32h7xx_hal_uart_ex.o(i.HAL_UARTEx_SetTxFifoThreshold)
    HAL_UART_Init                            0x08003b83   Thumb Code   106  stm32h7xx_hal_uart.o(i.HAL_UART_Init)
    HAL_UART_MspInit                         0x08003bed   Thumb Code   464  usart.o(i.HAL_UART_MspInit)
    HardFault_Handler                        0x08003de1   Thumb Code     2  stm32h7xx_it.o(i.HardFault_Handler)
    MX_DMA_Init                              0x08003e1d   Thumb Code    72  dma.o(i.MX_DMA_Init)
    MX_FREERTOS_Init                         0x08003e69   Thumb Code    74  freertos.o(i.MX_FREERTOS_Init)
    MX_GPIO_Init                             0x08003ebd   Thumb Code    70  gpio.o(i.MX_GPIO_Init)
    MX_UART7_Init                            0x08003f09   Thumb Code    94  usart.o(i.MX_UART7_Init)
    MX_USART10_UART_Init                     0x08003f71   Thumb Code    94  usart.o(i.MX_USART10_UART_Init)
    MX_USART1_UART_Init                      0x08003fd9   Thumb Code    94  usart.o(i.MX_USART1_UART_Init)
    MX_USB_DEVICE_Init                       0x08004041   Thumb Code    66  usb_device.o(i.MX_USB_DEVICE_Init)
    MemManage_Handler                        0x08004095   Thumb Code     2  stm32h7xx_it.o(i.MemManage_Handler)
    NMI_Handler                              0x08004097   Thumb Code     2  stm32h7xx_it.o(i.NMI_Handler)
    OTG_HS_IRQHandler                        0x08004099   Thumb Code     6  stm32h7xx_it.o(i.OTG_HS_IRQHandler)
    StartDefaultTask                         0x0800445f   Thumb Code    12  freertos.o(i.StartDefaultTask)
    SysTick_Handler                          0x0800446d   Thumb Code    38  port.o(i.SysTick_Handler)
    SystemClock_Config                       0x08004499   Thumb Code   146  main.o(i.SystemClock_Config)
    SystemInit                               0x08004531   Thumb Code   158  system_stm32h7xx.o(i.SystemInit)
    TIM23_IRQHandler                         0x080045f1   Thumb Code     6  stm32h7xx_it.o(i.TIM23_IRQHandler)
    TIM_Base_SetConfig                       0x080045fd   Thumb Code   188  stm32h7xx_hal_tim.o(i.TIM_Base_SetConfig)
    UART_AdvFeatureConfig                    0x08004725   Thumb Code   200  stm32h7xx_hal_uart.o(i.UART_AdvFeatureConfig)
    UART_CheckIdleState                      0x080047ed   Thumb Code   170  stm32h7xx_hal_uart.o(i.UART_CheckIdleState)
    UART_SetConfig                           0x080048ed   Thumb Code   914  stm32h7xx_hal_uart.o(i.UART_SetConfig)
    UART_WaitOnFlagUntilTimeout              0x08004cc9   Thumb Code   148  stm32h7xx_hal_uart.o(i.UART_WaitOnFlagUntilTimeout)
    USBD_CDC_GetDeviceQualifierDescriptor    0x08004ed9   Thumb Code     8  usbd_cdc.o(i.USBD_CDC_GetDeviceQualifierDescriptor)
    USBD_CDC_ReceivePacket                   0x080050c1   Thumb Code    50  usbd_cdc.o(i.USBD_CDC_ReceivePacket)
    USBD_CDC_RegisterInterface               0x080050f9   Thumb Code    22  usbd_cdc.o(i.USBD_CDC_RegisterInterface)
    USBD_CDC_SetRxBuffer                     0x0800510f   Thumb Code    26  usbd_cdc.o(i.USBD_CDC_SetRxBuffer)
    USBD_CDC_SetTxBuffer                     0x08005129   Thumb Code    30  usbd_cdc.o(i.USBD_CDC_SetTxBuffer)
    USBD_ClrClassConfig                      0x08005215   Thumb Code    20  usbd_core.o(i.USBD_ClrClassConfig)
    USBD_CoreFindEP                          0x08005229   Thumb Code     4  usbd_core.o(i.USBD_CoreFindEP)
    USBD_CoreFindIF                          0x0800522d   Thumb Code     4  usbd_core.o(i.USBD_CoreFindIF)
    USBD_CtlContinueRx                       0x08005231   Thumb Code    16  usbd_ioreq.o(i.USBD_CtlContinueRx)
    USBD_CtlContinueSendData                 0x08005241   Thumb Code    16  usbd_ioreq.o(i.USBD_CtlContinueSendData)
    USBD_CtlError                            0x08005251   Thumb Code    22  usbd_ctlreq.o(i.USBD_CtlError)
    USBD_CtlPrepareRx                        0x08005267   Thumb Code    30  usbd_ioreq.o(i.USBD_CtlPrepareRx)
    USBD_CtlReceiveStatus                    0x08005285   Thumb Code    22  usbd_ioreq.o(i.USBD_CtlReceiveStatus)
    USBD_CtlSendData                         0x0800529b   Thumb Code    26  usbd_ioreq.o(i.USBD_CtlSendData)
    USBD_CtlSendStatus                       0x080052b5   Thumb Code    22  usbd_ioreq.o(i.USBD_CtlSendStatus)
    USBD_GetEpDesc                           0x080053c5   Thumb Code    58  usbd_core.o(i.USBD_GetEpDesc)
    USBD_GetNextDesc                         0x08005413   Thumb Code    14  usbd_core.o(i.USBD_GetNextDesc)
    USBD_GetString                           0x08005421   Thumb Code    78  usbd_ctlreq.o(i.USBD_GetString)
    USBD_Get_USB_Status                      0x0800546f   Thumb Code    24  usbd_conf.o(i.USBD_Get_USB_Status)
    USBD_HS_ConfigStrDescriptor              0x08005489   Thumb Code    16  usbd_desc.o(i.USBD_HS_ConfigStrDescriptor)
    USBD_HS_DeviceDescriptor                 0x080054a9   Thumb Code     8  usbd_desc.o(i.USBD_HS_DeviceDescriptor)
    USBD_HS_InterfaceStrDescriptor           0x080054b5   Thumb Code    16  usbd_desc.o(i.USBD_HS_InterfaceStrDescriptor)
    USBD_HS_LangIDStrDescriptor              0x080054d9   Thumb Code     8  usbd_desc.o(i.USBD_HS_LangIDStrDescriptor)
    USBD_HS_ManufacturerStrDescriptor        0x080054e5   Thumb Code    16  usbd_desc.o(i.USBD_HS_ManufacturerStrDescriptor)
    USBD_HS_ProductStrDescriptor             0x0800550d   Thumb Code    16  usbd_desc.o(i.USBD_HS_ProductStrDescriptor)
    USBD_HS_SerialStrDescriptor              0x08005539   Thumb Code    50  usbd_desc.o(i.USBD_HS_SerialStrDescriptor)
    USBD_Init                                0x08005575   Thumb Code    38  usbd_core.o(i.USBD_Init)
    USBD_LL_ClearStallEP                     0x0800559b   Thumb Code    18  usbd_conf.o(i.USBD_LL_ClearStallEP)
    USBD_LL_CloseEP                          0x080055ad   Thumb Code    18  usbd_conf.o(i.USBD_LL_CloseEP)
    USBD_LL_DataInStage                      0x080055bf   Thumb Code   184  usbd_core.o(i.USBD_LL_DataInStage)
    USBD_LL_DataOutStage                     0x08005677   Thumb Code   144  usbd_core.o(i.USBD_LL_DataOutStage)
    USBD_LL_DevConnected                     0x08005707   Thumb Code     4  usbd_core.o(i.USBD_LL_DevConnected)
    USBD_LL_DevDisconnected                  0x0800570b   Thumb Code    32  usbd_core.o(i.USBD_LL_DevDisconnected)
    USBD_LL_GetRxDataSize                    0x0800572b   Thumb Code     8  usbd_conf.o(i.USBD_LL_GetRxDataSize)
    USBD_LL_Init                             0x08005735   Thumb Code    96  usbd_conf.o(i.USBD_LL_Init)
    USBD_LL_IsStallEP                        0x0800579d   Thumb Code    30  usbd_conf.o(i.USBD_LL_IsStallEP)
    USBD_LL_IsoINIncomplete                  0x080057bb   Thumb Code    40  usbd_core.o(i.USBD_LL_IsoINIncomplete)
    USBD_LL_IsoOUTIncomplete                 0x080057e3   Thumb Code    40  usbd_core.o(i.USBD_LL_IsoOUTIncomplete)
    USBD_LL_OpenEP                           0x0800580b   Thumb Code    24  usbd_conf.o(i.USBD_LL_OpenEP)
    USBD_LL_PrepareReceive                   0x08005823   Thumb Code    18  usbd_conf.o(i.USBD_LL_PrepareReceive)
    USBD_LL_Reset                            0x08005835   Thumb Code    94  usbd_core.o(i.USBD_LL_Reset)
    USBD_LL_Resume                           0x08005893   Thumb Code    20  usbd_core.o(i.USBD_LL_Resume)
    USBD_LL_SOF                              0x080058a7   Thumb Code    26  usbd_core.o(i.USBD_LL_SOF)
    USBD_LL_SetSpeed                         0x080058c1   Thumb Code     6  usbd_core.o(i.USBD_LL_SetSpeed)
    USBD_LL_SetUSBAddress                    0x080058c7   Thumb Code    18  usbd_conf.o(i.USBD_LL_SetUSBAddress)
    USBD_LL_SetupStage                       0x080058d9   Thumb Code    96  usbd_core.o(i.USBD_LL_SetupStage)
    USBD_LL_StallEP                          0x08005939   Thumb Code    18  usbd_conf.o(i.USBD_LL_StallEP)
    USBD_LL_Start                            0x0800594b   Thumb Code    18  usbd_conf.o(i.USBD_LL_Start)
    USBD_LL_Suspend                          0x0800595d   Thumb Code    26  usbd_core.o(i.USBD_LL_Suspend)
    USBD_LL_Transmit                         0x08005977   Thumb Code    18  usbd_conf.o(i.USBD_LL_Transmit)
    USBD_ParseSetupRequest                   0x08005989   Thumb Code    42  usbd_ctlreq.o(i.USBD_ParseSetupRequest)
    USBD_RegisterClass                       0x080059b3   Thumb Code    58  usbd_core.o(i.USBD_RegisterClass)
    USBD_SetClassConfig                      0x080059ed   Thumb Code    20  usbd_core.o(i.USBD_SetClassConfig)
    USBD_Start                               0x08005abd   Thumb Code     4  usbd_core.o(i.USBD_Start)
    USBD_StdDevReq                           0x08005ac1   Thumb Code   302  usbd_ctlreq.o(i.USBD_StdDevReq)
    USBD_StdEPReq                            0x08005bef   Thumb Code   356  usbd_ctlreq.o(i.USBD_StdEPReq)
    USBD_StdItfReq                           0x08005d53   Thumb Code   116  usbd_ctlreq.o(i.USBD_StdItfReq)
    USBD_static_free                         0x08005dc7   Thumb Code     2  usbd_conf.o(i.USBD_static_free)
    USBD_static_malloc                       0x08005dc9   Thumb Code     4  usbd_conf.o(i.USBD_static_malloc)
    USB_ActivateEndpoint                     0x08005dd1   Thumb Code   124  stm32h7xx_ll_usb.o(i.USB_ActivateEndpoint)
    USB_ActivateSetup                        0x08005e51   Thumb Code    28  stm32h7xx_ll_usb.o(i.USB_ActivateSetup)
    USB_CoreInit                             0x08005e6d   Thumb Code   142  stm32h7xx_ll_usb.o(i.USB_CoreInit)
    USB_DeactivateEndpoint                   0x08005f41   Thumb Code   194  stm32h7xx_ll_usb.o(i.USB_DeactivateEndpoint)
    USB_DevConnect                           0x0800600d   Thumb Code    28  stm32h7xx_ll_usb.o(i.USB_DevConnect)
    USB_DevDisconnect                        0x08006029   Thumb Code    28  stm32h7xx_ll_usb.o(i.USB_DevDisconnect)
    USB_DevInit                              0x08006045   Thumb Code   354  stm32h7xx_ll_usb.o(i.USB_DevInit)
    USB_DisableGlobalInt                     0x080061b1   Thumb Code    12  stm32h7xx_ll_usb.o(i.USB_DisableGlobalInt)
    USB_EP0_OutStart                         0x080061bd   Thumb Code    84  stm32h7xx_ll_usb.o(i.USB_EP0_OutStart)
    USB_EPClearStall                         0x08006215   Thumb Code    88  stm32h7xx_ll_usb.o(i.USB_EPClearStall)
    USB_EPSetStall                           0x0800626d   Thumb Code    88  stm32h7xx_ll_usb.o(i.USB_EPSetStall)
    USB_EPStartXfer                          0x080062c5   Thumb Code   562  stm32h7xx_ll_usb.o(i.USB_EPStartXfer)
    USB_EPStopXfer                           0x080064fd   Thumb Code   158  stm32h7xx_ll_usb.o(i.USB_EPStopXfer)
    USB_EnableGlobalInt                      0x0800659b   Thumb Code    12  stm32h7xx_ll_usb.o(i.USB_EnableGlobalInt)
    USB_FlushRxFifo                          0x080065a7   Thumb Code    56  stm32h7xx_ll_usb.o(i.USB_FlushRxFifo)
    USB_FlushTxFifo                          0x080065df   Thumb Code    60  stm32h7xx_ll_usb.o(i.USB_FlushTxFifo)
    USB_GetDevSpeed                          0x0800661b   Thumb Code    26  stm32h7xx_ll_usb.o(i.USB_GetDevSpeed)
    USB_GetMode                              0x08006635   Thumb Code     8  stm32h7xx_ll_usb.o(i.USB_GetMode)
    USB_ReadDevAllInEpInterrupt              0x0800663d   Thumb Code    14  stm32h7xx_ll_usb.o(i.USB_ReadDevAllInEpInterrupt)
    USB_ReadDevAllOutEpInterrupt             0x0800664b   Thumb Code    14  stm32h7xx_ll_usb.o(i.USB_ReadDevAllOutEpInterrupt)
    USB_ReadDevInEPInterrupt                 0x08006659   Thumb Code    36  stm32h7xx_ll_usb.o(i.USB_ReadDevInEPInterrupt)
    USB_ReadDevOutEPInterrupt                0x0800667d   Thumb Code    16  stm32h7xx_ll_usb.o(i.USB_ReadDevOutEPInterrupt)
    USB_ReadInterrupts                       0x0800668d   Thumb Code     8  stm32h7xx_ll_usb.o(i.USB_ReadInterrupts)
    USB_ReadPacket                           0x08006695   Thumb Code    64  stm32h7xx_ll_usb.o(i.USB_ReadPacket)
    USB_SetCurrentMode                       0x080066d5   Thumb Code    94  stm32h7xx_ll_usb.o(i.USB_SetCurrentMode)
    USB_SetDevAddress                        0x08006733   Thumb Code    34  stm32h7xx_ll_usb.o(i.USB_SetDevAddress)
    USB_SetTurnaroundTime                    0x08006755   Thumb Code   158  stm32h7xx_ll_usb.o(i.USB_SetTurnaroundTime)
    USB_WritePacket                          0x0800683d   Thumb Code    40  stm32h7xx_ll_usb.o(i.USB_WritePacket)
    UsageFault_Handler                       0x08006865   Thumb Code     2  stm32h7xx_it.o(i.UsageFault_Handler)
    arm_task                                 0x08006889   Thumb Code     8  freertos.o(i.arm_task)
    imu_task                                 0x08006891   Thumb Code     8  freertos.o(i.imu_task)
    main                                     0x08006899   Thumb Code    38  main.o(i.main)
    osDelay                                  0x080068cd   Thumb Code    14  cmsis_os.o(i.osDelay)
    osKernelStart                            0x080068db   Thumb Code    10  cmsis_os.o(i.osKernelStart)
    osThreadCreate                           0x080068e5   Thumb Code    46  cmsis_os.o(i.osThreadCreate)
    pvPortMalloc                             0x08006c49   Thumb Code   216  heap_4.o(i.pvPortMalloc)
    pxPortInitialiseStack                    0x08006d25   Thumb Code    42  port.o(i.pxPortInitialiseStack)
    uxListRemove                             0x08006d55   Thumb Code    38  list.o(i.uxListRemove)
    vListInitialise                          0x08006d7b   Thumb Code    22  list.o(i.vListInitialise)
    vListInitialiseItem                      0x08006d91   Thumb Code     6  list.o(i.vListInitialiseItem)
    vListInsert                              0x08006d97   Thumb Code    48  list.o(i.vListInsert)
    vListInsertEnd                           0x08006dc7   Thumb Code    24  list.o(i.vListInsertEnd)
    vPortEnterCritical                       0x08006de1   Thumb Code    54  port.o(i.vPortEnterCritical)
    vPortExitCritical                        0x08006e21   Thumb Code    34  port.o(i.vPortExitCritical)
    vPortFree                                0x08006e49   Thumb Code    94  heap_4.o(i.vPortFree)
    vPortSetupTimerInterrupt                 0x08006ead   Thumb Code    32  port.o(i.vPortSetupTimerInterrupt)
    vTaskDelay                               0x08006ed1   Thumb Code    66  tasks.o(i.vTaskDelay)
    vTaskStartScheduler                      0x08006f1d   Thumb Code    86  tasks.o(i.vTaskStartScheduler)
    vTaskSuspendAll                          0x08006f85   Thumb Code    10  tasks.o(i.vTaskSuspendAll)
    vTaskSwitchContext                       0x08006f95   Thumb Code    82  tasks.o(i.vTaskSwitchContext)
    xPortStartScheduler                      0x08006ff1   Thumb Code   222  port.o(i.xPortStartScheduler)
    xTaskCreate                              0x080070e5   Thumb Code    86  tasks.o(i.xTaskCreate)
    xTaskIncrementTick                       0x0800713d   Thumb Code   194  tasks.o(i.xTaskIncrementTick)
    xTaskResumeAll                           0x08007209   Thumb Code   184  tasks.o(i.xTaskResumeAll)
    _fp_init                                 0x080072cd   Thumb Code    10  fpinit.o(x$fpl$fpinit)
    __fplib_config_fpu_vfp                   0x080072d5   Thumb Code     0  fpinit.o(x$fpl$fpinit)
    __fplib_config_pureend_doubles           0x080072d5   Thumb Code     0  fpinit.o(x$fpl$fpinit)
    UARTPrescTable                           0x0800731c   Data          24  stm32h7xx_hal_uart.o(.constdata)
    D1CorePrescTable                         0x08007344   Data          16  system_stm32h7xx.o(.constdata)
    Region$$Table$$Base                      0x08007378   Number         0  anon$$obj.o(Region$$Table)
    Region$$Table$$Limit                     0x08007398   Number         0  anon$$obj.o(Region$$Table)
    defaultTaskHandle                        0x24000000   Data           4  freertos.o(.data)
    IMU_TASKHandle                           0x24000004   Data           4  freertos.o(.data)
    ARM_TASKHandle                           0x24000008   Data           4  freertos.o(.data)
    uwTickFreq                               0x2400000c   Data           1  stm32h7xx_hal.o(.data)
    uwTickPrio                               0x24000010   Data           4  stm32h7xx_hal.o(.data)
    uwTick                                   0x24000014   Data           4  stm32h7xx_hal.o(.data)
    SystemCoreClock                          0x24000018   Data           4  system_stm32h7xx.o(.data)
    SystemD2Clock                            0x2400001c   Data           4  system_stm32h7xx.o(.data)
    pxCurrentTCB                             0x24000020   Data           4  tasks.o(.data)
    HS_Desc                                  0x24000088   Data          32  usbd_desc.o(.data)
    USBD_LangIDDesc                          0x240000a8   Data           4  usbd_desc.o(.data)
    USBD_HS_DeviceDesc                       0x240000ac   Data          18  usbd_desc.o(.data)
    USBD_HS_BOSDesc                          0x240000c0   Data          12  usbd_desc.o(.data)
    USBD_StringSerial                        0x240000cc   Data          26  usbd_desc.o(.data)
    USBD_Interface_fops_HS                   0x240000e8   Data          20  usbd_cdc_if.o(.data)
    USBD_CDC                                 0x24000154   Data          56  usbd_cdc.o(.data)
    huart7                                   0x2400018c   Data         148  usart.o(.bss)
    huart1                                   0x24000220   Data         148  usart.o(.bss)
    huart10                                  0x240002b4   Data         148  usart.o(.bss)
    hdma_uart7_rx                            0x24000348   Data         120  usart.o(.bss)
    hdma_usart1_rx                           0x240003c0   Data         120  usart.o(.bss)
    hdma_usart10_rx                          0x24000438   Data         120  usart.o(.bss)
    htim23                                   0x240004b0   Data          76  stm32h7xx_hal_timebase_tim.o(.bss)
    hUsbDeviceHS                             0x24007dec   Data         732  usb_device.o(.bss)
    USBD_StrDesc                             0x240080c8   Data         512  usbd_desc.o(.bss)
    UserRxBufferHS                           0x240082c8   Data        2048  usbd_cdc_if.o(.bss)
    UserTxBufferHS                           0x24008ac8   Data        2048  usbd_cdc_if.o(.bss)
    hpcd_USB_OTG_HS                          0x240094e8   Data        1252  usbd_conf.o(.bss)
    __libspace_start                         0x240099cc   Data          96  libspace.o(.bss)
    __temporary_stack_top$libspace           0x24009a2c   Data           0  libspace.o(.bss)



==============================================================================

Memory Map of the image

  Image Entry point : 0x080002cd

  Load Region LR_IROM1 (Base: 0x08000000, Size: 0x00007524, Max: 0x00100000, ABSOLUTE, COMPRESSED[0x00007460])

    Execution Region ER_IROM1 (Exec base: 0x08000000, Load base: 0x08000000, Size: 0x00007398, Max: 0x00100000, ABSOLUTE)

    Exec Addr    Load Addr    Size         Type   Attr      Idx    E Section Name        Object

    0x08000000   0x08000000   0x000002cc   Data   RO            3    RESET               startup_stm32h723xx.o
    0x080002cc   0x080002cc   0x00000008   Code   RO         7278  * !!!main             c_w.l(__main.o)
    0x080002d4   0x080002d4   0x00000034   Code   RO         7449    !!!scatter          c_w.l(__scatter.o)
    0x08000308   0x08000308   0x0000005a   Code   RO         7447    !!dczerorl2         c_w.l(__dczerorl2.o)
    0x08000362   0x08000362   0x00000002   PAD
    0x08000364   0x08000364   0x0000001c   Code   RO         7451    !!handler_zi        c_w.l(__scatter_zi.o)
    0x08000380   0x08000380   0x00000002   Code   RO         7317    .ARM.Collect$$libinit$$00000000  c_w.l(libinit.o)
    0x08000382   0x08000382   0x00000004   Code   RO         7329    .ARM.Collect$$libinit$$00000001  c_w.l(libinit2.o)
    0x08000386   0x08000386   0x00000000   Code   RO         7332    .ARM.Collect$$libinit$$00000004  c_w.l(libinit2.o)
    0x08000386   0x08000386   0x00000000   Code   RO         7335    .ARM.Collect$$libinit$$0000000A  c_w.l(libinit2.o)
    0x08000386   0x08000386   0x00000000   Code   RO         7337    .ARM.Collect$$libinit$$0000000C  c_w.l(libinit2.o)
    0x08000386   0x08000386   0x00000000   Code   RO         7339    .ARM.Collect$$libinit$$0000000E  c_w.l(libinit2.o)
    0x08000386   0x08000386   0x00000000   Code   RO         7342    .ARM.Collect$$libinit$$00000011  c_w.l(libinit2.o)
    0x08000386   0x08000386   0x00000000   Code   RO         7344    .ARM.Collect$$libinit$$00000013  c_w.l(libinit2.o)
    0x08000386   0x08000386   0x00000000   Code   RO         7346    .ARM.Collect$$libinit$$00000015  c_w.l(libinit2.o)
    0x08000386   0x08000386   0x00000000   Code   RO         7348    .ARM.Collect$$libinit$$00000017  c_w.l(libinit2.o)
    0x08000386   0x08000386   0x00000000   Code   RO         7350    .ARM.Collect$$libinit$$00000019  c_w.l(libinit2.o)
    0x08000386   0x08000386   0x00000000   Code   RO         7352    .ARM.Collect$$libinit$$0000001B  c_w.l(libinit2.o)
    0x08000386   0x08000386   0x00000000   Code   RO         7354    .ARM.Collect$$libinit$$0000001D  c_w.l(libinit2.o)
    0x08000386   0x08000386   0x00000000   Code   RO         7356    .ARM.Collect$$libinit$$0000001F  c_w.l(libinit2.o)
    0x08000386   0x08000386   0x00000000   Code   RO         7358    .ARM.Collect$$libinit$$00000021  c_w.l(libinit2.o)
    0x08000386   0x08000386   0x00000000   Code   RO         7360    .ARM.Collect$$libinit$$00000023  c_w.l(libinit2.o)
    0x08000386   0x08000386   0x00000000   Code   RO         7362    .ARM.Collect$$libinit$$00000025  c_w.l(libinit2.o)
    0x08000386   0x08000386   0x00000000   Code   RO         7366    .ARM.Collect$$libinit$$0000002C  c_w.l(libinit2.o)
    0x08000386   0x08000386   0x00000000   Code   RO         7368    .ARM.Collect$$libinit$$0000002E  c_w.l(libinit2.o)
    0x08000386   0x08000386   0x00000000   Code   RO         7370    .ARM.Collect$$libinit$$00000030  c_w.l(libinit2.o)
    0x08000386   0x08000386   0x00000000   Code   RO         7372    .ARM.Collect$$libinit$$00000032  c_w.l(libinit2.o)
    0x08000386   0x08000386   0x00000002   Code   RO         7373    .ARM.Collect$$libinit$$00000033  c_w.l(libinit2.o)
    0x08000388   0x08000388   0x00000002   Code   RO         7404    .ARM.Collect$$libshutdown$$00000000  c_w.l(libshutdown.o)
    0x0800038a   0x0800038a   0x00000000   Code   RO         7430    .ARM.Collect$$libshutdown$$00000002  c_w.l(libshutdown2.o)
    0x0800038a   0x0800038a   0x00000000   Code   RO         7432    .ARM.Collect$$libshutdown$$00000004  c_w.l(libshutdown2.o)
    0x0800038a   0x0800038a   0x00000000   Code   RO         7435    .ARM.Collect$$libshutdown$$00000007  c_w.l(libshutdown2.o)
    0x0800038a   0x0800038a   0x00000000   Code   RO         7438    .ARM.Collect$$libshutdown$$0000000A  c_w.l(libshutdown2.o)
    0x0800038a   0x0800038a   0x00000000   Code   RO         7440    .ARM.Collect$$libshutdown$$0000000C  c_w.l(libshutdown2.o)
    0x0800038a   0x0800038a   0x00000000   Code   RO         7443    .ARM.Collect$$libshutdown$$0000000F  c_w.l(libshutdown2.o)
    0x0800038a   0x0800038a   0x00000002   Code   RO         7444    .ARM.Collect$$libshutdown$$00000010  c_w.l(libshutdown2.o)
    0x0800038c   0x0800038c   0x00000000   Code   RO         7280    .ARM.Collect$$rtentry$$00000000  c_w.l(__rtentry.o)
    0x0800038c   0x0800038c   0x00000000   Code   RO         7288    .ARM.Collect$$rtentry$$00000002  c_w.l(__rtentry2.o)
    0x0800038c   0x0800038c   0x00000006   Code   RO         7300    .ARM.Collect$$rtentry$$00000004  c_w.l(__rtentry4.o)
    0x08000392   0x08000392   0x00000000   Code   RO         7290    .ARM.Collect$$rtentry$$00000009  c_w.l(__rtentry2.o)
    0x08000392   0x08000392   0x00000004   Code   RO         7291    .ARM.Collect$$rtentry$$0000000A  c_w.l(__rtentry2.o)
    0x08000396   0x08000396   0x00000000   Code   RO         7293    .ARM.Collect$$rtentry$$0000000C  c_w.l(__rtentry2.o)
    0x08000396   0x08000396   0x00000008   Code   RO         7294    .ARM.Collect$$rtentry$$0000000D  c_w.l(__rtentry2.o)
    0x0800039e   0x0800039e   0x00000002   Code   RO         7321    .ARM.Collect$$rtexit$$00000000  c_w.l(rtexit.o)
    0x080003a0   0x080003a0   0x00000000   Code   RO         7377    .ARM.Collect$$rtexit$$00000002  c_w.l(rtexit2.o)
    0x080003a0   0x080003a0   0x00000004   Code   RO         7378    .ARM.Collect$$rtexit$$00000003  c_w.l(rtexit2.o)
    0x080003a4   0x080003a4   0x00000006   Code   RO         7379    .ARM.Collect$$rtexit$$00000004  c_w.l(rtexit2.o)
    0x080003aa   0x080003aa   0x00000002   PAD
    0x080003ac   0x080003ac   0x000000be   Code   RO         6352    .emb_text           port.o
    0x0800046a   0x0800046a   0x00000002   PAD
    0x0800046c   0x0800046c   0x00000040   Code   RO            4    .text               startup_stm32h723xx.o
    0x080004ac   0x080004ac   0x000000ee   Code   RO         7266    .text               c_w.l(lludivv7m.o)
    0x0800059a   0x0800059a   0x00000064   Code   RO         7270    .text               c_w.l(rt_memcpy_w.o)
    0x080005fe   0x080005fe   0x0000004e   Code   RO         7274    .text               c_w.l(rt_memclr_w.o)
    0x0800064c   0x0800064c   0x00000006   Code   RO         7276    .text               c_w.l(heapauxi.o)
    0x08000652   0x08000652   0x0000004a   Code   RO         7304    .text               c_w.l(sys_stackheap_outer.o)
    0x0800069c   0x0800069c   0x00000012   Code   RO         7306    .text               c_w.l(exit.o)
    0x080006ae   0x080006ae   0x00000002   PAD
    0x080006b0   0x080006b0   0x00000008   Code   RO         7318    .text               c_w.l(libspace.o)
    0x080006b8   0x080006b8   0x0000000c   Code   RO         7374    .text               c_w.l(sys_exit.o)
    0x080006c4   0x080006c4   0x00000002   Code   RO         7393    .text               c_w.l(use_no_semi.o)
    0x080006c6   0x080006c6   0x00000000   Code   RO         7395    .text               c_w.l(indicate_semi.o)
    0x080006c6   0x080006c6   0x00000002   Code   RO          407    i.BusFault_Handler  stm32h7xx_it.o
    0x080006c8   0x080006c8   0x00000004   Code   RO         6576    i.CDC_Control_HS    usbd_cdc_if.o
    0x080006cc   0x080006cc   0x00000004   Code   RO         6577    i.CDC_DeInit_HS     usbd_cdc_if.o
    0x080006d0   0x080006d0   0x00000024   Code   RO         6578    i.CDC_Init_HS       usbd_cdc_if.o
    0x080006f4   0x080006f4   0x00000018   Code   RO         6579    i.CDC_Receive_HS    usbd_cdc_if.o
    0x0800070c   0x0800070c   0x00000004   Code   RO         6580    i.CDC_TransmitCplt_HS  usbd_cdc_if.o
    0x08000710   0x08000710   0x0000000c   Code   RO          408    i.DMA1_Stream0_IRQHandler  stm32h7xx_it.o
    0x0800071c   0x0800071c   0x0000000c   Code   RO          409    i.DMA1_Stream1_IRQHandler  stm32h7xx_it.o
    0x08000728   0x08000728   0x0000000c   Code   RO          410    i.DMA1_Stream2_IRQHandler  stm32h7xx_it.o
    0x08000734   0x08000734   0x000000b4   Code   RO         1787    i.DMA_CalcBaseAndBitshift  stm32h7xx_hal_dma.o
    0x080007e8   0x080007e8   0x0000009c   Code   RO         1788    i.DMA_CalcDMAMUXChannelBaseAndMask  stm32h7xx_hal_dma.o
    0x08000884   0x08000884   0x00000074   Code   RO         1789    i.DMA_CalcDMAMUXRequestGenBaseAndMask  stm32h7xx_hal_dma.o
    0x080008f8   0x080008f8   0x00000054   Code   RO         1790    i.DMA_CheckFifoParam  stm32h7xx_hal_dma.o
    0x0800094c   0x0800094c   0x00000002   Code   RO          411    i.DebugMon_Handler  stm32h7xx_it.o
    0x0800094e   0x0800094e   0x00000004   Code   RO           13    i.Error_Handler     main.o
    0x08000952   0x08000952   0x00000002   PAD
    0x08000954   0x08000954   0x000006e8   Code   RO         1797    i.HAL_DMA_IRQHandler  stm32h7xx_hal_dma.o
    0x0800103c   0x0800103c   0x000003bc   Code   RO         1798    i.HAL_DMA_Init      stm32h7xx_hal_dma.o
    0x080013f8   0x080013f8   0x00000024   Code   RO         2642    i.HAL_Delay         stm32h7xx_hal.o
    0x0800141c   0x0800141c   0x0000021c   Code   RO         1640    i.HAL_GPIO_Init     stm32h7xx_hal_gpio.o
    0x08001638   0x08001638   0x0000000c   Code   RO         2658    i.HAL_GetTick       stm32h7xx_hal.o
    0x08001644   0x08001644   0x00000010   Code   RO         2664    i.HAL_IncTick       stm32h7xx_hal.o
    0x08001654   0x08001654   0x0000005c   Code   RO         2665    i.HAL_Init          stm32h7xx_hal.o
    0x080016b0   0x080016b0   0x00000084   Code   RO          519    i.HAL_InitTick      stm32h7xx_hal_timebase_tim.o
    0x08001734   0x08001734   0x00000024   Code   RO          495    i.HAL_MspInit       stm32h7xx_hal_msp.o
    0x08001758   0x08001758   0x0000001a   Code   RO         2490    i.HAL_NVIC_EnableIRQ  stm32h7xx_hal_cortex.o
    0x08001772   0x08001772   0x00000002   PAD
    0x08001774   0x08001774   0x00000040   Code   RO         2496    i.HAL_NVIC_SetPriority  stm32h7xx_hal_cortex.o
    0x080017b4   0x080017b4   0x00000024   Code   RO         2497    i.HAL_NVIC_SetPriorityGrouping  stm32h7xx_hal_cortex.o
    0x080017d8   0x080017d8   0x00000028   Code   RO          791    i.HAL_PCDEx_ActivateLPM  stm32h7xx_hal_pcd_ex.o
    0x08001800   0x08001800   0x00000002   Code   RO          796    i.HAL_PCDEx_LPM_Callback  stm32h7xx_hal_pcd_ex.o
    0x08001802   0x08001802   0x00000008   Code   RO          797    i.HAL_PCDEx_SetRxFiFo  stm32h7xx_hal_pcd_ex.o
    0x0800180a   0x0800180a   0x00000046   Code   RO          798    i.HAL_PCDEx_SetTxFiFo  stm32h7xx_hal_pcd_ex.o
    0x08001850   0x08001850   0x00000008   Code   RO         6637    i.HAL_PCD_ConnectCallback  usbd_conf.o
    0x08001858   0x08001858   0x00000012   Code   RO         6638    i.HAL_PCD_DataInStageCallback  usbd_conf.o
    0x0800186a   0x0800186a   0x00000014   Code   RO         6639    i.HAL_PCD_DataOutStageCallback  usbd_conf.o
    0x0800187e   0x0800187e   0x00000008   Code   RO         6640    i.HAL_PCD_DisconnectCallback  usbd_conf.o
    0x08001886   0x08001886   0x0000001e   Code   RO          567    i.HAL_PCD_EP_Abort  stm32h7xx_hal_pcd.o
    0x080018a4   0x080018a4   0x0000004a   Code   RO          568    i.HAL_PCD_EP_Close  stm32h7xx_hal_pcd.o
    0x080018ee   0x080018ee   0x0000005a   Code   RO          569    i.HAL_PCD_EP_ClrStall  stm32h7xx_hal_pcd.o
    0x08001948   0x08001948   0x00000012   Code   RO          571    i.HAL_PCD_EP_GetRxCount  stm32h7xx_hal_pcd.o
    0x0800195a   0x0800195a   0x0000005e   Code   RO          572    i.HAL_PCD_EP_Open   stm32h7xx_hal_pcd.o
    0x080019b8   0x080019b8   0x00000034   Code   RO          573    i.HAL_PCD_EP_Receive  stm32h7xx_hal_pcd.o
    0x080019ec   0x080019ec   0x00000072   Code   RO          574    i.HAL_PCD_EP_SetStall  stm32h7xx_hal_pcd.o
    0x08001a5e   0x08001a5e   0x00000034   Code   RO          575    i.HAL_PCD_EP_Transmit  stm32h7xx_hal_pcd.o
    0x08001a92   0x08001a92   0x00000002   PAD
    0x08001a94   0x08001a94   0x00000594   Code   RO          577    i.HAL_PCD_IRQHandler  stm32h7xx_hal_pcd.o
    0x08002028   0x08002028   0x00000008   Code   RO         6641    i.HAL_PCD_ISOINIncompleteCallback  usbd_conf.o
    0x08002030   0x08002030   0x00000008   Code   RO         6642    i.HAL_PCD_ISOOUTIncompleteCallback  usbd_conf.o
    0x08002038   0x08002038   0x000000cc   Code   RO          580    i.HAL_PCD_Init      stm32h7xx_hal_pcd.o
    0x08002104   0x08002104   0x00000064   Code   RO         6644    i.HAL_PCD_MspInit   usbd_conf.o
    0x08002168   0x08002168   0x0000002c   Code   RO         6645    i.HAL_PCD_ResetCallback  usbd_conf.o
    0x08002194   0x08002194   0x00000008   Code   RO         6646    i.HAL_PCD_ResumeCallback  usbd_conf.o
    0x0800219c   0x0800219c   0x00000008   Code   RO         6647    i.HAL_PCD_SOFCallback  usbd_conf.o
    0x080021a4   0x080021a4   0x00000026   Code   RO          586    i.HAL_PCD_SetAddress  stm32h7xx_hal_pcd.o
    0x080021ca   0x080021ca   0x0000000e   Code   RO         6648    i.HAL_PCD_SetupStageCallback  usbd_conf.o
    0x080021d8   0x080021d8   0x00000042   Code   RO          589    i.HAL_PCD_Start     stm32h7xx_hal_pcd.o
    0x0800221a   0x0800221a   0x00000002   PAD
    0x0800221c   0x0800221c   0x00000030   Code   RO         6649    i.HAL_PCD_SuspendCallback  usbd_conf.o
    0x0800224c   0x0800224c   0x00000054   Code   RO         2241    i.HAL_PWREx_ConfigSupply  stm32h7xx_hal_pwr_ex.o
    0x080022a0   0x080022a0   0x00000010   Code   RO         2258    i.HAL_PWREx_EnableUSBVoltageDetector  stm32h7xx_hal_pwr_ex.o
    0x080022b0   0x080022b0   0x00000024   Code   RO         1283    i.HAL_RCCEx_GetD3PCLK1Freq  stm32h7xx_hal_rcc_ex.o
    0x080022d4   0x080022d4   0x00000144   Code   RO         1285    i.HAL_RCCEx_GetPLL2ClockFreq  stm32h7xx_hal_rcc_ex.o
    0x08002418   0x08002418   0x00000144   Code   RO         1286    i.HAL_RCCEx_GetPLL3ClockFreq  stm32h7xx_hal_rcc_ex.o
    0x0800255c   0x0800255c   0x0000093a   Code   RO         1292    i.HAL_RCCEx_PeriphCLKConfig  stm32h7xx_hal_rcc_ex.o
    0x08002e96   0x08002e96   0x00000002   PAD
    0x08002e98   0x08002e98   0x0000025c   Code   RO         1168    i.HAL_RCC_ClockConfig  stm32h7xx_hal_rcc.o
    0x080030f4   0x080030f4   0x0000005c   Code   RO         1172    i.HAL_RCC_GetClockConfig  stm32h7xx_hal_rcc.o
    0x08003150   0x08003150   0x00000044   Code   RO         1173    i.HAL_RCC_GetHCLKFreq  stm32h7xx_hal_rcc.o
    0x08003194   0x08003194   0x00000024   Code   RO         1175    i.HAL_RCC_GetPCLK1Freq  stm32h7xx_hal_rcc.o
    0x080031b8   0x080031b8   0x00000024   Code   RO         1176    i.HAL_RCC_GetPCLK2Freq  stm32h7xx_hal_rcc.o
    0x080031dc   0x080031dc   0x00000138   Code   RO         1177    i.HAL_RCC_GetSysClockFreq  stm32h7xx_hal_rcc.o
    0x08003314   0x08003314   0x00000526   Code   RO         1180    i.HAL_RCC_OscConfig  stm32h7xx_hal_rcc.o
    0x0800383a   0x0800383a   0x00000002   Code   RO         4297    i.HAL_TIMEx_Break2Callback  stm32h7xx_hal_tim_ex.o
    0x0800383c   0x0800383c   0x00000002   Code   RO         4298    i.HAL_TIMEx_BreakCallback  stm32h7xx_hal_tim_ex.o
    0x0800383e   0x0800383e   0x00000002   Code   RO         4299    i.HAL_TIMEx_CommutCallback  stm32h7xx_hal_tim_ex.o
    0x08003840   0x08003840   0x00000062   Code   RO         3583    i.HAL_TIM_Base_Init  stm32h7xx_hal_tim.o
    0x080038a2   0x080038a2   0x00000002   Code   RO         3585    i.HAL_TIM_Base_MspInit  stm32h7xx_hal_tim.o
    0x080038a4   0x080038a4   0x000000a0   Code   RO         3588    i.HAL_TIM_Base_Start_IT  stm32h7xx_hal_tim.o
    0x08003944   0x08003944   0x00000002   Code   RO         3617    i.HAL_TIM_IC_CaptureCallback  stm32h7xx_hal_tim.o
    0x08003946   0x08003946   0x00000148   Code   RO         3631    i.HAL_TIM_IRQHandler  stm32h7xx_hal_tim.o
    0x08003a8e   0x08003a8e   0x00000002   Code   RO         3634    i.HAL_TIM_OC_DelayElapsedCallback  stm32h7xx_hal_tim.o
    0x08003a90   0x08003a90   0x00000002   Code   RO         3661    i.HAL_TIM_PWM_PulseFinishedCallback  stm32h7xx_hal_tim.o
    0x08003a92   0x08003a92   0x00000002   PAD
    0x08003a94   0x08003a94   0x00000014   Code   RO           14    i.HAL_TIM_PeriodElapsedCallback  main.o
    0x08003aa8   0x08003aa8   0x00000002   Code   RO         3674    i.HAL_TIM_TriggerCallback  stm32h7xx_hal_tim.o
    0x08003aaa   0x08003aaa   0x00000040   Code   RO         5020    i.HAL_UARTEx_DisableFifoMode  stm32h7xx_hal_uart_ex.o
    0x08003aea   0x08003aea   0x0000004c   Code   RO         5029    i.HAL_UARTEx_SetRxFifoThreshold  stm32h7xx_hal_uart_ex.o
    0x08003b36   0x08003b36   0x0000004c   Code   RO         5030    i.HAL_UARTEx_SetTxFifoThreshold  stm32h7xx_hal_uart_ex.o
    0x08003b82   0x08003b82   0x0000006a   Code   RO         4629    i.HAL_UART_Init     stm32h7xx_hal_uart.o
    0x08003bec   0x08003bec   0x000001f4   Code   RO          354    i.HAL_UART_MspInit  usart.o
    0x08003de0   0x08003de0   0x00000002   Code   RO          412    i.HardFault_Handler  stm32h7xx_it.o
    0x08003de2   0x08003de2   0x00000002   PAD
    0x08003de4   0x08003de4   0x00000038   Code   RO         6484    i.IntToUnicode      usbd_desc.o
    0x08003e1c   0x08003e1c   0x0000004c   Code   RO          329    i.MX_DMA_Init       dma.o
    0x08003e68   0x08003e68   0x00000054   Code   RO          274    i.MX_FREERTOS_Init  freertos.o
    0x08003ebc   0x08003ebc   0x0000004c   Code   RO          250    i.MX_GPIO_Init      gpio.o
    0x08003f08   0x08003f08   0x00000068   Code   RO          355    i.MX_UART7_Init     usart.o
    0x08003f70   0x08003f70   0x00000068   Code   RO          356    i.MX_USART10_UART_Init  usart.o
    0x08003fd8   0x08003fd8   0x00000068   Code   RO          357    i.MX_USART1_UART_Init  usart.o
    0x08004040   0x08004040   0x00000054   Code   RO         6432    i.MX_USB_DEVICE_Init  usb_device.o
    0x08004094   0x08004094   0x00000002   Code   RO          413    i.MemManage_Handler  stm32h7xx_it.o
    0x08004096   0x08004096   0x00000002   Code   RO          414    i.NMI_Handler       stm32h7xx_it.o
    0x08004098   0x08004098   0x0000000c   Code   RO          415    i.OTG_HS_IRQHandler  stm32h7xx_it.o
    0x080040a4   0x080040a4   0x000000cc   Code   RO          592    i.PCD_EP_OutXfrComplete_int  stm32h7xx_hal_pcd.o
    0x08004170   0x08004170   0x000000a2   Code   RO          593    i.PCD_WriteEmptyTxFifo  stm32h7xx_hal_pcd.o
    0x08004212   0x08004212   0x00000002   PAD
    0x08004214   0x08004214   0x00000120   Code   RO         1295    i.RCCEx_PLL2_Config  stm32h7xx_hal_rcc_ex.o
    0x08004334   0x08004334   0x00000120   Code   RO         1296    i.RCCEx_PLL3_Config  stm32h7xx_hal_rcc_ex.o
    0x08004454   0x08004454   0x0000000a   Code   RO         7011    i.SWAPBYTE          usbd_ctlreq.o
    0x0800445e   0x0800445e   0x0000000c   Code   RO          275    i.StartDefaultTask  freertos.o
    0x0800446a   0x0800446a   0x00000002   PAD
    0x0800446c   0x0800446c   0x0000002c   Code   RO         6353    i.SysTick_Handler   port.o
    0x08004498   0x08004498   0x00000098   Code   RO           15    i.SystemClock_Config  main.o
    0x08004530   0x08004530   0x000000c0   Code   RO         5139    i.SystemInit        system_stm32h7xx.o
    0x080045f0   0x080045f0   0x0000000c   Code   RO          416    i.TIM23_IRQHandler  stm32h7xx_it.o
    0x080045fc   0x080045fc   0x000000e4   Code   RO         3676    i.TIM_Base_SetConfig  stm32h7xx_hal_tim.o
    0x080046e0   0x080046e0   0x00000044   Code   RO         5034    i.UARTEx_SetNbDataToProcess  stm32h7xx_hal_uart_ex.o
    0x08004724   0x08004724   0x000000c8   Code   RO         4643    i.UART_AdvFeatureConfig  stm32h7xx_hal_uart.o
    0x080047ec   0x080047ec   0x000000aa   Code   RO         4644    i.UART_CheckIdleState  stm32h7xx_hal_uart.o
    0x08004896   0x08004896   0x00000002   PAD
    0x08004898   0x08004898   0x00000054   Code   RO         4655    i.UART_EndRxTransfer  stm32h7xx_hal_uart.o
    0x080048ec   0x080048ec   0x000003dc   Code   RO         4661    i.UART_SetConfig    stm32h7xx_hal_uart.o
    0x08004cc8   0x08004cc8   0x00000094   Code   RO         4668    i.UART_WaitOnFlagUntilTimeout  stm32h7xx_hal_uart.o
    0x08004d5c   0x08004d5c   0x00000076   Code   RO         7157    i.USBD_CDC_DataIn   usbd_cdc.o
    0x08004dd2   0x08004dd2   0x0000003c   Code   RO         7158    i.USBD_CDC_DataOut  usbd_cdc.o
    0x08004e0e   0x08004e0e   0x00000002   PAD
    0x08004e10   0x08004e10   0x00000090   Code   RO         7159    i.USBD_CDC_DeInit   usbd_cdc.o
    0x08004ea0   0x08004ea0   0x00000036   Code   RO         7160    i.USBD_CDC_EP0_RxReady  usbd_cdc.o
    0x08004ed6   0x08004ed6   0x00000002   PAD
    0x08004ed8   0x08004ed8   0x0000000c   Code   RO         7161    i.USBD_CDC_GetDeviceQualifierDescriptor  usbd_cdc.o
    0x08004ee4   0x08004ee4   0x00000040   Code   RO         7162    i.USBD_CDC_GetFSCfgDesc  usbd_cdc.o
    0x08004f24   0x08004f24   0x00000040   Code   RO         7163    i.USBD_CDC_GetHSCfgDesc  usbd_cdc.o
    0x08004f64   0x08004f64   0x00000040   Code   RO         7164    i.USBD_CDC_GetOtherSpeedCfgDesc  usbd_cdc.o
    0x08004fa4   0x08004fa4   0x0000011c   Code   RO         7165    i.USBD_CDC_Init     usbd_cdc.o
    0x080050c0   0x080050c0   0x00000038   Code   RO         7166    i.USBD_CDC_ReceivePacket  usbd_cdc.o
    0x080050f8   0x080050f8   0x00000016   Code   RO         7167    i.USBD_CDC_RegisterInterface  usbd_cdc.o
    0x0800510e   0x0800510e   0x0000001a   Code   RO         7168    i.USBD_CDC_SetRxBuffer  usbd_cdc.o
    0x08005128   0x08005128   0x0000001e   Code   RO         7169    i.USBD_CDC_SetTxBuffer  usbd_cdc.o
    0x08005146   0x08005146   0x000000ce   Code   RO         7170    i.USBD_CDC_Setup    usbd_cdc.o
    0x08005214   0x08005214   0x00000014   Code   RO         6848    i.USBD_ClrClassConfig  usbd_core.o
    0x08005228   0x08005228   0x00000004   Code   RO         6849    i.USBD_CoreFindEP   usbd_core.o
    0x0800522c   0x0800522c   0x00000004   Code   RO         6850    i.USBD_CoreFindIF   usbd_core.o
    0x08005230   0x08005230   0x00000010   Code   RO         7093    i.USBD_CtlContinueRx  usbd_ioreq.o
    0x08005240   0x08005240   0x00000010   Code   RO         7094    i.USBD_CtlContinueSendData  usbd_ioreq.o
    0x08005250   0x08005250   0x00000016   Code   RO         7012    i.USBD_CtlError     usbd_ctlreq.o
    0x08005266   0x08005266   0x0000001e   Code   RO         7095    i.USBD_CtlPrepareRx  usbd_ioreq.o
    0x08005284   0x08005284   0x00000016   Code   RO         7096    i.USBD_CtlReceiveStatus  usbd_ioreq.o
    0x0800529a   0x0800529a   0x0000001a   Code   RO         7097    i.USBD_CtlSendData  usbd_ioreq.o
    0x080052b4   0x080052b4   0x00000016   Code   RO         7098    i.USBD_CtlSendStatus  usbd_ioreq.o
    0x080052ca   0x080052ca   0x000000fa   Code   RO         7013    i.USBD_GetDescriptor  usbd_ctlreq.o
    0x080053c4   0x080053c4   0x0000003a   Code   RO         6852    i.USBD_GetEpDesc    usbd_core.o
    0x080053fe   0x080053fe   0x00000014   Code   RO         7014    i.USBD_GetLen       usbd_ctlreq.o
    0x08005412   0x08005412   0x0000000e   Code   RO         6853    i.USBD_GetNextDesc  usbd_core.o
    0x08005420   0x08005420   0x0000004e   Code   RO         7015    i.USBD_GetString    usbd_ctlreq.o
    0x0800546e   0x0800546e   0x00000018   Code   RO         6650    i.USBD_Get_USB_Status  usbd_conf.o
    0x08005486   0x08005486   0x00000002   PAD
    0x08005488   0x08005488   0x00000020   Code   RO         6485    i.USBD_HS_ConfigStrDescriptor  usbd_desc.o
    0x080054a8   0x080054a8   0x0000000c   Code   RO         6486    i.USBD_HS_DeviceDescriptor  usbd_desc.o
    0x080054b4   0x080054b4   0x00000024   Code   RO         6487    i.USBD_HS_InterfaceStrDescriptor  usbd_desc.o
    0x080054d8   0x080054d8   0x0000000c   Code   RO         6488    i.USBD_HS_LangIDStrDescriptor  usbd_desc.o
    0x080054e4   0x080054e4   0x00000028   Code   RO         6489    i.USBD_HS_ManufacturerStrDescriptor  usbd_desc.o
    0x0800550c   0x0800550c   0x0000002c   Code   RO         6490    i.USBD_HS_ProductStrDescriptor  usbd_desc.o
    0x08005538   0x08005538   0x0000003c   Code   RO         6491    i.USBD_HS_SerialStrDescriptor  usbd_desc.o
    0x08005574   0x08005574   0x00000026   Code   RO         6854    i.USBD_Init         usbd_core.o
    0x0800559a   0x0800559a   0x00000012   Code   RO         6651    i.USBD_LL_ClearStallEP  usbd_conf.o
    0x080055ac   0x080055ac   0x00000012   Code   RO         6652    i.USBD_LL_CloseEP   usbd_conf.o
    0x080055be   0x080055be   0x000000b8   Code   RO         6855    i.USBD_LL_DataInStage  usbd_core.o
    0x08005676   0x08005676   0x00000090   Code   RO         6856    i.USBD_LL_DataOutStage  usbd_core.o
    0x08005706   0x08005706   0x00000004   Code   RO         6857    i.USBD_LL_DevConnected  usbd_core.o
    0x0800570a   0x0800570a   0x00000020   Code   RO         6858    i.USBD_LL_DevDisconnected  usbd_core.o
    0x0800572a   0x0800572a   0x00000008   Code   RO         6656    i.USBD_LL_GetRxDataSize  usbd_conf.o
    0x08005732   0x08005732   0x00000002   PAD
    0x08005734   0x08005734   0x00000068   Code   RO         6657    i.USBD_LL_Init      usbd_conf.o
    0x0800579c   0x0800579c   0x0000001e   Code   RO         6658    i.USBD_LL_IsStallEP  usbd_conf.o
    0x080057ba   0x080057ba   0x00000028   Code   RO         6859    i.USBD_LL_IsoINIncomplete  usbd_core.o
    0x080057e2   0x080057e2   0x00000028   Code   RO         6860    i.USBD_LL_IsoOUTIncomplete  usbd_core.o
    0x0800580a   0x0800580a   0x00000018   Code   RO         6659    i.USBD_LL_OpenEP    usbd_conf.o
    0x08005822   0x08005822   0x00000012   Code   RO         6660    i.USBD_LL_PrepareReceive  usbd_conf.o
    0x08005834   0x08005834   0x0000005e   Code   RO         6861    i.USBD_LL_Reset     usbd_core.o
    0x08005892   0x08005892   0x00000014   Code   RO         6862    i.USBD_LL_Resume    usbd_core.o
    0x080058a6   0x080058a6   0x0000001a   Code   RO         6863    i.USBD_LL_SOF       usbd_core.o
    0x080058c0   0x080058c0   0x00000006   Code   RO         6864    i.USBD_LL_SetSpeed  usbd_core.o
    0x080058c6   0x080058c6   0x00000012   Code   RO         6661    i.USBD_LL_SetUSBAddress  usbd_conf.o
    0x080058d8   0x080058d8   0x00000060   Code   RO         6865    i.USBD_LL_SetupStage  usbd_core.o
    0x08005938   0x08005938   0x00000012   Code   RO         6662    i.USBD_LL_StallEP   usbd_conf.o
    0x0800594a   0x0800594a   0x00000012   Code   RO         6663    i.USBD_LL_Start     usbd_conf.o
    0x0800595c   0x0800595c   0x0000001a   Code   RO         6866    i.USBD_LL_Suspend   usbd_core.o
    0x08005976   0x08005976   0x00000012   Code   RO         6665    i.USBD_LL_Transmit  usbd_conf.o
    0x08005988   0x08005988   0x0000002a   Code   RO         7016    i.USBD_ParseSetupRequest  usbd_ctlreq.o
    0x080059b2   0x080059b2   0x0000003a   Code   RO         6867    i.USBD_RegisterClass  usbd_core.o
    0x080059ec   0x080059ec   0x00000014   Code   RO         6869    i.USBD_SetClassConfig  usbd_core.o
    0x08005a00   0x08005a00   0x000000bc   Code   RO         7017    i.USBD_SetConfig    usbd_ctlreq.o
    0x08005abc   0x08005abc   0x00000004   Code   RO         6870    i.USBD_Start        usbd_core.o
    0x08005ac0   0x08005ac0   0x0000012e   Code   RO         7018    i.USBD_StdDevReq    usbd_ctlreq.o
    0x08005bee   0x08005bee   0x00000164   Code   RO         7019    i.USBD_StdEPReq     usbd_ctlreq.o
    0x08005d52   0x08005d52   0x00000074   Code   RO         7020    i.USBD_StdItfReq    usbd_ctlreq.o
    0x08005dc6   0x08005dc6   0x00000002   Code   RO         6666    i.USBD_static_free  usbd_conf.o
    0x08005dc8   0x08005dc8   0x00000008   Code   RO         6667    i.USBD_static_malloc  usbd_conf.o
    0x08005dd0   0x08005dd0   0x00000080   Code   RO          863    i.USB_ActivateEndpoint  stm32h7xx_ll_usb.o
    0x08005e50   0x08005e50   0x0000001c   Code   RO          865    i.USB_ActivateSetup  stm32h7xx_ll_usb.o
    0x08005e6c   0x08005e6c   0x00000098   Code   RO          867    i.USB_CoreInit      stm32h7xx_ll_usb.o
    0x08005f04   0x08005f04   0x0000003c   Code   RO          868    i.USB_CoreReset     stm32h7xx_ll_usb.o
    0x08005f40   0x08005f40   0x000000cc   Code   RO          871    i.USB_DeactivateEndpoint  stm32h7xx_ll_usb.o
    0x0800600c   0x0800600c   0x0000001c   Code   RO          872    i.USB_DevConnect    stm32h7xx_ll_usb.o
    0x08006028   0x08006028   0x0000001c   Code   RO          873    i.USB_DevDisconnect  stm32h7xx_ll_usb.o
    0x08006044   0x08006044   0x0000016c   Code   RO          874    i.USB_DevInit       stm32h7xx_ll_usb.o
    0x080061b0   0x080061b0   0x0000000c   Code   RO          875    i.USB_DisableGlobalInt  stm32h7xx_ll_usb.o
    0x080061bc   0x080061bc   0x00000058   Code   RO          878    i.USB_EP0_OutStart  stm32h7xx_ll_usb.o
    0x08006214   0x08006214   0x00000058   Code   RO          879    i.USB_EPClearStall  stm32h7xx_ll_usb.o
    0x0800626c   0x0800626c   0x00000058   Code   RO          880    i.USB_EPSetStall    stm32h7xx_ll_usb.o
    0x080062c4   0x080062c4   0x00000238   Code   RO          881    i.USB_EPStartXfer   stm32h7xx_ll_usb.o
    0x080064fc   0x080064fc   0x0000009e   Code   RO          882    i.USB_EPStopXfer    stm32h7xx_ll_usb.o
    0x0800659a   0x0800659a   0x0000000c   Code   RO          883    i.USB_EnableGlobalInt  stm32h7xx_ll_usb.o
    0x080065a6   0x080065a6   0x00000038   Code   RO          884    i.USB_FlushRxFifo   stm32h7xx_ll_usb.o
    0x080065de   0x080065de   0x0000003c   Code   RO          885    i.USB_FlushTxFifo   stm32h7xx_ll_usb.o
    0x0800661a   0x0800661a   0x0000001a   Code   RO          887    i.USB_GetDevSpeed   stm32h7xx_ll_usb.o
    0x08006634   0x08006634   0x00000008   Code   RO          889    i.USB_GetMode       stm32h7xx_ll_usb.o
    0x0800663c   0x0800663c   0x0000000e   Code   RO          897    i.USB_ReadDevAllInEpInterrupt  stm32h7xx_ll_usb.o
    0x0800664a   0x0800664a   0x0000000e   Code   RO          898    i.USB_ReadDevAllOutEpInterrupt  stm32h7xx_ll_usb.o
    0x08006658   0x08006658   0x00000024   Code   RO          899    i.USB_ReadDevInEPInterrupt  stm32h7xx_ll_usb.o
    0x0800667c   0x0800667c   0x00000010   Code   RO          900    i.USB_ReadDevOutEPInterrupt  stm32h7xx_ll_usb.o
    0x0800668c   0x0800668c   0x00000008   Code   RO          901    i.USB_ReadInterrupts  stm32h7xx_ll_usb.o
    0x08006694   0x08006694   0x00000040   Code   RO          902    i.USB_ReadPacket    stm32h7xx_ll_usb.o
    0x080066d4   0x080066d4   0x0000005e   Code   RO          904    i.USB_SetCurrentMode  stm32h7xx_ll_usb.o
    0x08006732   0x08006732   0x00000022   Code   RO          905    i.USB_SetDevAddress  stm32h7xx_ll_usb.o
    0x08006754   0x08006754   0x000000e8   Code   RO          907    i.USB_SetTurnaroundTime  stm32h7xx_ll_usb.o
    0x0800683c   0x0800683c   0x00000028   Code   RO          910    i.USB_WritePacket   stm32h7xx_ll_usb.o
    0x08006864   0x08006864   0x00000002   Code   RO          417    i.UsageFault_Handler  stm32h7xx_it.o
    0x08006866   0x08006866   0x00000022   Code   RO         2503    i.__NVIC_SetPriority  stm32h7xx_hal_cortex.o
    0x08006888   0x08006888   0x00000008   Code   RO          276    i.arm_task          freertos.o
    0x08006890   0x08006890   0x00000008   Code   RO          277    i.imu_task          freertos.o
    0x08006898   0x08006898   0x00000026   Code   RO           16    i.main              main.o
    0x080068be   0x080068be   0x0000000e   Code   RO         5918    i.makeFreeRtosPriority  cmsis_os.o
    0x080068cc   0x080068cc   0x0000000e   Code   RO         5920    i.osDelay           cmsis_os.o
    0x080068da   0x080068da   0x0000000a   Code   RO         5923    i.osKernelStart     cmsis_os.o
    0x080068e4   0x080068e4   0x0000002e   Code   RO         5957    i.osThreadCreate    cmsis_os.o
    0x08006912   0x08006912   0x00000002   PAD
    0x08006914   0x08006914   0x00000070   Code   RO         5606    i.prvAddCurrentTaskToDelayedList  tasks.o
    0x08006984   0x08006984   0x000000d0   Code   RO         5607    i.prvAddNewTaskToReadyList  tasks.o
    0x08006a54   0x08006a54   0x00000014   Code   RO         5608    i.prvDeleteTCB      tasks.o
    0x08006a68   0x08006a68   0x00000050   Code   RO         6285    i.prvHeapInit       heap_4.o
    0x08006ab8   0x08006ab8   0x00000060   Code   RO         5609    i.prvIdleTask       tasks.o
    0x08006b18   0x08006b18   0x0000009a   Code   RO         5610    i.prvInitialiseNewTask  tasks.o
    0x08006bb2   0x08006bb2   0x00000002   PAD
    0x08006bb4   0x08006bb4   0x0000004c   Code   RO         6286    i.prvInsertBlockIntoFreeList  heap_4.o
    0x08006c00   0x08006c00   0x00000020   Code   RO         5611    i.prvResetNextTaskUnblockTime  tasks.o
    0x08006c20   0x08006c20   0x00000028   Code   RO         6354    i.prvTaskExitError  port.o
    0x08006c48   0x08006c48   0x000000dc   Code   RO         6287    i.pvPortMalloc      heap_4.o
    0x08006d24   0x08006d24   0x00000030   Code   RO         6355    i.pxPortInitialiseStack  port.o
    0x08006d54   0x08006d54   0x00000026   Code   RO         5270    i.uxListRemove      list.o
    0x08006d7a   0x08006d7a   0x00000016   Code   RO         5271    i.vListInitialise   list.o
    0x08006d90   0x08006d90   0x00000006   Code   RO         5272    i.vListInitialiseItem  list.o
    0x08006d96   0x08006d96   0x00000030   Code   RO         5273    i.vListInsert       list.o
    0x08006dc6   0x08006dc6   0x00000018   Code   RO         5274    i.vListInsertEnd    list.o
    0x08006dde   0x08006dde   0x00000002   PAD
    0x08006de0   0x08006de0   0x00000040   Code   RO         6357    i.vPortEnterCritical  port.o
    0x08006e20   0x08006e20   0x00000028   Code   RO         6358    i.vPortExitCritical  port.o
    0x08006e48   0x08006e48   0x00000064   Code   RO         6288    i.vPortFree         heap_4.o
    0x08006eac   0x08006eac   0x00000024   Code   RO         6359    i.vPortSetupTimerInterrupt  port.o
    0x08006ed0   0x08006ed0   0x0000004c   Code   RO         5620    i.vTaskDelay        tasks.o
    0x08006f1c   0x08006f1c   0x00000068   Code   RO         5633    i.vTaskStartScheduler  tasks.o
    0x08006f84   0x08006f84   0x00000010   Code   RO         5635    i.vTaskSuspendAll   tasks.o
    0x08006f94   0x08006f94   0x0000005c   Code   RO         5636    i.vTaskSwitchContext  tasks.o
    0x08006ff0   0x08006ff0   0x000000f4   Code   RO         6361    i.xPortStartScheduler  port.o
    0x080070e4   0x080070e4   0x00000056   Code   RO         5639    i.xTaskCreate       tasks.o
    0x0800713a   0x0800713a   0x00000002   PAD
    0x0800713c   0x0800713c   0x000000cc   Code   RO         5646    i.xTaskIncrementTick  tasks.o
    0x08007208   0x08007208   0x000000c4   Code   RO         5652    i.xTaskResumeAll    tasks.o
    0x080072cc   0x080072cc   0x0000000a   Code   RO         7389    x$fpl$fpinit        fz_wv.l(fpinit.o)
    0x080072d6   0x080072d6   0x00000002   PAD
    0x080072d8   0x080072d8   0x0000003c   Data   RO          278    .constdata          freertos.o
    0x08007314   0x08007314   0x00000008   Data   RO         1804    .constdata          stm32h7xx_hal_dma.o
    0x0800731c   0x0800731c   0x00000018   Data   RO         4669    .constdata          stm32h7xx_hal_uart.o
    0x08007334   0x08007334   0x00000010   Data   RO         5035    .constdata          stm32h7xx_hal_uart_ex.o
    0x08007344   0x08007344   0x00000010   Data   RO         5140    .constdata          system_stm32h7xx.o
    0x08007354   0x08007354   0x00000024   Data   RO          279    .conststring        freertos.o
    0x08007378   0x08007378   0x00000020   Data   RO         7445    Region$$Table       anon$$obj.o


    Execution Region RW_IRAM1 (Exec base: 0x20000000, Load base: 0x08007398, Size: 0x00000000, Max: 0x00020000, ABSOLUTE)

    **** No section assigned to this execution region ****


    Execution Region RW_IRAM2 (Exec base: 0x24000000, Load base: 0x08007398, Size: 0x0000a430, Max: 0x00050000, ABSOLUTE, COMPRESSED[0x000000c8])

    Exec Addr    Load Addr    Size         Type   Attr      Idx    E Section Name        Object

    0x24000000   COMPRESSED   0x0000000c   Data   RW          280    .data               freertos.o
    0x2400000c   COMPRESSED   0x0000000c   Data   RW         2689    .data               stm32h7xx_hal.o
    0x24000018   COMPRESSED   0x00000008   Data   RW         5141    .data               system_stm32h7xx.o
    0x24000020   COMPRESSED   0x0000003c   Data   RW         5655    .data               tasks.o
    0x2400005c   COMPRESSED   0x00000020   Data   RW         6294    .data               heap_4.o
    0x2400007c   COMPRESSED   0x0000000c   Data   RW         6362    .data               port.o
    0x24000088   COMPRESSED   0x00000020   Data   RW         6494    .data               usbd_desc.o
    0x240000a8   COMPRESSED   0x0000003e   Data   RW         6495    .data               usbd_desc.o
    0x240000e6   COMPRESSED   0x00000002   PAD
    0x240000e8   COMPRESSED   0x00000014   Data   RW         6583    .data               usbd_cdc_if.o
    0x240000fc   COMPRESSED   0x00000001   Data   RW         7021    .data               usbd_ctlreq.o
    0x240000fd   COMPRESSED   0x00000003   PAD
    0x24000100   COMPRESSED   0x00000053   Data   RW         7172    .data               usbd_cdc.o
    0x24000153   COMPRESSED   0x00000001   PAD
    0x24000154   COMPRESSED   0x00000038   Data   RW         7173    .data               usbd_cdc.o
    0x2400018c        -       0x00000324   Zero   RW          358    .bss                usart.o
    0x240004b0        -       0x0000004c   Zero   RW          522    .bss                stm32h7xx_hal_timebase_tim.o
    0x240004fc        -       0x000000f0   Zero   RW         5654    .bss                tasks.o
    0x240005ec        -       0x00007800   Zero   RW         6293    .bss                heap_4.o
    0x24007dec        -       0x000002dc   Zero   RW         6433    .bss                usb_device.o
    0x240080c8        -       0x00000200   Zero   RW         6493    .bss                usbd_desc.o
    0x240082c8        -       0x00001000   Zero   RW         6582    .bss                usbd_cdc_if.o
    0x240092c8        -       0x00000704   Zero   RW         6668    .bss                usbd_conf.o
    0x240099cc        -       0x00000060   Zero   RW         7319    .bss                c_w.l(libspace.o)
    0x24009a2c   COMPRESSED   0x00000004   PAD
    0x24009a30        -       0x00000200   Zero   RW            2    HEAP                startup_stm32h723xx.o
    0x24009c30        -       0x00000800   Zero   RW            1    STACK               startup_stm32h723xx.o


==============================================================================

Image component sizes


      Code (inc. data)   RO Data    RW Data    ZI Data      Debug   Object Name

        84          0          0          0          0      13081   cmsis_os.o
        76          4          0          0          0        922   dma.o
         0          0          0          0          0       7636   event_groups.o
       112         10         96         12          0       3002   freertos.o
        76          6          0          0          0        991   gpio.o
       476         24          0         32      30720       7591   heap_4.o
       138          0          0          0          0       3718   list.o
       214         12          0          0          0    1214208   main.o
       706         74          0         12          0      11168   port.o
        64         26        716          0       2560        848   startup_stm32h723xx.o
       156         32          0         12          0      23026   stm32h7xx_hal.o
       160         12          0          0          0      38858   stm32h7xx_hal_cortex.o
      3260        106          8          0          0       7976   stm32h7xx_hal_dma.o
       540         44          0          0          0       1664   stm32h7xx_hal_gpio.o
        36          4          0          0          0        962   stm32h7xx_hal_msp.o
      2626         16          0          0          0      13904   stm32h7xx_hal_pcd.o
       120          6          0          0          0       3327   stm32h7xx_hal_pcd_ex.o
       100         10          0          0          0       1366   stm32h7xx_hal_pwr_ex.o
      2466        110          0          0          0       7889   stm32h7xx_hal_rcc.o
      3622        112          0          0          0       7849   stm32h7xx_hal_rcc_ex.o
       824         82          0          0          0       7748   stm32h7xx_hal_tim.o
         6          0          0          0          0       2376   stm32h7xx_hal_tim_ex.o
       132         22          0          0         76       1600   stm32h7xx_hal_timebase_tim.o
      1696        122         24          0          0      25778   stm32h7xx_hal_uart.o
       284          6         16          0          0       3849   stm32h7xx_hal_uart_ex.o
        72         30          0          0          0       5218   stm32h7xx_it.o
      2708        118          0          0          0      23564   stm32h7xx_ll_usb.o
       192         34         16          8          0       1526   system_stm32h7xx.o
      1396        110          0         60        240      18142   tasks.o
       812         66          0          0        804       3773   usart.o
        84         18          0          0        732       2627   usb_device.o
      1204         36          0        139          0      13871   usbd_cdc.o
        72         16          0         20       4096       3398   usbd_cdc_if.o
       618         26          0          0       1796      17040   usbd_conf.o
       932          0          0          0          0      15695   usbd_core.o
      1384         22          0          1          0      15704   usbd_ctlreq.o
       292        106          0         94        512       6461   usbd_desc.o
       132          0          0          0          0       4704   usbd_ioreq.o

    ----------------------------------------------------------------------
     27910       1422        908        396      41536    1543060   Object Totals
         0          0         32          0          0          0   (incl. Generated)
        38          0          0          6          0          0   (incl. Padding)

    ----------------------------------------------------------------------

      Code (inc. data)   RO Data    RW Data    ZI Data      Debug   Library Member Name

        90          0          0          0          0          0   __dczerorl2.o
         8          0          0          0          0         68   __main.o
         0          0          0          0          0          0   __rtentry.o
        12          0          0          0          0          0   __rtentry2.o
         6          0          0          0          0          0   __rtentry4.o
        52          8          0          0          0          0   __scatter.o
        28          0          0          0          0          0   __scatter_zi.o
        18          0          0          0          0         80   exit.o
         6          0          0          0          0        152   heapauxi.o
         0          0          0          0          0          0   indicate_semi.o
         2          0          0          0          0          0   libinit.o
         6          0          0          0          0          0   libinit2.o
         2          0          0          0          0          0   libshutdown.o
         2          0          0          0          0          0   libshutdown2.o
         8          4          0          0         96         68   libspace.o
       238          0          0          0          0        100   lludivv7m.o
        78          0          0          0          0         80   rt_memclr_w.o
       100          0          0          0          0         80   rt_memcpy_w.o
         2          0          0          0          0          0   rtexit.o
        10          0          0          0          0          0   rtexit2.o
        12          4          0          0          0         68   sys_exit.o
        74          0          0          0          0         80   sys_stackheap_outer.o
         2          0          0          0          0         68   use_no_semi.o
        10          0          0          0          0        116   fpinit.o

    ----------------------------------------------------------------------
       774         16          0          0        100        960   Library Totals
         8          0          0          0          4          0   (incl. Padding)

    ----------------------------------------------------------------------

      Code (inc. data)   RO Data    RW Data    ZI Data      Debug   Library Name

       756         16          0          0         96        844   c_w.l
        10          0          0          0          0        116   fz_wv.l

    ----------------------------------------------------------------------
       774         16          0          0        100        960   Library Totals

    ----------------------------------------------------------------------

==============================================================================


      Code (inc. data)   RO Data    RW Data    ZI Data      Debug   

     28684       1438        908        396      41636    1519508   Grand Totals
     28684       1438        908        200      41636    1519508   ELF Image Totals (compressed)
     28684       1438        908        200          0          0   ROM Totals

==============================================================================

    Total RO  Size (Code + RO Data)                29592 (  28.90kB)
    Total RW  Size (RW Data + ZI Data)             42032 (  41.05kB)
    Total ROM Size (Code + RO Data + RW Data)      29792 (  29.09kB)

==============================================================================

